Component: ARM Compiler 5.06 update 7 (build 960) Tool: armlink [4d3601]

==============================================================================

Section Cross References

    startup_stm32f103xb.o(RESET) refers to startup_stm32f103xb.o(STACK) for __initial_sp
    startup_stm32f103xb.o(RESET) refers to startup_stm32f103xb.o(.text) for Reset_Handler
    startup_stm32f103xb.o(RESET) refers to stm32f1xx_it.o(i.NMI_Handler) for NMI_Handler
    startup_stm32f103xb.o(RESET) refers to stm32f1xx_it.o(i.HardFault_Handler) for HardFault_Handler
    startup_stm32f103xb.o(RESET) refers to stm32f1xx_it.o(i.MemManage_Handler) for MemManage_Handler
    startup_stm32f103xb.o(RESET) refers to stm32f1xx_it.o(i.BusFault_Handler) for BusFault_Handler
    startup_stm32f103xb.o(RESET) refers to stm32f1xx_it.o(i.UsageFault_Handler) for UsageFault_Handler
    startup_stm32f103xb.o(RESET) refers to stm32f1xx_it.o(i.SVC_Handler) for SVC_Handler
    startup_stm32f103xb.o(RESET) refers to stm32f1xx_it.o(i.DebugMon_Handler) for DebugMon_Handler
    startup_stm32f103xb.o(RESET) refers to stm32f1xx_it.o(i.PendSV_Handler) for PendSV_Handler
    startup_stm32f103xb.o(RESET) refers to stm32f1xx_it.o(i.SysTick_Handler) for SysTick_Handler
    startup_stm32f103xb.o(.text) refers to system_stm32f1xx.o(i.SystemInit) for SystemInit
    startup_stm32f103xb.o(.text) refers to entry.o(.ARM.Collect$$$$00000000) for __main
    main.o(i.SystemClock_Config) refers to memseta.o(.text) for __aeabi_memclr4
    main.o(i.SystemClock_Config) refers to stm32f1xx_hal_rcc.o(i.HAL_RCC_OscConfig) for HAL_RCC_OscConfig
    main.o(i.SystemClock_Config) refers to stm32f1xx_hal_rcc.o(i.HAL_RCC_ClockConfig) for HAL_RCC_ClockConfig
    main.o(i.main) refers to stm32f1xx_hal.o(i.HAL_Init) for HAL_Init
    main.o(i.main) refers to main.o(i.SystemClock_Config) for SystemClock_Config
    main.o(i.main) refers to gpio.o(i.MX_GPIO_Init) for MX_GPIO_Init
    main.o(i.main) refers to i2c.o(i.MX_I2C1_Init) for MX_I2C1_Init
    main.o(i.main) refers to i2c.o(i.MX_I2C2_Init) for MX_I2C2_Init
    main.o(i.main) refers to oled.o(i.OLED_Init) for OLED_Init
    main.o(i.main) refers to mpu9250.o(i.MPU9250_Init) for MPU9250_Init
    main.o(i.main) refers to oled.o(i.OLED_Show_Para) for OLED_Show_Para
    main.o(i.main) refers to mpu9250.o(i.mpu9250_Start) for mpu9250_Start
    i2c.o(i.HAL_I2C_MspDeInit) refers to stm32f1xx_hal_gpio.o(i.HAL_GPIO_DeInit) for HAL_GPIO_DeInit
    i2c.o(i.HAL_I2C_MspInit) refers to stm32f1xx_hal_gpio.o(i.HAL_GPIO_Init) for HAL_GPIO_Init
    i2c.o(i.MX_I2C1_Init) refers to stm32f1xx_hal_i2c.o(i.HAL_I2C_Init) for HAL_I2C_Init
    i2c.o(i.MX_I2C1_Init) refers to main.o(i.Error_Handler) for Error_Handler
    i2c.o(i.MX_I2C1_Init) refers to i2c.o(.bss) for .bss
    i2c.o(i.MX_I2C2_Init) refers to stm32f1xx_hal_i2c.o(i.HAL_I2C_Init) for HAL_I2C_Init
    i2c.o(i.MX_I2C2_Init) refers to main.o(i.Error_Handler) for Error_Handler
    i2c.o(i.MX_I2C2_Init) refers to i2c.o(.bss) for .bss
    stm32f1xx_it.o(i.SysTick_Handler) refers to stm32f1xx_hal.o(i.HAL_IncTick) for HAL_IncTick
    oled.o(i.OLED_Clear) refers to oled.o(i.OLED_WR_CMD) for OLED_WR_CMD
    oled.o(i.OLED_Clear) refers to oled.o(i.OLED_WR_DATA) for OLED_WR_DATA
    oled.o(i.OLED_Display_Off) refers to oled.o(i.OLED_WR_CMD) for OLED_WR_CMD
    oled.o(i.OLED_Display_On) refers to oled.o(i.OLED_WR_CMD) for OLED_WR_CMD
    oled.o(i.OLED_Draw12864BMP) refers to oled.o(i.OLED_Set_Pos) for OLED_Set_Pos
    oled.o(i.OLED_Draw12864BMP) refers to oled.o(i.OLED_WR_DATA) for OLED_WR_DATA
    oled.o(i.OLED_Init) refers to stm32f1xx_hal.o(i.HAL_Delay) for HAL_Delay
    oled.o(i.OLED_Init) refers to oled.o(i.WriteCmd) for WriteCmd
    oled.o(i.OLED_On) refers to oled.o(i.OLED_WR_CMD) for OLED_WR_CMD
    oled.o(i.OLED_On) refers to oled.o(i.OLED_WR_DATA) for OLED_WR_DATA
    oled.o(i.OLED_Set_Pos) refers to oled.o(i.OLED_WR_CMD) for OLED_WR_CMD
    oled.o(i.OLED_ShowCHinese) refers to oled.o(i.OLED_Set_Pos) for OLED_Set_Pos
    oled.o(i.OLED_ShowCHinese) refers to oled.o(i.OLED_WR_DATA) for OLED_WR_DATA
    oled.o(i.OLED_ShowCHinese) refers to oled.o(.constdata) for .constdata
    oled.o(i.OLED_ShowChar) refers to oled.o(i.OLED_Set_Pos) for OLED_Set_Pos
    oled.o(i.OLED_ShowChar) refers to oled.o(i.OLED_WR_DATA) for OLED_WR_DATA
    oled.o(i.OLED_ShowChar) refers to oled.o(.constdata) for .constdata
    oled.o(i.OLED_ShowNum) refers to oled.o(i.oled_pow) for oled_pow
    oled.o(i.OLED_ShowNum) refers to oled.o(i.OLED_ShowChar) for OLED_ShowChar
    oled.o(i.OLED_ShowString) refers to oled.o(i.OLED_ShowChar) for OLED_ShowChar
    oled.o(i.OLED_Show_Para) refers to oled.o(i.OLED_Clear) for OLED_Clear
    oled.o(i.OLED_Show_Para) refers to oled.o(i.OLED_ShowCHinese) for OLED_ShowCHinese
    oled.o(i.OLED_Show_Para) refers to oled.o(i.OLED_ShowString) for OLED_ShowString
    oled.o(i.OLED_Show_info) refers to oled.o(i.OLED_Clear) for OLED_Clear
[...]
    inv_get_fast_nomot_compass_param         0x080022c5   Thumb Code    18  fast_no_motion.o(.text)
    inv_get_fast_nomot_accel_param           0x080022d7   Thumb Code    18  fast_no_motion.o(.text)
    inv_fast_nomot_store_data                0x080022e9   Thumb Code   140  fast_no_motion.o(.text)
    inv_fast_nomot_store_data_compass        0x08002375   Thumb Code    74  fast_no_motion.o(.text)
    inv_fast_nomot_reset_data_compass        0x080023bf   Thumb Code    36  fast_no_motion.o(.text)
    inv_fast_nomot_get_time_elaps            0x080023e3   Thumb Code     8  fast_no_motion.o(.text)
    inv_fast_nomot_parameter_compass         0x080023eb   Thumb Code    22  fast_no_motion.o(.text)
    inv_get_right_shift_by_rounding          0x08002401   Thumb Code    76  fast_no_motion.o(.text)
    inv_reset_min_max_gyro_accel_statistics  0x0800244d   Thumb Code    38  fast_no_motion.o(.text)
    inv_record_max_moment_in_no_motion_gyro  0x08002473   Thumb Code    32  fast_no_motion.o(.text)
    inv_record_max_moment_in_no_motion_accel 0x08002493   Thumb Code    32  fast_no_motion.o(.text)
    inv_record_min_moment_in_motion_gyro     0x080024b3   Thumb Code    34  fast_no_motion.o(.text)
    inv_record_min_moment_in_motion_accel    0x080024d5   Thumb Code    34  fast_no_motion.o(.text)
    inv_detect_motion_by_gyro_accel          0x080024f7   Thumb Code   214  fast_no_motion.o(.text)
    inv_sensor_data_preprocess               0x080025cd   Thumb Code   132  fast_no_motion.o(.text)
    inv_generate_fast_nomot                  0x08002651   Thumb Code   498  fast_no_motion.o(.text)
    inv_set_default_number_of_samples        0x08002843   Thumb Code    56  fast_no_motion.o(.text)
    inv_init_fast_nomot                      0x0800287b   Thumb Code    78  fast_no_motion.o(.text)
    inv_start_fast_nomot                     0x080028c9   Thumb Code    56  fast_no_motion.o(.text)
    inv_stop_fast_nomot                      0x08002901   Thumb Code    20  fast_no_motion.o(.text)
    inv_enable_fast_nomot                    0x08002915   Thumb Code    24  fast_no_motion.o(.text)
    inv_disable_fast_nomot                   0x0800292d   Thumb Code    18  fast_no_motion.o(.text)
    inv_get_fnm_gyro_no_motion_param         0x0800293f   Thumb Code     8  fast_no_motion.o(.text)
    inv_fnm_debug_print                      0x08002947   Thumb Code     2  fast_no_motion.o(.text)
    inv_filter_correction_angle              0x08002979   Thumb Code   364  fusion_9axis.o(.text)
    inv_perform_9x_fusion                    0x08002ae5   Thumb Code   840  fusion_9axis.o(.text)
    inv_process_9x_sensor_fusion_cb          0x08002e2d   Thumb Code   120  fusion_9axis.o(.text)
    inv_init_9x_fusion                       0x08002ea5   Thumb Code    50  fusion_9axis.o(.text)
    inv_9x_fusion_set_mag_fb                 0x08002ed7   Thumb Code    10  fusion_9axis.o(.text)
    inv_9x_fusion_enable_jitter_reduction    0x08002ee1   Thumb Code    10  fusion_9axis.o(.text)
    inv_9x_fusion_use_timestamps             0x08002eeb   Thumb Code    10  fusion_9axis.o(.text)
    inv_start_9x_sensor_fusion               0x08002ef5   Thumb Code    14  fusion_9axis.o(.text)
    inv_stop_9x_sensor_fusion                0x08002f03   Thumb Code     8  fusion_9axis.o(.text)
    inv_enable_9x_sensor_fusion              0x08002f0b   Thumb Code    30  fusion_9axis.o(.text)
    inv_disable_9x_sensor_fusion             0x08002f29   Thumb Code     8  fusion_9axis.o(.text)
    inv_init_gyro_ts                         0x0800334f   Thumb Code    46  gyro_tc.o(.text)
    inv_set_gtc_max_temp                     0x0800337d   Thumb Code    10  gyro_tc.o(.text)
    inv_set_gtc_min_temp                     0x08003387   Thumb Code    10  gyro_tc.o(.text)
    inv_set_gtc_min_diff                     0x08003391   Thumb Code    10  gyro_tc.o(.text)
    inv_get_gyro_ts                          0x0800339b   Thumb Code    30  gyro_tc.o(.text)
    inv_set_gyro_ts                          0x080033b9   Thumb Code    16  gyro_tc.o(.text)
    inv_set_gtc_order                        0x080033c9   Thumb Code    16  gyro_tc.o(.text)
    inv_print_gtc_data                       0x080033d9   Thumb Code    62  gyro_tc.o(.text)
    inv_start_gyro_tc                        0x08003417   Thumb Code    10  gyro_tc.o(.text)
    inv_stop_gyro_tc                         0x08003421   Thumb Code     6  gyro_tc.o(.text)
    inv_enable_gyro_tc                       0x08003427   Thumb Code    48  gyro_tc.o(.text)
    inv_disable_gyro_tc                      0x08003457   Thumb Code    40  gyro_tc.o(.text)
    inv_set_magnetic_disturbance             0x08003491   Thumb Code    16  mag_disturb.o(.text)
    inv_init_magnetic_disturbance            0x080034a1   Thumb Code    50  mag_disturb.o(.text)
    MagDisturbSetDisturbance                 0x080034d3   Thumb Code    98  mag_disturb.o(.text)
    MagDisturbCheckSettling                  0x08003535   Thumb Code    54  mag_disturb.o(.text)
    ComputeAngleVelocity                     0x0800356b   Thumb Code    94  mag_disturb.o(.text)
    inv_disable_dip_tracking                 0x080035c9   Thumb Code    10  mag_disturb.o(.text)
    Mag3ofNormalizedLong                     0x080035d3   Thumb Code    72  mag_disturb.o(.text)
    inv_track_dip_angle                      0x0800361b   Thumb Code   114  mag_disturb.o(.text)
    inv_check_magnetic_disturbance           0x0800368d   Thumb Code   690  mag_disturb.o(.text)
    inv_magnetic_disturbance_process         0x0800393f   Thumb Code    50  mag_disturb.o(.text)
    inv_start_magnetic_disturbance           0x08003971   Thumb Code    14  mag_disturb.o(.text)
    inv_stop_magnetic_disturbance            0x0800397f   Thumb Code     8  mag_disturb.o(.text)
    inv_enable_magnetic_disturbance          0x08003987   Thumb Code    40  mag_disturb.o(.text)
    inv_disable_magnetic_disturbance         0x080039af   Thumb Code    22  mag_disturb.o(.text)
    inv_enable_dip_tracking                  0x080039c5   Thumb Code    14  mag_disturb.o(.text)
    inv_get_magnetic_disturbance_state       0x080039d3   Thumb Code     8  mag_disturb.o(.text)
    inv_generate_gyro_quaternion             0x08003d71   Thumb Code   260  quaternion_supervisor.o(.text)
    inv_set_quaternion                       0x08004063   Thumb Code    38  quaternion_supervisor.o(.text)
    inv_generate_accel_gyro_quaternion       0x08004089   Thumb Code   428  quaternion_supervisor.o(.text)
    inv_stop_quaternion                      0x0800427d   Thumb Code     6  quaternion_supervisor.o(.text)
    inv_init_quaternion                      0x08004283   Thumb Code    34  quaternion_supervisor.o(.text)
    inv_start_quaternion                     0x080042a5   Thumb Code    34  quaternion_supervisor.o(.text)
    inv_enable_quaternion                    0x080042c7   Thumb Code    24  quaternion_supervisor.o(.text)
    inv_disable_quaternion                   0x080042df   Thumb Code    20  quaternion_supervisor.o(.text)
    inv_init_accel_maxmin                    0x08004321   Thumb Code    28  accel_auto_cal.o(.text)
    inv_record_good_accel_maxmin             0x0800433d   Thumb Code    56  accel_auto_cal.o(.text)
    inv_get_current_calibrated_accel         0x08004375   Thumb Code    70  accel_auto_cal.o(.text)
    inv_sort_order_4_T                       0x080046c3   Thumb Code   186  accel_auto_cal.o(.text)
    inv_init_check_sample_balance            0x0800477d   Thumb Code    30  accel_auto_cal.o(.text)
    inv_init_check_sample_balance_parameter  0x0800479b   Thumb Code    28  accel_auto_cal.o(.text)
    inv_add_accel_block_data                 0x080047b7   Thumb Code   152  accel_auto_cal.o(.text)
    inv_add_vector_block_data                0x0800484f   Thumb Code   120  accel_auto_cal.o(.text)
    inv_check_sample_balance                 0x080048c7   Thumb Code   344  accel_auto_cal.o(.text)
    inv_auto_calibrate                       0x08004a55   Thumb Code   720  accel_auto_cal.o(.text)
    inv_init_in_use_auto_calibration         0x08004d25   Thumb Code    80  accel_auto_cal.o(.text)
    inv_start_in_use_auto_calibration        0x08004d75   Thumb Code    14  accel_auto_cal.o(.text)
    inv_stop_in_use_auto_calibration         0x08004d83   Thumb Code     8  accel_auto_cal.o(.text)
    inv_enable_in_use_auto_calibration       0x08004d8b   Thumb Code    24  accel_auto_cal.o(.text)
    inv_disable_in_use_auto_calibration      0x08004da3   Thumb Code    94  accel_auto_cal.o(.text)
    inv_get_accel_bias_stage                 0x08004e01   Thumb Code     6  accel_auto_cal.o(.text)
    __aeabi_ldivmod                          0x08004e0d   Thumb Code    98  ldiv.o(.text)
    __aeabi_llsl                             0x08004e6f   Thumb Code    30  llshl.o(.text)
    _ll_shift_l                              0x08004e6f   Thumb Code     0  llshl.o(.text)
    __aeabi_llsr                             0x08004e8d   Thumb Code    32  llushr.o(.text)
    _ll_ushift_r                             0x08004e8d   Thumb Code     0  llushr.o(.text)
    __aeabi_lasr                             0x08004ead   Thumb Code    36  llsshr.o(.text)
    _ll_sshift_r                             0x08004ead   Thumb Code     0  llsshr.o(.text)
    ___aeabi_memcpy8$move                    0x08004ed1   Thumb Code     0  memmovea.o(.text)
    __aeabi_memcpy                           0x08004ed1   Thumb Code    64  memmovea.o(.text)
    __aeabi_memcpy4                          0x08004ed1   Thumb Code     0  memmovea.o(.text)
    __aeabi_memmove                          0x08004ed1   Thumb Code     0  memmovea.o(.text)
    __aeabi_memmove4                         0x08004ed1   Thumb Code     0  memmovea.o(.text)
    __aeabi_memmove8                         0x08004ed1   Thumb Code     0  memmovea.o(.text)
    __aeabi_memset                           0x08004f11   Thumb Code    14  memseta.o(.text)
    __aeabi_memset4                          0x08004f11   Thumb Code     0  memseta.o(.text)
    __aeabi_memset8                          0x08004f11   Thumb Code     0  memseta.o(.text)
    __aeabi_memclr                           0x08004f1f   Thumb Code     4  memseta.o(.text)
    __aeabi_memclr4                          0x08004f1f   Thumb Code     0  memseta.o(.text)
    __aeabi_memclr8                          0x08004f1f   Thumb Code     0  memseta.o(.text)
    _memset$wrapper                          0x08004f23   Thumb Code    18  memseta.o(.text)
    memcmp                                   0x08004f35   Thumb Code    26  memcmp.o(.text)
    __aeabi_fadd                             0x08004f4f   Thumb Code   164  fadd.o(.text)
    __aeabi_fsub                             0x08004ff3   Thumb Code     6  fadd.o(.text)
    __aeabi_frsub                            0x08004ff9   Thumb Code     6  fadd.o(.text)
    __aeabi_fmul                             0x08004fff   Thumb Code   100  fmul.o(.text)
    __aeabi_fdiv                             0x08005063   Thumb Code   124  fdiv.o(.text)
    __ARM_scalbnf                            0x080050df   Thumb Code    24  fscalb.o(.text)
    scalbnf                                  0x080050df   Thumb Code     0  fscalb.o(.text)
    __aeabi_dadd                             0x080050f7   Thumb Code   322  dadd.o(.text)
    __aeabi_dsub                             0x08005239   Thumb Code     6  dadd.o(.text)
    __aeabi_drsub                            0x0800523f   Thumb Code     6  dadd.o(.text)
    __aeabi_dmul                             0x08005245   Thumb Code   228  dmul.o(.text)
    __aeabi_ddiv                             0x08005329   Thumb Code   222  ddiv.o(.text)
    __ARM_scalbn                             0x08005407   Thumb Code    46  dscalb.o(.text)
    scalbn                                   0x08005407   Thumb Code     0  dscalb.o(.text)
    __aeabi_i2f                              0x08005435   Thumb Code    18  fflti.o(.text)
    __aeabi_ui2f                             0x08005447   Thumb Code    10  ffltui.o(.text)
    __aeabi_l2f                              0x08005451   Thumb Code    44  ffltl.o(.text)
    __aeabi_i2d                              0x0800547d   Thumb Code    34  dflti.o(.text)
    __aeabi_f2iz                             0x0800549f   Thumb Code    50  ffixi.o(.text)
    __aeabi_f2uiz                            0x080054d1   Thumb Code    40  ffixui.o(.text)
    __aeabi_f2lz                             0x080054f9   Thumb Code    66  ffixl.o(.text)
    __aeabi_d2iz                             0x0800553b   Thumb Code    62  dfixi.o(.text)
    __aeabi_f2d                              0x08005579   Thumb Code    38  f2d.o(.text)
    __aeabi_cdcmpeq                          0x080055a1   Thumb Code     0  cdcmple.o(.text)
    __aeabi_cdcmple                          0x080055a1   Thumb Code    48  cdcmple.o(.text)
    __aeabi_cdrcmple                         0x080055d1   Thumb Code    48  cdrcmple.o(.text)
    __aeabi_d2f                              0x08005601   Thumb Code    56  d2f.o(.text)
    __aeabi_cfcmpeq                          0x08005639   Thumb Code     0  cfcmple.o(.text)
    __aeabi_cfcmple                          0x08005639   Thumb Code    20  cfcmple.o(.text)
    __aeabi_cfrcmple                         0x0800564d   Thumb Code    20  cfrcmple.o(.text)
    __aeabi_uidiv                            0x08005661   Thumb Code     0  uidiv.o(.text)
    __aeabi_uidivmod                         0x08005661   Thumb Code    44  uidiv.o(.text)
    __aeabi_uldivmod                         0x0800568d   Thumb Code    98  uldiv.o(.text)
    __I$use$fp                               0x080056ef   Thumb Code     0  iusefp.o(.text)
    _float_round                             0x080056ef   Thumb Code    18  fepilogue.o(.text)
    _float_epilogue                          0x08005701   Thumb Code    92  fepilogue.o(.text)
    _fsqrt                                   0x0800575d   Thumb Code    94  fsqrt.o(.text)
    _frnd                                    0x080057bb   Thumb Code    60  frnd.o(.text)
    _double_round                            0x080057f7   Thumb Code    30  depilogue.o(.text)
    _double_epilogue                         0x08005815   Thumb Code   156  depilogue.o(.text)
    _dsqrt                                   0x080058b1   Thumb Code   162  dsqrt.o(.text)
    __aeabi_d2ulz                            0x08005953   Thumb Code    48  dfixul.o(.text)
    __scatterload                            0x08005985   Thumb Code    28  init.o(.text)
    __scatterload_rt2                        0x08005985   Thumb Code     0  init.o(.text)
    __aeabi_ui2d                             0x080059a9   Thumb Code    26  dfltui.o(.text)
    BusFault_Handler                         0x080059c3   Thumb Code     2  stm32f1xx_it.o(i.BusFault_Handler)
    DebugMon_Handler                         0x080059c5   Thumb Code     2  stm32f1xx_it.o(i.DebugMon_Handler)
    Error_Handler                            0x080059c7   Thumb Code     2  main.o(i.Error_Handler)
    HAL_Delay                                0x080059c9   Thumb Code    34  stm32f1xx_hal.o(i.HAL_Delay)
    HAL_GPIO_Init                            0x080059f1   Thumb Code   496  stm32f1xx_hal_gpio.o(i.HAL_GPIO_Init)
    HAL_GetTick                              0x08005bed   Thumb Code     6  stm32f1xx_hal.o(i.HAL_GetTick)
    HAL_I2C_Init                             0x08005bf9   Thumb Code   390  stm32f1xx_hal_i2c.o(i.HAL_I2C_Init)
    HAL_I2C_Mem_Read                         0x08005d91   Thumb Code   718  stm32f1xx_hal_i2c.o(i.HAL_I2C_Mem_Read)
    HAL_I2C_Mem_Write                        0x0800606d   Thumb Code   362  stm32f1xx_hal_i2c.o(i.HAL_I2C_Mem_Write)
    HAL_I2C_MspInit                          0x080061e1   Thumb Code   134  i2c.o(i.HAL_I2C_MspInit)
    HAL_IncTick                              0x08006279   Thumb Code    12  stm32f1xx_hal.o(i.HAL_IncTick)
    HAL_Init                                 0x08006289   Thumb Code    32  stm32f1xx_hal.o(i.HAL_Init)
    HAL_InitTick                             0x080062ad   Thumb Code    58  stm32f1xx_hal.o(i.HAL_InitTick)
    HAL_MspInit                              0x080062f1   Thumb Code    52  stm32f1xx_hal_msp.o(i.HAL_MspInit)
    HAL_NVIC_SetPriority                     0x0800632d   Thumb Code    98  stm32f1xx_hal_cortex.o(i.HAL_NVIC_SetPriority)
    HAL_NVIC_SetPriorityGrouping             0x08006395   Thumb Code    30  stm32f1xx_hal_cortex.o(i.HAL_NVIC_SetPriorityGrouping)
    HAL_RCC_ClockConfig                      0x080063b9   Thumb Code   364  stm32f1xx_hal_rcc.o(i.HAL_RCC_ClockConfig)
    HAL_RCC_GetHCLKFreq                      0x08006539   Thumb Code     6  stm32f1xx_hal_rcc.o(i.HAL_RCC_GetHCLKFreq)
    HAL_RCC_GetPCLK1Freq                     0x08006545   Thumb Code    22  stm32f1xx_hal_rcc.o(i.HAL_RCC_GetPCLK1Freq)
    HAL_RCC_GetSysClockFreq                  0x08006565   Thumb Code    88  stm32f1xx_hal_rcc.o(i.HAL_RCC_GetSysClockFreq)
    HAL_RCC_OscConfig                        0x080065dd   Thumb Code  1068  stm32f1xx_hal_rcc.o(i.HAL_RCC_OscConfig)
    HAL_SYSTICK_Config                       0x08006a09   Thumb Code    36  stm32f1xx_hal_cortex.o(i.HAL_SYSTICK_Config)
    HardFault_Handler                        0x08006a31   Thumb Code     2  stm32f1xx_it.o(i.HardFault_Handler)
    MPU9250_Init                             0x08006f0f   Thumb Code   154  mpu9250.o(i.MPU9250_Init)
    MPU_Get_Accelerometer                    0x08006fa9   Thumb Code    50  mpu9250.o(i.MPU_Get_Accelerometer)
    MPU_Get_Gyroscope                        0x08006fdb   Thumb Code    50  mpu9250.o(i.MPU_Get_Gyroscope)
    MPU_Get_Magnetometer                     0x0800700d   Thumb Code    60  mpu9250.o(i.MPU_Get_Magnetometer)
    MPU_Get_Temperature                      0x08007049   Thumb Code    60  mpu9250.o(i.MPU_Get_Temperature)
    MPU_Read_Byte                            0x08007095   Thumb Code    34  mpu9250.o(i.MPU_Read_Byte)
    MPU_Read_Len                             0x080070bd   Thumb Code    30  mpu9250.o(i.MPU_Read_Len)
    MPU_Set_Accel_Fsr                        0x080070e1   Thumb Code    12  mpu9250.o(i.MPU_Set_Accel_Fsr)
    MPU_Set_Gyro_Fsr                         0x080070ed   Thumb Code    12  mpu9250.o(i.MPU_Set_Gyro_Fsr)
    MPU_Set_LPF                              0x080070f9   Thumb Code    50  mpu9250.o(i.MPU_Set_LPF)
    MPU_Set_Rate                             0x0800712b   Thumb Code    48  mpu9250.o(i.MPU_Set_Rate)
    MPU_Write_Byte                           0x0800715d   Thumb Code    34  mpu9250.o(i.MPU_Write_Byte)
    MPU_Write_Len                            0x08007185   Thumb Code    30  mpu9250.o(i.MPU_Write_Len)
    MX_GPIO_Init                             0x080071a9   Thumb Code    54  gpio.o(i.MX_GPIO_Init)
    MX_I2C1_Init                             0x080071e5   Thumb Code    50  i2c.o(i.MX_I2C1_Init)
    MX_I2C2_Init                             0x08007225   Thumb Code    50  i2c.o(i.MX_I2C2_Init)
    MemManage_Handler                        0x08007265   Thumb Code     2  stm32f1xx_it.o(i.MemManage_Handler)
    NMI_Handler                              0x08007267   Thumb Code     2  stm32f1xx_it.o(i.NMI_Handler)
    OLED_Clear                               0x08007269   Thumb Code    52  oled.o(i.OLED_Clear)
    OLED_Init                                0x0800729d   Thumb Code    16  oled.o(i.OLED_Init)
    OLED_Set_Pos                             0x080072ad   Thumb Code    34  oled.o(i.OLED_Set_Pos)
    OLED_ShowCHinese                         0x080072d1   Thumb Code    70  oled.o(i.OLED_ShowCHinese)
    OLED_ShowChar                            0x0800731d   Thumb Code   126  oled.o(i.OLED_ShowChar)
    OLED_ShowString                          0x080073a5   Thumb Code    54  oled.o(i.OLED_ShowString)
    OLED_Show_Para                           0x080073dd   Thumb Code   106  oled.o(i.OLED_Show_Para)
    OLED_WR_CMD                              0x08007461   Thumb Code    32  oled.o(i.OLED_WR_CMD)
    OLED_WR_DATA                             0x08007485   Thumb Code    32  oled.o(i.OLED_WR_DATA)
    PendSV_Handler                           0x080074a9   Thumb Code     2  stm32f1xx_it.o(i.PendSV_Handler)
    SVC_Handler                              0x080074d1   Thumb Code     2  stm32f1xx_it.o(i.SVC_Handler)
    SysTick_Handler                          0x080074d3   Thumb Code     4  stm32f1xx_it.o(i.SysTick_Handler)
    SystemClock_Config                       0x080074d7   Thumb Code    78  main.o(i.SystemClock_Config)
    SystemInit                               0x08007525   Thumb Code    56  system_stm32f1xx.o(i.SystemInit)
    UsageFault_Handler                       0x0800756d   Thumb Code     2  stm32f1xx_it.o(i.UsageFault_Handler)
    WriteCmd                                 0x08007571   Thumb Code    42  oled.o(i.WriteCmd)
    _MLPrintLog                              0x080075a5   Thumb Code   152  log_stm32.o(i._MLPrintLog)
    __0printf                                0x0800763d   Thumb Code    22  printfa.o(i.__0printf)
    __1printf                                0x0800763d   Thumb Code     0  printfa.o(i.__0printf)
    __2printf                                0x0800763d   Thumb Code     0  printfa.o(i.__0printf)
    __c89printf                              0x0800763d   Thumb Code     0  printfa.o(i.__0printf)
    printf                                   0x0800763d   Thumb Code     0  printfa.o(i.__0printf)
    __0sprintf                               0x0800765d   Thumb Code    34  printfa.o(i.__0sprintf)
    __1sprintf                               0x0800765d   Thumb Code     0  printfa.o(i.__0sprintf)
    __2sprintf                               0x0800765d   Thumb Code     0  printfa.o(i.__0sprintf)
    __c89sprintf                             0x0800765d   Thumb Code     0  printfa.o(i.__0sprintf)
    sprintf                                  0x0800765d   Thumb Code     0  printfa.o(i.__0sprintf)
    __0vsprintf                              0x08007685   Thumb Code    30  printfa.o(i.__0vsprintf)
    __1vsprintf                              0x08007685   Thumb Code     0  printfa.o(i.__0vsprintf)
    __2vsprintf                              0x08007685   Thumb Code     0  printfa.o(i.__0vsprintf)
    __c89vsprintf                            0x08007685   Thumb Code     0  printfa.o(i.__0vsprintf)
    vsprintf                                 0x08007685   Thumb Code     0  printfa.o(i.__0vsprintf)
    __ARM_fpclassify                         0x080076a9   Thumb Code    40  fpclassify.o(i.__ARM_fpclassify)
    __ARM_fpclassifyf                        0x080076d1   Thumb Code    38  fpclassifyf.o(i.__ARM_fpclassifyf)
    __ieee754_rem_pio2                       0x080076f9   Thumb Code   828  rred.o(i.__ieee754_rem_pio2)
    __kernel_cos                             0x08007a81   Thumb Code   230  cos_i.o(i.__kernel_cos)
    __kernel_poly                            0x08007b7d   Thumb Code   170  poly.o(i.__kernel_poly)
    __kernel_sin                             0x08007c29   Thumb Code   224  sin_i.o(i.__kernel_sin)
    __mathlib_dbl_divzero                    0x08007d15   Thumb Code    12  dunder.o(i.__mathlib_dbl_divzero)
    __mathlib_dbl_infnan                     0x08007d25   Thumb Code     6  dunder.o(i.__mathlib_dbl_infnan)
    __mathlib_dbl_invalid                    0x08007d2b   Thumb Code    12  dunder.o(i.__mathlib_dbl_invalid)
    __mathlib_dbl_underflow                  0x08007d39   Thumb Code    10  dunder.o(i.__mathlib_dbl_underflow)
    __mathlib_flt_infnan                     0x08007d49   Thumb Code     6  funder.o(i.__mathlib_flt_infnan)
    __mathlib_flt_infnan2                    0x08007d4f   Thumb Code     4  funder.o(i.__mathlib_flt_infnan2)
    __mathlib_flt_invalid                    0x08007d53   Thumb Code     8  funder.o(i.__mathlib_flt_invalid)
    __mathlib_flt_underflow                  0x08007d5b   Thumb Code    10  funder.o(i.__mathlib_flt_underflow)
    __mathlib_rredf2                         0x08007d65   Thumb Code   344  rredf.o(i.__mathlib_rredf2)
    __scatterload_copy                       0x08007efd   Thumb Code    14  handlers.o(i.__scatterload_copy)
    __scatterload_null                       0x08007f0b   Thumb Code     2  handlers.o(i.__scatterload_null)
    __scatterload_zeroinit                   0x08007f0d   Thumb Code    14  handlers.o(i.__scatterload_zeroinit)
    __set_errno                              0x08007f1d   Thumb Code     6  errno.o(i.__set_errno)
    acosf                                    0x08008bd9   Thumb Code   242  acosf.o(i.acosf)
    atan2f                                   0x08008cf5   Thumb Code   598  atan2f.o(i.atan2f)
    cos                                      0x080090b1   Thumb Code   148  cos.o(i.cos)
    cosf                                     0x0800914d   Thumb Code   328  cosf.o(i.cosf)
    dmp_enable_6x_lp_quat                    0x080092c9   Thumb Code    58  inv_mpu_dmp_motion_driver.o(i.dmp_enable_6x_lp_quat)
    dmp_enable_feature                       0x08009305   Thumb Code   464  inv_mpu_dmp_motion_driver.o(i.dmp_enable_feature)
    dmp_enable_gyro_cal                      0x080094dd   Thumb Code    34  inv_mpu_dmp_motion_driver.o(i.dmp_enable_gyro_cal)
    dmp_enable_lp_quat                       0x08009519   Thumb Code    58  inv_mpu_dmp_motion_driver.o(i.dmp_enable_lp_quat)
    dmp_load_motion_driver_firmware          0x08009555   Thumb Code    16  inv_mpu_dmp_motion_driver.o(i.dmp_load_motion_driver_firmware)
    dmp_read_fifo                            0x08009569   Thumb Code   352  inv_mpu_dmp_motion_driver.o(i.dmp_read_fifo)
    dmp_set_accel_bias                       0x080096cd   Thumb Code   210  inv_mpu_dmp_motion_driver.o(i.dmp_set_accel_bias)
    dmp_set_fifo_rate                        0x080097a5   Thumb Code    82  inv_mpu_dmp_motion_driver.o(i.dmp_set_fifo_rate)
    dmp_set_gyro_bias                        0x08009809   Thumb Code   196  inv_mpu_dmp_motion_driver.o(i.dmp_set_gyro_bias)
    dmp_set_orientation                      0x080098d5   Thumb Code   246  inv_mpu_dmp_motion_driver.o(i.dmp_set_orientation)
    dmp_set_shake_reject_thresh              0x080099e1   Thumb Code    48  inv_mpu_dmp_motion_driver.o(i.dmp_set_shake_reject_thresh)
    dmp_set_shake_reject_time                0x08009a11   Thumb Code    32  inv_mpu_dmp_motion_driver.o(i.dmp_set_shake_reject_time)
    dmp_set_shake_reject_timeout             0x08009a31   Thumb Code    32  inv_mpu_dmp_motion_driver.o(i.dmp_set_shake_reject_timeout)
    dmp_set_tap_axes                         0x08009a51   Thumb Code    64  inv_mpu_dmp_motion_driver.o(i.dmp_set_tap_axes)
    dmp_set_tap_count                        0x08009a91   Thumb Code    34  inv_mpu_dmp_motion_driver.o(i.dmp_set_tap_count)
    dmp_set_tap_thresh                       0x08009ab5   Thumb Code   274  inv_mpu_dmp_motion_driver.o(i.dmp_set_tap_thresh)
    dmp_set_tap_time                         0x08009bdd   Thumb Code    32  inv_mpu_dmp_motion_driver.o(i.dmp_set_tap_time)
    dmp_set_tap_time_multi                   0x08009bfd   Thumb Code    32  inv_mpu_dmp_motion_driver.o(i.dmp_set_tap_time_multi)
    fputc                                    0x08009c1d   Thumb Code    36  main.o(i.fputc)
    inv_apply_calibration                    0x0800a4cd   Thumb Code   106  data_builder.o(i.inv_apply_calibration)
    inv_build_accel                          0x0800a539   Thumb Code    96  data_builder.o(i.inv_build_accel)
    inv_build_compass                        0x0800a5a1   Thumb Code   124  data_builder.o(i.inv_build_compass)
    inv_build_gyro                           0x0800a625   Thumb Code    42  data_builder.o(i.inv_build_gyro)
    inv_build_temp                           0x0800a655   Thumb Code    24  data_builder.o(i.inv_build_temp)
    inv_compass_angle                        0x0800a671   Thumb Code   146  ml_math_func.o(i.inv_compass_angle)
    inv_convert_to_body_with_scale           0x0800a703   Thumb Code    92  ml_math_func.o(i.inv_convert_to_body_with_scale)
    inv_enable_eMPL_outputs                  0x0800a7b1   Thumb Code    20  empl_outputs.o(i.inv_enable_eMPL_outputs)
    inv_enable_results_holder                0x0800a7cd   Thumb Code    22  results_holder.o(i.inv_enable_results_holder)
    inv_execute_mpl_start_notification       0x0800a7e9   Thumb Code    38  start_manager.o(i.inv_execute_mpl_start_notification)
    inv_execute_on_data                      0x0800a815   Thumb Code   120  data_builder.o(i.inv_execute_on_data)
    inv_generate_results                     0x0800a939   Thumb Code    10  results_holder.o(i.inv_generate_results)
    inv_get_6axis_quaternion                 0x0800a949   Thumb Code    14  results_holder.o(i.inv_get_6axis_quaternion)
    inv_get_acc_state                        0x0800a95d   Thumb Code     6  results_holder.o(i.inv_get_acc_state)
    inv_get_accel_accuracy                   0x0800a969   Thumb Code     6  data_builder.o(i.inv_get_accel_accuracy)
    inv_get_accel_on                         0x0800a975   Thumb Code    12  data_builder.o(i.inv_get_accel_on)
    inv_get_accel_set                        0x0800a985   Thumb Code    34  data_builder.o(i.inv_get_accel_set)
    inv_get_compass_bias                     0x0800a9ad   Thumb Code    14  data_builder.o(i.inv_get_compass_bias)
    inv_get_compass_correction               0x0800a9c1   Thumb Code    20  results_holder.o(i.inv_get_compass_correction)
    inv_get_compass_on                       0x0800a9d9   Thumb Code    12  data_builder.o(i.inv_get_compass_on)
    inv_get_compass_soft_iron_output_data    0x0800a9e9   Thumb Code    24  data_builder.o(i.inv_get_compass_soft_iron_output_data)
    inv_get_compass_state                    0x0800aa05   Thumb Code     6  results_holder.o(i.inv_get_compass_state)
    inv_get_gravity                          0x0800aa11   Thumb Code    80  results_holder.o(i.inv_get_gravity)
    inv_get_gyro                             0x0800aa65   Thumb Code    10  data_builder.o(i.inv_get_gyro)
    inv_get_gyro_accuracy                    0x0800aa75   Thumb Code     6  data_builder.o(i.inv_get_gyro_accuracy)
    inv_get_gyro_bias                        0x0800aa81   Thumb Code    26  data_builder.o(i.inv_get_gyro_bias)
    inv_get_gyro_bias_tc_set                 0x0800aaa5   Thumb Code    20  data_builder.o(i.inv_get_gyro_bias_tc_set)
    inv_get_gyro_on                          0x0800aabd   Thumb Code    10  data_builder.o(i.inv_get_gyro_on)
    inv_get_gyro_sum_of_sqr                  0x0800aacd   Thumb Code    26  ml_math_func.o(i.inv_get_gyro_sum_of_sqr)
    inv_get_large_mag_field                  0x0800aae9   Thumb Code     6  results_holder.o(i.inv_get_large_mag_field)
    inv_get_last_timestamp                   0x0800aaf5   Thumb Code    66  data_builder.o(i.inv_get_last_timestamp)
    inv_get_linear_accel                     0x0800ab3d   Thumb Code    58  results_holder.o(i.inv_get_linear_accel)
    inv_get_linear_accel_float               0x0800ab79   Thumb Code    58  results_holder.o(i.inv_get_linear_accel_float)
    inv_get_local_field                      0x0800abb5   Thumb Code    10  results_holder.o(i.inv_get_local_field)
    inv_get_mag_accuracy                     0x0800abc5   Thumb Code    20  data_builder.o(i.inv_get_mag_accuracy)
    inv_get_motion_state                     0x0800abe1   Thumb Code    12  results_holder.o(i.inv_get_motion_state)
    inv_get_quaternion                       0x0800abf1   Thumb Code    48  results_holder.o(i.inv_get_quaternion)
    inv_get_quaternion_set                   0x0800ac25   Thumb Code    56  results_holder.o(i.inv_get_quaternion_set)
    inv_get_sensor_type_euler                0x0800ac5d   Thumb Code   406  empl_outputs.o(i.inv_get_sensor_type_euler)
    inv_get_sensor_type_gravity              0x0800ae11   Thumb Code    74  hal_outputs.o(i.inv_get_sensor_type_gravity)
    inv_got_compass_bias                     0x0800ae65   Thumb Code     6  results_holder.o(i.inv_got_compass_bias)
    inv_init_data_builder                    0x0800ae71   Thumb Code    44  data_builder.o(i.inv_init_data_builder)
    inv_init_mpl                             0x0800aead   Thumb Code    94  mpl.o(i.inv_init_mpl)
    inv_init_results_holder                  0x0800af25   Thumb Code    38  results_holder.o(i.inv_init_results_holder)
    inv_init_start_manager                   0x0800af55   Thumb Code    14  start_manager.o(i.inv_init_start_manager)
    inv_init_storage_manager                 0x0800af69   Thumb Code    20  storage_manager.o(i.inv_init_storage_manager)
    inv_orientation_matrix_to_scalar         0x0800af81   Thumb Code    34  ml_math_func.o(i.inv_orientation_matrix_to_scalar)
    inv_q29_mult                             0x0800afa3   Thumb Code    12  ml_math_func.o(i.inv_q29_mult)
    inv_q30_mult                             0x0800afaf   Thumb Code    12  ml_math_func.o(i.inv_q30_mult)
    inv_q_add                                0x0800afcd   Thumb Code    36  ml_math_func.o(i.inv_q_add)
    inv_q_addf                               0x0800aff1   Thumb Code    50  ml_math_func.o(i.inv_q_addf)
    inv_q_invert                             0x0800b023   Thumb Code    24  ml_math_func.o(i.inv_q_invert)
    inv_q_invertf                            0x0800b03b   Thumb Code    30  ml_math_func.o(i.inv_q_invertf)
    inv_q_mult                               0x0800b059   Thumb Code   176  ml_math_func.o(i.inv_q_mult)
    inv_q_multf                              0x0800b109   Thumb Code   246  ml_math_func.o(i.inv_q_multf)
    inv_q_norm4                              0x0800b1ff   Thumb Code   132  ml_math_func.o(i.inv_q_norm4)
    inv_q_normalizef                         0x0800b283   Thumb Code   266  ml_math_func.o(i.inv_q_normalizef)
    inv_q_rotate                             0x0800b38d   Thumb Code    62  ml_math_func.o(i.inv_q_rotate)
    inv_quaternion_to_rotation               0x0800b3cb   Thumb Code   218  ml_math_func.o(i.inv_quaternion_to_rotation)
    inv_register_data_cb                     0x0800b4a5   Thumb Code   150  data_builder.o(i.inv_register_data_cb)
    inv_register_load_store                  0x0800b549   Thumb Code   102  storage_manager.o(i.inv_register_load_store)
    inv_register_mpl_start_notification      0x0800b5b5   Thumb Code    28  start_manager.o(i.inv_register_mpl_start_notification)
    inv_reset_compass_soft_iron_matrix       0x0800b5d5   Thumb Code    64  data_builder.o(i.inv_reset_compass_soft_iron_matrix)
    inv_set_accel_accuracy                   0x0800b665   Thumb Code    22  data_builder.o(i.inv_set_accel_accuracy)
    inv_set_accel_bias_found                 0x0800b681   Thumb Code     6  results_holder.o(i.inv_set_accel_bias_found)
    inv_set_accel_bias_mask                  0x0800b68d   Thumb Code    72  data_builder.o(i.inv_set_accel_bias_mask)
    inv_set_accel_orientation_and_scale      0x0800b6dd   Thumb Code     8  data_builder.o(i.inv_set_accel_orientation_and_scale)
    inv_set_accel_sample_rate                0x0800b6e9   Thumb Code    34  data_builder.o(i.inv_set_accel_sample_rate)
    inv_set_compass_bias                     0x0800b715   Thumb Code    68  data_builder.o(i.inv_set_compass_bias)
    inv_set_compass_bias_error               0x0800b75d   Thumb Code    10  results_holder.o(i.inv_set_compass_bias_error)
    inv_set_compass_bias_found               0x0800b76d   Thumb Code     6  results_holder.o(i.inv_set_compass_bias_found)
    inv_set_compass_correction               0x0800b779   Thumb Code    28  results_holder.o(i.inv_set_compass_correction)
    inv_set_compass_disturbance              0x0800b799   Thumb Code     8  data_builder.o(i.inv_set_compass_disturbance)
    inv_set_compass_orientation_and_scale    0x0800b7a5   Thumb Code    12  data_builder.o(i.inv_set_compass_orientation_and_scale)
    inv_set_compass_sample_rate              0x0800b7b5   Thumb Code    34  data_builder.o(i.inv_set_compass_sample_rate)
    inv_set_compass_soft_iron_input_data     0x0800b7e1   Thumb Code    72  data_builder.o(i.inv_set_compass_soft_iron_input_data)
    inv_set_compass_state                    0x0800b831   Thumb Code     6  results_holder.o(i.inv_set_compass_state)
    inv_set_gyro_bias                        0x0800b8bd   Thumb Code    88  data_builder.o(i.inv_set_gyro_bias)
    inv_set_gyro_orientation_and_scale       0x0800b919   Thumb Code     8  data_builder.o(i.inv_set_gyro_orientation_and_scale)
    inv_set_gyro_sample_rate                 0x0800b925   Thumb Code    30  data_builder.o(i.inv_set_gyro_sample_rate)
    inv_set_message                          0x0800b94d   Thumb Code    16  message_layer.o(i.inv_set_message)
    inv_set_motion_state                     0x0800b961   Thumb Code    48  results_holder.o(i.inv_set_motion_state)
    inv_start_mpl                            0x0800b9a5   Thumb Code    34  mpl.o(i.inv_start_mpl)
    inv_start_results_holder                 0x0800b9e1   Thumb Code    18  results_holder.o(i.inv_start_results_holder)
    inv_store_gaming_quaternion              0x0800b9f9   Thumb Code    28  results_holder.o(i.inv_store_gaming_quaternion)
    inv_unregister_data_cb                   0x0800ba19   Thumb Code    72  data_builder.o(i.inv_unregister_data_cb)
    inv_unregister_mpl_start_notification    0x0800ba65   Thumb Code    68  start_manager.o(i.inv_unregister_mpl_start_notification)
    log                                      0x0800baad   Thumb Code   808  log.o(i.log)
    main                                     0x0800be09   Thumb Code    38  main.o(i.main)
    mget_ms                                  0x0800be2f   Thumb Code     2  inv_mpu.o(i.mget_ms)
    mlMatrixVectorMult                       0x0800be31   Thumb Code    50  ml_math_func.o(i.mlMatrixVectorMult)
    mpu9250_Start                            0x0800be65   Thumb Code   214  mpu9250.o(i.mpu9250_Start)
    mpu_configure_fifo                       0x0800bfa5   Thumb Code    78  inv_mpu.o(i.mpu_configure_fifo)
    mpu_dmp_init                             0x0800bff9   Thumb Code   338  inv_mpu.o(i.mpu_dmp_init)
    mpu_get_accel_fsr                        0x0800c159   Thumb Code    54  inv_mpu.o(i.mpu_get_accel_fsr)
    mpu_get_accel_sens                       0x0800c195   Thumb Code    62  inv_mpu.o(i.mpu_get_accel_sens)
    mpu_get_compass_reg                      0x0800c1d9   Thumb Code   124  inv_mpu.o(i.mpu_get_compass_reg)
    mpu_get_gyro_fsr                         0x0800c259   Thumb Code    48  inv_mpu.o(i.mpu_get_gyro_fsr)
    mpu_get_gyro_sens                        0x0800c28d   Thumb Code    44  inv_mpu.o(i.mpu_get_gyro_sens)
    mpu_get_lpf                              0x0800c2cd   Thumb Code    52  inv_mpu.o(i.mpu_get_lpf)
    mpu_get_sample_rate                      0x0800c305   Thumb Code    22  inv_mpu.o(i.mpu_get_sample_rate)
    mpu_get_temperature                      0x0800c321   Thumb Code   104  inv_mpu.o(i.mpu_get_temperature)
    mpu_init                                 0x0800c391   Thumb Code   212  inv_mpu.o(i.mpu_init)
    mpu_load_firmware                        0x0800c469   Thumb Code   154  inv_mpu.o(i.mpu_load_firmware)
    mpu_lp_accel_mode                        0x0800c509   Thumb Code   180  inv_mpu.o(i.mpu_lp_accel_mode)
    mpu_mpl_get_data                         0x0800c5c1   Thumb Code   212  inv_mpu.o(i.mpu_mpl_get_data)
    mpu_read_fifo_stream                     0x0800c699   Thumb Code   140  inv_mpu.o(i.mpu_read_fifo_stream)
    mpu_read_mem                             0x0800c729   Thumb Code    80  inv_mpu.o(i.mpu_read_mem)
    mpu_reset_fifo                           0x0800c77d   Thumb Code   346  inv_mpu.o(i.mpu_reset_fifo)
    mpu_run_6500_self_test                   0x0800c8dd   Thumb Code   352  inv_mpu.o(i.mpu_run_6500_self_test)
    mpu_set_accel_fsr                        0x0800cb59   Thumb Code    98  inv_mpu.o(i.mpu_set_accel_fsr)
    mpu_set_bypass                           0x0800cbc1   Thumb Code   214  inv_mpu.o(i.mpu_set_bypass)
    mpu_set_compass_sample_rate              0x0800cc9d   Thumb Code    72  inv_mpu.o(i.mpu_set_compass_sample_rate)
    mpu_set_dmp_state                        0x0800cce9   Thumb Code   114  inv_mpu.o(i.mpu_set_dmp_state)
    mpu_set_gyro_fsr                         0x0800cd61   Thumb Code   104  inv_mpu.o(i.mpu_set_gyro_fsr)
    mpu_set_int_latched                      0x0800cdcd   Thumb Code    94  inv_mpu.o(i.mpu_set_int_latched)
    mpu_set_lpf                              0x0800ce31   Thumb Code   102  inv_mpu.o(i.mpu_set_lpf)
    mpu_set_sample_rate                      0x0800ce9d   Thumb Code   138  inv_mpu.o(i.mpu_set_sample_rate)
    mpu_set_sensors                          0x0800cf2d   Thumb Code   304  inv_mpu.o(i.mpu_set_sensors)
    mpu_write_mem                            0x0800d061   Thumb Code    80  inv_mpu.o(i.mpu_write_mem)
    run_self_test                            0x0800d0b5   Thumb Code   130  inv_mpu.o(i.run_self_test)
    sinf                                     0x0800d369   Thumb Code   338  sinf.o(i.sinf)
    sqrt                                     0x0800d4f1   Thumb Code    76  sqrt.o(i.sqrt)
    sqrtf                                    0x0800d53d   Thumb Code    44  sqrtf.o(i.sqrtf)
    F6x8                                     0x0800d568   Data         552  oled.o(.constdata)
    F8X16                                    0x0800d790   Data        1504  oled.o(.constdata)
    Hzk                                      0x0800dd70   Data         768  oled.o(.constdata)
    AHBPrescTable                            0x0800e070   Data          16  system_stm32f1xx.o(.constdata)
    APBPrescTable                            0x0800e080   Data           8  system_stm32f1xx.o(.constdata)
    reg                                      0x0800e088   Data          42  inv_mpu.o(.constdata)
    hw                                       0x0800e0b2   Data          14  inv_mpu.o(.constdata)
    test                                     0x0800e0c0   Data          48  inv_mpu.o(.constdata)
    ml_ver                                   0x0800eee6   Data          20  mpl.o(.constdata)
    __mathlib_zero                           0x0800ef80   Data           8  qnan.o(.constdata)
    Region$$Table$$Base                      0x0800f0e8   Number         0  anon$$obj.o(Region$$Table)
    Region$$Table$$Limit                     0x0800f108   Number         0  anon$$obj.o(Region$$Table)
    CMD_Data                                 0x20000000   Data          27  oled.o(.data)
    SystemCoreClock                          0x2000001c   Data           4  system_stm32f1xx.o(.data)
    mpl_key                                  0x20000020   Data           4  inv_mpu.o(.data)
    uwTickFreq                               0x20000074   Data           1  stm32f1xx_hal.o(.data)
    uwTickPrio                               0x20000078   Data           4  stm32f1xx_hal.o(.data)
    uwTick                                   0x2000007c   Data           4  stm32f1xx_hal.o(.data)
    __stdout                                 0x20000090   Data           4  stdout.o(.data)
    hi2c1                                    0x20000098   Data          84  i2c.o(.bss)
    hi2c2                                    0x200000ec   Data          84  i2c.o(.bss)
    cb                                       0x20000788   Data         232  compass_vec_cal.o(.bss)
    cb_test                                  0x20000870   Data         232  compass_vec_cal.o(.bss)
    cb_sim                                   0x20000958   Data         232  compass_vec_cal.o(.bss)
    vc                                       0x20000a40   Data         424  compass_vec_cal.o(.bss)
    fnm                                      0x20000be8   Data         608  fast_no_motion.o(.bss)
    s9axis                                   0x20000e88   Data         312  fusion_9axis.o(.bss)
    mag_disturb                              0x20001184   Data         184  mag_disturb.o(.bss)
    __initial_sp                             0x20001f60   Data           0  startup_stm32f103xb.o(STACK)



==============================================================================

Memory Map of the image

  Image Entry point : 0x080000ed

  Load Region LR_IROM1 (Base: 0x08000000, Size: 0x0000f1a0, Max: 0x00010000, ABSOLUTE)

    Execution Region ER_IROM1 (Exec base: 0x08000000, Load base: 0x08000000, Size: 0x0000f108, Max: 0x00010000, ABSOLUTE)

    Exec Addr    Load Addr    Size         Type   Attr      Idx    E Section Name        Object

    0x08000000   0x08000000   0x000000ec   Data   RO            3    RESET               startup_stm32f103xb.o
    0x080000ec   0x080000ec   0x00000000   Code   RO         4584  * .ARM.Collect$$$$00000000  mc_w.l(entry.o)
    0x080000ec   0x080000ec   0x00000004   Code   RO         4964    .ARM.Collect$$$$00000001  mc_w.l(entry2.o)
    0x080000f0   0x080000f0   0x00000004   Code   RO         4967    .ARM.Collect$$$$00000004  mc_w.l(entry5.o)
    0x080000f4   0x080000f4   0x00000000   Code   RO         4969    .ARM.Collect$$$$00000008  mc_w.l(entry7b.o)
    0x080000f4   0x080000f4   0x00000000   Code   RO         4971    .ARM.Collect$$$$0000000A  mc_w.l(entry8b.o)
    0x080000f4   0x080000f4   0x00000008   Code   RO         4972    .ARM.Collect$$$$0000000B  mc_w.l(entry9a.o)
    0x080000fc   0x080000fc   0x00000004   Code   RO         4979    .ARM.Collect$$$$0000000E  mc_w.l(entry12b.o)
    0x08000100   0x08000100   0x00000000   Code   RO         4974    .ARM.Collect$$$$0000000F  mc_w.l(entry10a.o)
    0x08000100   0x08000100   0x00000000   Code   RO         4976    .ARM.Collect$$$$00000011  mc_w.l(entry11a.o)
    0x08000100   0x08000100   0x00000004   Code   RO         4965    .ARM.Collect$$$$00002712  mc_w.l(entry2.o)
    0x08000104   0x08000104   0x00000024   Code   RO            4    .text               startup_stm32f103xb.o
    0x08000128   0x08000128   0x00001e5c   Code   RO         4214    .text               libmpllib.lib(compass_vec_cal.o)
    0x08001f84   0x08001f84   0x000009f4   Code   RO         4304    .text               libmpllib.lib(fast_no_motion.o)
    0x08002978   0x08002978   0x0000065c   Code   RO         4337    .text               libmpllib.lib(fusion_9axis.o)
    0x08002fd4   0x08002fd4   0x000004bc   Code   RO         4359    .text               libmpllib.lib(gyro_tc.o)
    0x08003490   0x08003490   0x00000550   Code   RO         4377    .text               libmpllib.lib(mag_disturb.o)
    0x080039e0   0x080039e0   0x00000940   Code   RO         4399    .text               libmpllib.lib(quaternion_supervisor.o)
    0x08004320   0x08004320   0x00000aec   Code   RO         4417    .text               libmpllib.lib(accel_auto_cal.o)
    0x08004e0c   0x08004e0c   0x00000062   Code   RO         4587    .text               mc_w.l(ldiv.o)
    0x08004e6e   0x08004e6e   0x0000001e   Code   RO         4589    .text               mc_w.l(llshl.o)
    0x08004e8c   0x08004e8c   0x00000020   Code   RO         4591    .text               mc_w.l(llushr.o)
    0x08004eac   0x08004eac   0x00000024   Code   RO         4593    .text               mc_w.l(llsshr.o)
    0x08004ed0   0x08004ed0   0x00000040   Code   RO         4597    .text               mc_w.l(memmovea.o)
    0x08004f10   0x08004f10   0x00000024   Code   RO         4599    .text               mc_w.l(memseta.o)
    0x08004f34   0x08004f34   0x0000001a   Code   RO         4601    .text               mc_w.l(memcmp.o)
    0x08004f4e   0x08004f4e   0x000000b0   Code   RO         4868    .text               mf_w.l(fadd.o)
    0x08004ffe   0x08004ffe   0x00000064   Code   RO         4870    .text               mf_w.l(fmul.o)
    0x08005062   0x08005062   0x0000007c   Code   RO         4872    .text               mf_w.l(fdiv.o)
    0x080050de   0x080050de   0x00000018   Code   RO         4874    .text               mf_w.l(fscalb.o)
    0x080050f6   0x080050f6   0x0000014e   Code   RO         4876    .text               mf_w.l(dadd.o)
    0x08005244   0x08005244   0x000000e4   Code   RO         4878    .text               mf_w.l(dmul.o)
    0x08005328   0x08005328   0x000000de   Code   RO         4880    .text               mf_w.l(ddiv.o)
    0x08005406   0x08005406   0x0000002e   Code   RO         4882    .text               mf_w.l(dscalb.o)
    0x08005434   0x08005434   0x00000012   Code   RO         4884    .text               mf_w.l(fflti.o)
    0x08005446   0x08005446   0x0000000a   Code   RO         4886    .text               mf_w.l(ffltui.o)
    0x08005450   0x08005450   0x0000002c   Code   RO         4888    .text               mf_w.l(ffltl.o)
    0x0800547c   0x0800547c   0x00000022   Code   RO         4890    .text               mf_w.l(dflti.o)
    0x0800549e   0x0800549e   0x00000032   Code   RO         4892    .text               mf_w.l(ffixi.o)
    0x080054d0   0x080054d0   0x00000028   Code   RO         4894    .text               mf_w.l(ffixui.o)
    0x080054f8   0x080054f8   0x00000042   Code   RO         4896    .text               mf_w.l(ffixl.o)
    0x0800553a   0x0800553a   0x0000003e   Code   RO         4898    .text               mf_w.l(dfixi.o)
    0x08005578   0x08005578   0x00000026   Code   RO         4900    .text               mf_w.l(f2d.o)
    0x0800559e   0x0800559e   0x00000002   PAD
    0x080055a0   0x080055a0   0x00000030   Code   RO         4902    .text               mf_w.l(cdcmple.o)
    0x080055d0   0x080055d0   0x00000030   Code   RO         4904    .text               mf_w.l(cdrcmple.o)
    0x08005600   0x08005600   0x00000038   Code   RO         4906    .text               mf_w.l(d2f.o)
    0x08005638   0x08005638   0x00000014   Code   RO         4908    .text               mf_w.l(cfcmple.o)
    0x0800564c   0x0800564c   0x00000014   Code   RO         4910    .text               mf_w.l(cfrcmple.o)
    0x08005660   0x08005660   0x0000002c   Code   RO         4981    .text               mc_w.l(uidiv.o)
    0x0800568c   0x0800568c   0x00000062   Code   RO         4983    .text               mc_w.l(uldiv.o)
    0x080056ee   0x080056ee   0x00000000   Code   RO         4992    .text               mc_w.l(iusefp.o)
    0x080056ee   0x080056ee   0x0000006e   Code   RO         4993    .text               mf_w.l(fepilogue.o)
    0x0800575c   0x0800575c   0x0000005e   Code   RO         4995    .text               mf_w.l(fsqrt.o)
    0x080057ba   0x080057ba   0x0000003c   Code   RO         4997    .text               mf_w.l(frnd.o)
    0x080057f6   0x080057f6   0x000000ba   Code   RO         4999    .text               mf_w.l(depilogue.o)
    0x080058b0   0x080058b0   0x000000a2   Code   RO         5001    .text               mf_w.l(dsqrt.o)
    0x08005952   0x08005952   0x00000030   Code   RO         5003    .text               mf_w.l(dfixul.o)
    0x08005982   0x08005982   0x00000002   PAD
    0x08005984   0x08005984   0x00000024   Code   RO         5005    .text               mc_w.l(init.o)
    0x080059a8   0x080059a8   0x0000001a   Code   RO         5007    .text               mf_w.l(dfltui.o)
    0x080059c2   0x080059c2   0x00000002   Code   RO          227    i.BusFault_Handler  stm32f1xx_it.o
    0x080059c4   0x080059c4   0x00000002   Code   RO          228    i.DebugMon_Handler  stm32f1xx_it.o
    0x080059c6   0x080059c6   0x00000002   Code   RO           13    i.Error_Handler     main.o
    0x080059c8   0x080059c8   0x00000028   Code   RO         3192    i.HAL_Delay         stm32f1xx_hal.o
    0x080059f0   0x080059f0   0x000001fc   Code   RO         3505    i.HAL_GPIO_Init     stm32f1xx_hal_gpio.o
    0x08005bec   0x08005bec   0x0000000c   Code   RO         3196    i.HAL_GetTick       stm32f1xx_hal.o
    0x08005bf8   0x08005bf8   0x00000198   Code   RO         2734    i.HAL_I2C_Init      stm32f1xx_hal_i2c.o
    0x08005d90   0x08005d90   0x000002dc   Code   RO         2752    i.HAL_I2C_Mem_Read  stm32f1xx_hal_i2c.o
    0x0800606c   0x0800606c   0x00000174   Code   RO         2755    i.HAL_I2C_Mem_Write  stm32f1xx_hal_i2c.o
    0x080061e0   0x080061e0   0x00000098   Code   RO          180    i.HAL_I2C_MspInit   i2c.o
    0x08006278   0x08006278   0x00000010   Code   RO         3202    i.HAL_IncTick       stm32f1xx_hal.o
    0x08006288   0x08006288   0x00000024   Code   RO         3203    i.HAL_Init          stm32f1xx_hal.o
    0x080062ac   0x080062ac   0x00000044   Code   RO         3204    i.HAL_InitTick      stm32f1xx_hal.o
    0x080062f0   0x080062f0   0x0000003c   Code   RO          302    i.HAL_MspInit       stm32f1xx_hal_msp.o
    0x0800632c   0x0800632c   0x00000068   Code   RO         3671    i.HAL_NVIC_SetPriority  stm32f1xx_hal_cortex.o
    0x08006394   0x08006394   0x00000024   Code   RO         3672    i.HAL_NVIC_SetPriorityGrouping  stm32f1xx_hal_cortex.o
    0x080063b8   0x080063b8   0x00000180   Code   RO         3360    i.HAL_RCC_ClockConfig  stm32f1xx_hal_rcc.o
    0x08006538   0x08006538   0x0000000c   Code   RO         3365    i.HAL_RCC_GetHCLKFreq  stm32f1xx_hal_rcc.o
    0x08006544   0x08006544   0x00000020   Code   RO         3367    i.HAL_RCC_GetPCLK1Freq  stm32f1xx_hal_rcc.o
    0x08006564   0x08006564   0x00000078   Code   RO         3369    i.HAL_RCC_GetSysClockFreq  stm32f1xx_hal_rcc.o
    0x080065dc   0x080065dc   0x0000042c   Code   RO         3372    i.HAL_RCC_OscConfig  stm32f1xx_hal_rcc.o
    0x08006a08   0x08006a08   0x00000028   Code   RO         3676    i.HAL_SYSTICK_Config  stm32f1xx_hal_cortex.o
    0x08006a30   0x08006a30   0x00000002   Code   RO          229    i.HardFault_Handler  stm32f1xx_it.o
    0x08006a32   0x08006a32   0x00000032   Code   RO         2777    i.I2C_IsAcknowledgeFailed  stm32f1xx_hal_i2c.o
    0x08006a64   0x08006a64   0x00000134   Code   RO         2787    i.I2C_RequestMemoryRead  stm32f1xx_hal_i2c.o
    0x08006b98   0x08006b98   0x000000c0   Code   RO         2788    i.I2C_RequestMemoryWrite  stm32f1xx_hal_i2c.o
    0x08006c58   0x08006c58   0x0000005c   Code   RO         2796    i.I2C_WaitOnBTFFlagUntilTimeout  stm32f1xx_hal_i2c.o
    0x08006cb4   0x08006cb4   0x000000b4   Code   RO         2797    i.I2C_WaitOnFlagUntilTimeout  stm32f1xx_hal_i2c.o
    0x08006d68   0x08006d68   0x000000ce   Code   RO         2798    i.I2C_WaitOnMasterAddressFlagUntilTimeout  stm32f1xx_hal_i2c.o
    0x08006e36   0x08006e36   0x0000007c   Code   RO         2799    i.I2C_WaitOnRXNEFlagUntilTimeout  stm32f1xx_hal_i2c.o
    0x08006eb2   0x08006eb2   0x0000005c   Code   RO         2801    i.I2C_WaitOnTXEFlagUntilTimeout  stm32f1xx_hal_i2c.o
    0x08006f0e   0x08006f0e   0x0000009a   Code   RO         2580    i.MPU9250_Init      mpu9250.o
    0x08006fa8   0x08006fa8   0x00000032   Code   RO         2581    i.MPU_Get_Accelerometer  mpu9250.o
    0x08006fda   0x08006fda   0x00000032   Code   RO         2582    i.MPU_Get_Gyroscope  mpu9250.o
    0x0800700c   0x0800700c   0x0000003c   Code   RO         2583    i.MPU_Get_Magnetometer  mpu9250.o
    0x08007048   0x08007048   0x0000004c   Code   RO         2584    i.MPU_Get_Temperature  mpu9250.o
    0x08007094   0x08007094   0x00000028   Code   RO         2585    i.MPU_Read_Byte     mpu9250.o
    0x080070bc   0x080070bc   0x00000024   Code   RO         2586    i.MPU_Read_Len      mpu9250.o
    0x080070e0   0x080070e0   0x0000000c   Code   RO         2587    i.MPU_Set_Accel_Fsr  mpu9250.o
    0x080070ec   0x080070ec   0x0000000c   Code   RO         2588    i.MPU_Set_Gyro_Fsr  mpu9250.o
    0x080070f8   0x080070f8   0x00000032   Code   RO         2589    i.MPU_Set_LPF       mpu9250.o
    0x0800712a   0x0800712a   0x00000030   Code   RO         2590    i.MPU_Set_Rate      mpu9250.o
    0x0800715a   0x0800715a   0x00000002   PAD
    0x0800715c   0x0800715c   0x00000028   Code   RO         2591    i.MPU_Write_Byte    mpu9250.o
    0x08007184   0x08007184   0x00000024   Code   RO         2592    i.MPU_Write_Len     mpu9250.o
    0x080071a8   0x080071a8   0x0000003c   Code   RO          151    i.MX_GPIO_Init      gpio.o
    0x080071e4   0x080071e4   0x00000040   Code   RO          181    i.MX_I2C1_Init      i2c.o
    0x08007224   0x08007224   0x00000040   Code   RO          182    i.MX_I2C2_Init      i2c.o
    0x08007264   0x08007264   0x00000002   Code   RO          230    i.MemManage_Handler  stm32f1xx_it.o
    0x08007266   0x08007266   0x00000002   Code   RO          231    i.NMI_Handler       stm32f1xx_it.o
    0x08007268   0x08007268   0x00000034   Code   RO          326    i.OLED_Clear        oled.o
    0x0800729c   0x0800729c   0x00000010   Code   RO          330    i.OLED_Init         oled.o
    0x080072ac   0x080072ac   0x00000022   Code   RO          332    i.OLED_Set_Pos      oled.o
    0x080072ce   0x080072ce   0x00000002   PAD
    0x080072d0   0x080072d0   0x0000004c   Code   RO          333    i.OLED_ShowCHinese  oled.o
    0x0800731c   0x0800731c   0x00000088   Code   RO          334    i.OLED_ShowChar     oled.o
    0x080073a4   0x080073a4   0x00000036   Code   RO          336    i.OLED_ShowString   oled.o
    0x080073da   0x080073da   0x00000002   PAD
    0x080073dc   0x080073dc   0x00000084   Code   RO          337    i.OLED_Show_Para    oled.o
    0x08007460   0x08007460   0x00000024   Code   RO          339    i.OLED_WR_CMD       oled.o
    0x08007484   0x08007484   0x00000024   Code   RO          340    i.OLED_WR_DATA      oled.o
    0x080074a8   0x080074a8   0x00000002   Code   RO          232    i.PendSV_Handler    stm32f1xx_it.o
    0x080074aa   0x080074aa   0x00000002   PAD
    0x080074ac   0x080074ac   0x00000024   Code   RO         3373    i.RCC_Delay         stm32f1xx_hal_rcc.o
    0x080074d0   0x080074d0   0x00000002   Code   RO          233    i.SVC_Handler       stm32f1xx_it.o
    0x080074d2   0x080074d2   0x00000004   Code   RO          234    i.SysTick_Handler   stm32f1xx_it.o
    0x080074d6   0x080074d6   0x0000004e   Code   RO           14    i.SystemClock_Config  main.o
    0x08007524   0x08007524   0x00000048   Code   RO          451    i.SystemInit        system_stm32f1xx.o
    0x0800756c   0x0800756c   0x00000002   Code   RO          235    i.UsageFault_Handler  stm32f1xx_it.o
    0x0800756e   0x0800756e   0x00000002   PAD
    0x08007570   0x08007570   0x00000034   Code   RO          341    i.WriteCmd          oled.o
    0x080075a4   0x080075a4   0x00000098   Code   RO         1167    i._MLPrintLog       log_stm32.o
    0x0800763c   0x0800763c   0x00000020   Code   RO         4840    i.__0printf         mc_w.l(printfa.o)
    0x0800765c   0x0800765c   0x00000028   Code   RO         4842    i.__0sprintf        mc_w.l(printfa.o)
    0x08007684   0x08007684   0x00000024   Code   RO         4846    i.__0vsprintf       mc_w.l(printfa.o)
    0x080076a8   0x080076a8   0x00000028   Code   RO         4929    i.__ARM_fpclassify  m_ws.l(fpclassify.o)
    0x080076d0   0x080076d0   0x00000026   Code   RO         4931    i.__ARM_fpclassifyf  m_ws.l(fpclassifyf.o)
    0x080076f6   0x080076f6   0x00000002   PAD
    0x080076f8   0x080076f8   0x00000388   Code   RO         4950    i.__ieee754_rem_pio2  m_ws.l(rred.o)
    0x08007a80   0x08007a80   0x000000fc   Code   RO         4912    i.__kernel_cos      m_ws.l(cos_i.o)
    0x08007b7c   0x08007b7c   0x000000aa   Code   RO         4947    i.__kernel_poly     m_ws.l(poly.o)
    0x08007c26   0x08007c26   0x00000002   PAD
    0x08007c28   0x08007c28   0x000000ec   Code   RO         4958    i.__kernel_sin      m_ws.l(sin_i.o)
    0x08007d14   0x08007d14   0x00000010   Code   RO         4915    i.__mathlib_dbl_divzero  m_ws.l(dunder.o)
    0x08007d24   0x08007d24   0x00000006   Code   RO         4916    i.__mathlib_dbl_infnan  m_ws.l(dunder.o)
    0x08007d2a   0x08007d2a   0x0000000c   Code   RO         4918    i.__mathlib_dbl_invalid  m_ws.l(dunder.o)
    0x08007d36   0x08007d36   0x00000002   PAD
    0x08007d38   0x08007d38   0x00000010   Code   RO         4921    i.__mathlib_dbl_underflow  m_ws.l(dunder.o)
    0x08007d48   0x08007d48   0x00000006   Code   RO         4934    i.__mathlib_flt_infnan  m_ws.l(funder.o)
    0x08007d4e   0x08007d4e   0x00000004   Code   RO         4935    i.__mathlib_flt_infnan2  m_ws.l(funder.o)
    0x08007d52   0x08007d52   0x00000008   Code   RO         4936    i.__mathlib_flt_invalid  m_ws.l(funder.o)
    0x08007d5a   0x08007d5a   0x0000000a   Code   RO         4939    i.__mathlib_flt_underflow  m_ws.l(funder.o)
    0x08007d64   0x08007d64   0x00000168   Code   RO         4955    i.__mathlib_rredf2  m_ws.l(rredf.o)
    0x08007ecc   0x08007ecc   0x00000030   Code   RO         2234    i.__print_result_location  mpl.o
    0x08007efc   0x08007efc   0x0000000e   Code   RO         5011    i.__scatterload_copy  mc_w.l(handlers.o)
    0x08007f0a   0x08007f0a   0x00000002   Code   RO         5012    i.__scatterload_null  mc_w.l(handlers.o)
    0x08007f0c   0x08007f0c   0x0000000e   Code   RO         5013    i.__scatterload_zeroinit  mc_w.l(handlers.o)
    0x08007f1a   0x08007f1a   0x00000002   PAD
    0x08007f1c   0x08007f1c   0x0000000c   Code   RO         4987    i.__set_errno       mc_w.l(errno.o)
    0x08007f28   0x08007f28   0x00000184   Code   RO         4847    i._fp_digits        mc_w.l(printfa.o)
    0x080080ac   0x080080ac   0x000006b4   Code   RO         4848    i._printf_core      mc_w.l(printfa.o)
    0x08008760   0x08008760   0x00000024   Code   RO         4849    i._printf_post_padding  mc_w.l(printfa.o)
    0x08008784   0x08008784   0x0000002e   Code   RO         4850    i._printf_pre_padding  mc_w.l(printfa.o)
    0x080087b2   0x080087b2   0x0000000a   Code   RO         4852    i._sputc            mc_w.l(printfa.o)
    0x080087bc   0x080087bc   0x0000041c   Code   RO          488    i.accel_6500_self_test  inv_mpu.o
    0x08008bd8   0x08008bd8   0x0000011c   Code   RO         4457    i.acosf             m_ws.l(acosf.o)
    0x08008cf4   0x08008cf4   0x000002a4   Code   RO         4501    i.atan2f            m_ws.l(atan2f.o)
    0x08008f98   0x08008f98   0x00000118   Code   RO          489    i.compass_self_test  inv_mpu.o
    0x080090b0   0x080090b0   0x0000009c   Code   RO         4513    i.cos               m_ws.l(cos.o)
    0x0800914c   0x0800914c   0x0000017c   Code   RO         4521    i.cosf              m_ws.l(cosf.o)
    0x080092c8   0x080092c8   0x0000003a   Code   RO          978    i.dmp_enable_6x_lp_quat  inv_mpu_dmp_motion_driver.o
    0x08009302   0x08009302   0x00000002   PAD
    0x08009304   0x08009304   0x000001d8   Code   RO          979    i.dmp_enable_feature  inv_mpu_dmp_motion_driver.o
    0x080094dc   0x080094dc   0x0000003c   Code   RO          980    i.dmp_enable_gyro_cal  inv_mpu_dmp_motion_driver.o
    0x08009518   0x08009518   0x0000003a   Code   RO          981    i.dmp_enable_lp_quat  inv_mpu_dmp_motion_driver.o
    0x08009552   0x08009552   0x00000002   PAD
    0x08009554   0x08009554   0x00000014   Code   RO          986    i.dmp_load_motion_driver_firmware  inv_mpu_dmp_motion_driver.o
    0x08009568   0x08009568   0x00000164   Code   RO          987    i.dmp_read_fifo     inv_mpu_dmp_motion_driver.o
    0x080096cc   0x080096cc   0x000000d8   Code   RO          990    i.dmp_set_accel_bias  inv_mpu_dmp_motion_driver.o
    0x080097a4   0x080097a4   0x00000064   Code   RO          991    i.dmp_set_fifo_rate  inv_mpu_dmp_motion_driver.o
    0x08009808   0x08009808   0x000000cc   Code   RO          992    i.dmp_set_gyro_bias  inv_mpu_dmp_motion_driver.o
    0x080098d4   0x080098d4   0x0000010c   Code   RO          994    i.dmp_set_orientation  inv_mpu_dmp_motion_driver.o
    0x080099e0   0x080099e0   0x00000030   Code   RO          997    i.dmp_set_shake_reject_thresh  inv_mpu_dmp_motion_driver.o
    0x08009a10   0x08009a10   0x00000020   Code   RO          998    i.dmp_set_shake_reject_time  inv_mpu_dmp_motion_driver.o
    0x08009a30   0x08009a30   0x00000020   Code   RO          999    i.dmp_set_shake_reject_timeout  inv_mpu_dmp_motion_driver.o
    0x08009a50   0x08009a50   0x00000040   Code   RO         1000    i.dmp_set_tap_axes  inv_mpu_dmp_motion_driver.o
    0x08009a90   0x08009a90   0x00000022   Code   RO         1001    i.dmp_set_tap_count  inv_mpu_dmp_motion_driver.o
    0x08009ab2   0x08009ab2   0x00000002   PAD
    0x08009ab4   0x08009ab4   0x00000128   Code   RO         1002    i.dmp_set_tap_thresh  inv_mpu_dmp_motion_driver.o
    0x08009bdc   0x08009bdc   0x00000020   Code   RO         1003    i.dmp_set_tap_time  inv_mpu_dmp_motion_driver.o
    0x08009bfc   0x08009bfc   0x00000020   Code   RO         1004    i.dmp_set_tap_time_multi  inv_mpu_dmp_motion_driver.o
    0x08009c1c   0x08009c1c   0x00000028   Code   RO           15    i.fputc             main.o
    0x08009c44   0x08009c44   0x000004a8   Code   RO          490    i.get_st_6500_biases  inv_mpu.o
    0x0800a0ec   0x0800a0ec   0x000003e0   Code   RO          492    i.gyro_6500_self_test  inv_mpu.o
    0x0800a4cc   0x0800a4cc   0x0000006a   Code   RO         1285    i.inv_apply_calibration  data_builder.o
    0x0800a536   0x0800a536   0x00000002   PAD
    0x0800a538   0x0800a538   0x00000068   Code   RO         1286    i.inv_build_accel   data_builder.o
    0x0800a5a0   0x0800a5a0   0x00000084   Code   RO         1287    i.inv_build_compass  data_builder.o
    0x0800a624   0x0800a624   0x00000030   Code   RO         1288    i.inv_build_gyro    data_builder.o
    0x0800a654   0x0800a654   0x0000001c   Code   RO         1290    i.inv_build_temp    data_builder.o
    0x0800a670   0x0800a670   0x00000092   Code   RO         1880    i.inv_compass_angle  ml_math_func.o
    0x0800a702   0x0800a702   0x0000005c   Code   RO         1882    i.inv_convert_to_body_with_scale  ml_math_func.o
    0x0800a75e   0x0800a75e   0x00000002   PAD
    0x0800a760   0x0800a760   0x0000003c   Code   RO         1292    i.inv_db_load_func  data_builder.o
    0x0800a79c   0x0800a79c   0x00000014   Code   RO         1293    i.inv_db_save_func  data_builder.o
    0x0800a7b0   0x0800a7b0   0x0000001c   Code   RO         1204    i.inv_enable_eMPL_outputs  empl_outputs.o
    0x0800a7cc   0x0800a7cc   0x0000001c   Code   RO         2272    i.inv_enable_results_holder  results_holder.o
    0x0800a7e8   0x0800a7e8   0x0000002c   Code   RO         2507    i.inv_execute_mpl_start_notification  start_manager.o
    0x0800a814   0x0800a814   0x00000080   Code   RO         1296    i.inv_execute_on_data  data_builder.o
    0x0800a894   0x0800a894   0x000000a4   Code   RO         1205    i.inv_generate_eMPL_outputs  empl_outputs.o
    0x0800a938   0x0800a938   0x00000010   Code   RO         2273    i.inv_generate_results  results_holder.o
    0x0800a948   0x0800a948   0x00000014   Code   RO         2274    i.inv_get_6axis_quaternion  results_holder.o
    0x0800a95c   0x0800a95c   0x0000000c   Code   RO         2275    i.inv_get_acc_state  results_holder.o
    0x0800a968   0x0800a968   0x0000000c   Code   RO         1297    i.inv_get_accel_accuracy  data_builder.o
    0x0800a974   0x0800a974   0x00000010   Code   RO         1299    i.inv_get_accel_on  data_builder.o
    0x0800a984   0x0800a984   0x00000028   Code   RO         1303    i.inv_get_accel_set  data_builder.o
    0x0800a9ac   0x0800a9ac   0x00000014   Code   RO         1304    i.inv_get_compass_bias  data_builder.o
    0x0800a9c0   0x0800a9c0   0x00000018   Code   RO         2279    i.inv_get_compass_correction  results_holder.o
    0x0800a9d8   0x0800a9d8   0x00000010   Code   RO         1306    i.inv_get_compass_on  data_builder.o
    0x0800a9e8   0x0800a9e8   0x0000001c   Code   RO         1313    i.inv_get_compass_soft_iron_output_data  data_builder.o
    0x0800aa04   0x0800aa04   0x0000000c   Code   RO         2280    i.inv_get_compass_state  results_holder.o
    0x0800aa10   0x0800aa10   0x00000054   Code   RO         2281    i.inv_get_gravity   results_holder.o
    0x0800aa64   0x0800aa64   0x00000010   Code   RO         1314    i.inv_get_gyro      data_builder.o
    0x0800aa74   0x0800aa74   0x0000000c   Code   RO         1315    i.inv_get_gyro_accuracy  data_builder.o
    0x0800aa80   0x0800aa80   0x00000024   Code   RO         1316    i.inv_get_gyro_bias  data_builder.o
    0x0800aaa4   0x0800aaa4   0x00000018   Code   RO         1317    i.inv_get_gyro_bias_tc_set  data_builder.o
    0x0800aabc   0x0800aabc   0x00000010   Code   RO         1318    i.inv_get_gyro_on   data_builder.o
    0x0800aacc   0x0800aacc   0x0000001a   Code   RO         1886    i.inv_get_gyro_sum_of_sqr  ml_math_func.o
    0x0800aae6   0x0800aae6   0x00000002   PAD
    0x0800aae8   0x0800aae8   0x0000000c   Code   RO         2284    i.inv_get_large_mag_field  results_holder.o
    0x0800aaf4   0x0800aaf4   0x00000048   Code   RO         1324    i.inv_get_last_timestamp  data_builder.o
    0x0800ab3c   0x0800ab3c   0x0000003a   Code   RO         2285    i.inv_get_linear_accel  results_holder.o
    0x0800ab76   0x0800ab76   0x00000002   PAD
    0x0800ab78   0x0800ab78   0x0000003a   Code   RO         2286    i.inv_get_linear_accel_float  results_holder.o
    0x0800abb2   0x0800abb2   0x00000002   PAD
    0x0800abb4   0x0800abb4   0x00000010   Code   RO         2287    i.inv_get_local_field  results_holder.o
    0x0800abc4   0x0800abc4   0x0000001c   Code   RO         1325    i.inv_get_mag_accuracy  data_builder.o
    0x0800abe0   0x0800abe0   0x00000010   Code   RO         2289    i.inv_get_motion_state  results_holder.o
    0x0800abf0   0x0800abf0   0x00000034   Code   RO         2290    i.inv_get_quaternion  results_holder.o
    0x0800ac24   0x0800ac24   0x00000038   Code   RO         2292    i.inv_get_quaternion_set  results_holder.o
    0x0800ac5c   0x0800ac5c   0x000001b4   Code   RO         1208    i.inv_get_sensor_type_euler  empl_outputs.o
    0x0800ae10   0x0800ae10   0x00000054   Code   RO         1747    i.inv_get_sensor_type_gravity  hal_outputs.o
    0x0800ae64   0x0800ae64   0x0000000c   Code   RO         2294    i.inv_got_compass_bias  results_holder.o
    0x0800ae70   0x0800ae70   0x0000003c   Code   RO         1328    i.inv_init_data_builder  data_builder.o
    0x0800aeac   0x0800aeac   0x00000078   Code   RO         2236    i.inv_init_mpl      mpl.o
    0x0800af24   0x0800af24   0x00000030   Code   RO         2295    i.inv_init_results_holder  results_holder.o
    0x0800af54   0x0800af54   0x00000014   Code   RO         2508    i.inv_init_start_manager  start_manager.o
    0x0800af68   0x0800af68   0x00000018   Code   RO         2540    i.inv_init_storage_manager  storage_manager.o
    0x0800af80   0x0800af80   0x00000022   Code   RO         1895    i.inv_orientation_matrix_to_scalar  ml_math_func.o
    0x0800afa2   0x0800afa2   0x0000000c   Code   RO         1896    i.inv_q29_mult      ml_math_func.o
    0x0800afae   0x0800afae   0x0000000c   Code   RO         1898    i.inv_q30_mult      ml_math_func.o
    0x0800afba   0x0800afba   0x00000012   Code   RO         1900    i.inv_q30_to_float  ml_math_func.o
    0x0800afcc   0x0800afcc   0x00000024   Code   RO         1901    i.inv_q_add         ml_math_func.o
    0x0800aff0   0x0800aff0   0x00000032   Code   RO         1902    i.inv_q_addf        ml_math_func.o
    0x0800b022   0x0800b022   0x00000018   Code   RO         1903    i.inv_q_invert      ml_math_func.o
    0x0800b03a   0x0800b03a   0x0000001e   Code   RO         1904    i.inv_q_invertf     ml_math_func.o
    0x0800b058   0x0800b058   0x000000b0   Code   RO         1905    i.inv_q_mult        ml_math_func.o
    0x0800b108   0x0800b108   0x000000f6   Code   RO         1906    i.inv_q_multf       ml_math_func.o
    0x0800b1fe   0x0800b1fe   0x00000084   Code   RO         1907    i.inv_q_norm4       ml_math_func.o
    0x0800b282   0x0800b282   0x0000010a   Code   RO         1909    i.inv_q_normalizef  ml_math_func.o
    0x0800b38c   0x0800b38c   0x0000003e   Code   RO         1910    i.inv_q_rotate      ml_math_func.o
    0x0800b3ca   0x0800b3ca   0x000000da   Code   RO         1912    i.inv_quaternion_to_rotation  ml_math_func.o
    0x0800b4a4   0x0800b4a4   0x000000a4   Code   RO         1331    i.inv_register_data_cb  data_builder.o
    0x0800b548   0x0800b548   0x0000006c   Code   RO         2542    i.inv_register_load_store  storage_manager.o
    0x0800b5b4   0x0800b5b4   0x00000020   Code   RO         2509    i.inv_register_mpl_start_notification  start_manager.o
    0x0800b5d4   0x0800b5d4   0x00000048   Code   RO         1332    i.inv_reset_compass_soft_iron_matrix  data_builder.o
    0x0800b61c   0x0800b61c   0x00000048   Code   RO         1914    i.inv_row_2_scale   ml_math_func.o
    0x0800b664   0x0800b664   0x0000001c   Code   RO         1333    i.inv_set_accel_accuracy  data_builder.o
    0x0800b680   0x0800b680   0x0000000c   Code   RO         2298    i.inv_set_accel_bias_found  results_holder.o
    0x0800b68c   0x0800b68c   0x00000050   Code   RO         1336    i.inv_set_accel_bias_mask  data_builder.o
    0x0800b6dc   0x0800b6dc   0x0000000c   Code   RO         1337    i.inv_set_accel_orientation_and_scale  data_builder.o
    0x0800b6e8   0x0800b6e8   0x0000002c   Code   RO         1338    i.inv_set_accel_sample_rate  data_builder.o
    0x0800b714   0x0800b714   0x00000048   Code   RO         1340    i.inv_set_compass_bias  data_builder.o
    0x0800b75c   0x0800b75c   0x00000010   Code   RO         2299    i.inv_set_compass_bias_error  results_holder.o
    0x0800b76c   0x0800b76c   0x0000000c   Code   RO         2300    i.inv_set_compass_bias_found  results_holder.o
    0x0800b778   0x0800b778   0x00000020   Code   RO         2301    i.inv_set_compass_correction  results_holder.o
    0x0800b798   0x0800b798   0x0000000c   Code   RO         1341    i.inv_set_compass_disturbance  data_builder.o
    0x0800b7a4   0x0800b7a4   0x00000010   Code   RO         1342    i.inv_set_compass_orientation_and_scale  data_builder.o
    0x0800b7b4   0x0800b7b4   0x0000002c   Code   RO         1343    i.inv_set_compass_sample_rate  data_builder.o
    0x0800b7e0   0x0800b7e0   0x00000050   Code   RO         1344    i.inv_set_compass_soft_iron_input_data  data_builder.o
    0x0800b830   0x0800b830   0x0000000c   Code   RO         2302    i.inv_set_compass_state  results_holder.o
    0x0800b83c   0x0800b83c   0x00000080   Code   RO         1347    i.inv_set_contiguous  data_builder.o
    0x0800b8bc   0x0800b8bc   0x0000005c   Code   RO         1349    i.inv_set_gyro_bias  data_builder.o
    0x0800b918   0x0800b918   0x0000000c   Code   RO         1350    i.inv_set_gyro_orientation_and_scale  data_builder.o
    0x0800b924   0x0800b924   0x00000028   Code   RO         1351    i.inv_set_gyro_sample_rate  data_builder.o
    0x0800b94c   0x0800b94c   0x00000014   Code   RO         1855    i.inv_set_message   message_layer.o
    0x0800b960   0x0800b960   0x00000034   Code   RO         2307    i.inv_set_motion_state  results_holder.o
    0x0800b994   0x0800b994   0x00000010   Code   RO         1213    i.inv_start_eMPL_outputs  empl_outputs.o
    0x0800b9a4   0x0800b9a4   0x0000003c   Code   RO         2237    i.inv_start_mpl     mpl.o
    0x0800b9e0   0x0800b9e0   0x00000018   Code   RO         2308    i.inv_start_results_holder  results_holder.o
    0x0800b9f8   0x0800b9f8   0x00000020   Code   RO         2309    i.inv_store_gaming_quaternion  results_holder.o
    0x0800ba18   0x0800ba18   0x0000004c   Code   RO         1354    i.inv_unregister_data_cb  data_builder.o
    0x0800ba64   0x0800ba64   0x00000048   Code   RO         2510    i.inv_unregister_mpl_start_notification  start_manager.o
    0x0800baac   0x0800baac   0x0000035c   Code   RO         4533    i.log               m_ws.l(log.o)
    0x0800be08   0x0800be08   0x00000026   Code   RO           16    i.main              main.o
    0x0800be2e   0x0800be2e   0x00000002   Code   RO          494    i.mget_ms           inv_mpu.o
    0x0800be30   0x0800be30   0x00000032   Code   RO         1919    i.mlMatrixVectorMult  ml_math_func.o
    0x0800be62   0x0800be62   0x00000002   PAD
    0x0800be64   0x0800be64   0x00000140   Code   RO         2593    i.mpu9250_Start     mpu9250.o
    0x0800bfa4   0x0800bfa4   0x00000054   Code   RO          495    i.mpu_configure_fifo  inv_mpu.o
    0x0800bff8   0x0800bff8   0x00000160   Code   RO          497    i.mpu_dmp_init      inv_mpu.o
    0x0800c158   0x0800c158   0x0000003c   Code   RO          498    i.mpu_get_accel_fsr  inv_mpu.o
    0x0800c194   0x0800c194   0x00000044   Code   RO          500    i.mpu_get_accel_sens  inv_mpu.o
    0x0800c1d8   0x0800c1d8   0x00000080   Code   RO          502    i.mpu_get_compass_reg  inv_mpu.o
    0x0800c258   0x0800c258   0x00000034   Code   RO          506    i.mpu_get_gyro_fsr  inv_mpu.o
    0x0800c28c   0x0800c28c   0x00000040   Code   RO          508    i.mpu_get_gyro_sens  inv_mpu.o
    0x0800c2cc   0x0800c2cc   0x00000038   Code   RO          510    i.mpu_get_lpf       inv_mpu.o
    0x0800c304   0x0800c304   0x0000001c   Code   RO          512    i.mpu_get_sample_rate  inv_mpu.o
    0x0800c320   0x0800c320   0x00000070   Code   RO          513    i.mpu_get_temperature  inv_mpu.o
    0x0800c390   0x0800c390   0x000000d8   Code   RO          514    i.mpu_init          inv_mpu.o
    0x0800c468   0x0800c468   0x000000a0   Code   RO          515    i.mpu_load_firmware  inv_mpu.o
    0x0800c508   0x0800c508   0x000000b8   Code   RO          516    i.mpu_lp_accel_mode  inv_mpu.o
    0x0800c5c0   0x0800c5c0   0x000000d8   Code   RO          518    i.mpu_mpl_get_data  inv_mpu.o
    0x0800c698   0x0800c698   0x00000090   Code   RO          523    i.mpu_read_fifo_stream  inv_mpu.o
    0x0800c728   0x0800c728   0x00000054   Code   RO          524    i.mpu_read_mem      inv_mpu.o
    0x0800c77c   0x0800c77c   0x00000160   Code   RO          527    i.mpu_reset_fifo    inv_mpu.o
    0x0800c8dc   0x0800c8dc   0x0000027c   Code   RO          528    i.mpu_run_6500_self_test  inv_mpu.o
    0x0800cb58   0x0800cb58   0x00000068   Code   RO          532    i.mpu_set_accel_fsr  inv_mpu.o
    0x0800cbc0   0x0800cbc0   0x000000dc   Code   RO          533    i.mpu_set_bypass    inv_mpu.o
    0x0800cc9c   0x0800cc9c   0x0000004c   Code   RO          534    i.mpu_set_compass_sample_rate  inv_mpu.o
    0x0800cce8   0x0800cce8   0x00000078   Code   RO          535    i.mpu_set_dmp_state  inv_mpu.o
    0x0800cd60   0x0800cd60   0x0000006c   Code   RO          537    i.mpu_set_gyro_fsr  inv_mpu.o
    0x0800cdcc   0x0800cdcc   0x00000064   Code   RO          538    i.mpu_set_int_latched  inv_mpu.o
    0x0800ce30   0x0800ce30   0x0000006c   Code   RO          540    i.mpu_set_lpf       inv_mpu.o
    0x0800ce9c   0x0800ce9c   0x00000090   Code   RO          541    i.mpu_set_sample_rate  inv_mpu.o
    0x0800cf2c   0x0800cf2c   0x00000134   Code   RO          542    i.mpu_set_sensors   inv_mpu.o
    0x0800d060   0x0800d060   0x00000054   Code   RO          543    i.mpu_write_mem     inv_mpu.o
    0x0800d0b4   0x0800d0b4   0x00000082   Code   RO          544    i.run_self_test     inv_mpu.o
    0x0800d136   0x0800d136   0x00000002   PAD
    0x0800d138   0x0800d138   0x00000058   Code   RO          545    i.set_int_enable    inv_mpu.o
    0x0800d190   0x0800d190   0x000001d8   Code   RO          546    i.setup_compass     inv_mpu.o
    0x0800d368   0x0800d368   0x00000188   Code   RO         4561    i.sinf              m_ws.l(sinf.o)
    0x0800d4f0   0x0800d4f0   0x0000004c   Code   RO         4569    i.sqrt              m_ws.l(sqrt.o)
    0x0800d53c   0x0800d53c   0x0000002c   Code   RO         4577    i.sqrtf             m_ws.l(sqrtf.o)
    0x0800d568   0x0800d568   0x00000b08   Data   RO          343    .constdata          oled.o
    0x0800e070   0x0800e070   0x00000010   Data   RO          452    .constdata          system_stm32f1xx.o
    0x0800e080   0x0800e080   0x00000008   Data   RO          453    .constdata          system_stm32f1xx.o
    0x0800e088   0x0800e088   0x0000002a   Data   RO          547    .constdata          inv_mpu.o
    0x0800e0b2   0x0800e0b2   0x0000000e   Data   RO          548    .constdata          inv_mpu.o
    0x0800e0c0   0x0800e0c0   0x00000030   Data   RO          549    .constdata          inv_mpu.o
    0x0800e0f0   0x0800e0f0   0x00000200   Data   RO          550    .constdata          inv_mpu.o
    0x0800e2f0   0x0800e2f0   0x00000bf6   Data   RO         1006    .constdata          inv_mpu_dmp_motion_driver.o
    0x0800eee6   0x0800eee6   0x0000002f   Data   RO         2238    .constdata          mpl.o
    0x0800ef15   0x0800ef15   0x00000003   PAD
    0x0800ef18   0x0800ef18   0x00000038   Data   RO         4534    .constdata          m_ws.l(log.o)
    0x0800ef50   0x0800ef50   0x00000030   Data   RO         4913    .constdata          m_ws.l(cos_i.o)
    0x0800ef80   0x0800ef80   0x00000008   Data   RO         4949    .constdata          m_ws.l(qnan.o)
    0x0800ef88   0x0800ef88   0x000000c8   Data   RO         4952    .constdata          m_ws.l(rred.o)
    0x0800f050   0x0800f050   0x00000020   Data   RO         4956    .constdata          m_ws.l(rredf.o)
    0x0800f070   0x0800f070   0x00000028   Data   RO         4959    .constdata          m_ws.l(sin_i.o)
    0x0800f098   0x0800f098   0x00000009   Data   RO          551    .conststring        inv_mpu.o
    0x0800f0a1   0x0800f0a1   0x00000003   PAD
    0x0800f0a4   0x0800f0a4   0x00000044   Data   RO         1357    .conststring        data_builder.o
    0x0800f0e8   0x0800f0e8   0x00000020   Data   RO         5009    Region$$Table       anon$$obj.o


    Execution Region RW_IRAM1 (Exec base: 0x20000000, Load base: 0x0800f108, Size: 0x00001f60, Max: 0x00005000, ABSOLUTE)

    Exec Addr    Load Addr    Size         Type   Attr      Idx    E Section Name        Object

    0x20000000   0x0800f108   0x0000001b   Data   RW          344    .data               oled.o
    0x2000001b   0x0800f123   0x00000001   PAD
    0x2000001c   0x0800f124   0x00000004   Data   RW          454    .data               system_stm32f1xx.o
    0x20000020   0x0800f128   0x00000004   Data   RW          552    .data               inv_mpu.o
    0x20000024   0x0800f12c   0x0000004a   Data   RW          553    .data               inv_mpu.o
    0x2000006e   0x0800f176   0x00000002   PAD
    0x20000070   0x0800f178   0x00000004   Data   RW         1856    .data               message_layer.o
    0x20000074   0x0800f17c   0x0000000c   Data   RW         3210    .data               stm32f1xx_hal.o
    0x20000080   0x0800f188   0x00000010   Data   RW         4216    .data               libmpllib.lib(compass_vec_cal.o)
    0x20000090   0x0800f198   0x00000004   Data   RW         4980    .data               mc_w.l(stdout.o)
    0x20000094   0x0800f19c   0x00000004   Data   RW         4988    .data               mc_w.l(errno.o)
    0x20000098        -       0x000000a8   Zero   RW          183    .bss                i2c.o
    0x20000140        -       0x00000010   Zero   RW         1005    .bss                inv_mpu_dmp_motion_driver.o
    0x20000150        -       0x00000028   Zero   RW         1214    .bss                empl_outputs.o
    0x20000178        -       0x000002d8   Zero   RW         1356    .bss                data_builder.o
    0x20000450        -       0x000000c4   Zero   RW         1757    .bss                hal_outputs.o
    0x20000514        -       0x00000088   Zero   RW         2310    .bss                results_holder.o
    0x2000059c        -       0x00000054   Zero   RW         2511    .bss                start_manager.o
    0x200005f0        -       0x00000198   Zero   RW         2544    .bss                storage_manager.o
    0x20000788        -       0x00000460   Zero   RW         4215    .bss                libmpllib.lib(compass_vec_cal.o)
    0x20000be8        -       0x000002a0   Zero   RW         4305    .bss                libmpllib.lib(fast_no_motion.o)
    0x20000e88        -       0x00000138   Zero   RW         4338    .bss                libmpllib.lib(fusion_9axis.o)
    0x20000fc0        -       0x000001c4   Zero   RW         4360    .bss                libmpllib.lib(gyro_tc.o)
    0x20001184        -       0x000000b8   Zero   RW         4378    .bss                libmpllib.lib(mag_disturb.o)
    0x2000123c        -       0x0000006c   Zero   RW         4400    .bss                libmpllib.lib(quaternion_supervisor.o)
    0x200012a8        -       0x000004b8   Zero   RW         4418    .bss                libmpllib.lib(accel_auto_cal.o)
    0x20001760        -       0x00000800   Zero   RW            1    STACK               startup_stm32f103xb.o


==============================================================================

Image component sizes


      Code (inc. data)   RO Data    RW Data    ZI Data      Debug   Object Name

      1994        244         68          0        728      25676   data_builder.o
       644         46          0          0         40       6642   empl_outputs.o
        60          6          0          0          0        759   gpio.o
        84         10          0          0        196       3209   hal_outputs.o
       280         46          0          0        168       2138   i2c.o
      8576       1522        625         78          0      42178   inv_mpu.o
      2382        118       3062          0         16      19354   inv_mpu_dmp_motion_driver.o
       152         10          0          0          0        986   log_stm32.o
       158          4          0          0          0     420331   main.o
        20          4          0          4          0       1098   message_layer.o
      1702          0          0          0          0      13632   ml_math_func.o
       228         78         47          0          0       5032   mpl.o
       984        146          0          0          0      10892   mpu9250.o
       624         60       2824         27          0       6417   oled.o
       716        116          0          0        136      14245   results_holder.o
       168         20          0          0         84       3104   start_manager.o
        36          8        236          0       2048        788   startup_stm32f103xb.o
       172         30          0         12          0       5769   stm32f1xx_hal.o
       180         16          0          0          0      27970   stm32f1xx_hal_cortex.o
       508         12          0          0          0       2208   stm32f1xx_hal_gpio.o
      2756         50          0          0          0      12846   stm32f1xx_hal_i2c.o
        60          8          0          0          0        810   stm32f1xx_hal_msp.o
      1652         88          0          0          0       6213   stm32f1xx_hal_rcc.o
        20          0          0          0          0       3650   stm32f1xx_it.o
       132         10          0          0        408       2365   storage_manager.o
        72         16         24          4          0       1111   system_stm32f1xx.o

    ----------------------------------------------------------------------
     24390       2668       6924        128       3824     639423   Object Totals
         0          0         32          0          0          0   (incl. Generated)
        30          0          6          3          0          0   (incl. Padding)

    ----------------------------------------------------------------------

      Code (inc. data)   RO Data    RW Data    ZI Data      Debug   Library Member Name

      2796        150          0          0       1208       9108   accel_auto_cal.o
      7772        154          0         16       1120      19264   compass_vec_cal.o
      2548         42          0          0        672      13408   fast_no_motion.o
      1628         54          0          0        312       5308   fusion_9axis.o
      1212         30          0          0        452       5515   gyro_tc.o
      1360         46          0          0        184       7270   mag_disturb.o
      2368        102          0          0        108       5409   quaternion_supervisor.o
       284         42          0          0          0        120   acosf.o
       676         78          0          0          0        116   atan2f.o
       156          8          0          0          0        104   cos.o
       252         22         48          0          0        124   cos_i.o
       380         52          0          0          0        124   cosf.o
        50         10          0          0          0        272   dunder.o
        40          0          0          0          0         68   fpclassify.o
        38          0          0          0          0         68   fpclassifyf.o
        28          0          0          0          0        272   funder.o
       860         52         56          0          0        256   log.o
       170          0          0          0          0         96   poly.o
         0          0          8          0          0          0   qnan.o
       904         76        200          0          0        140   rred.o
       360         16         32          0          0         88   rredf.o
       236         12         40          0          0        128   sin_i.o
       392         54          0          0          0        124   sinf.o
        76          0          0          0          0         84   sqrt.o
        44          0          0          0          0         80   sqrtf.o
         0          0          0          0          0          0   entry.o
         0          0          0          0          0          0   entry10a.o
         0          0          0          0          0          0   entry11a.o
         4          0          0          0          0          0   entry12b.o
         8          4          0          0          0          0   entry2.o
         4          0          0          0          0          0   entry5.o
         0          0          0          0          0          0   entry7b.o
         0          0          0          0          0          0   entry8b.o
         8          4          0          0          0          0   entry9a.o
        12          6          0          4          0         68   errno.o
        30          0          0          0          0          0   handlers.o
        36          8          0          0          0         68   init.o
         0          0          0          0          0          0   iusefp.o
        98          0          0          0          0         84   ldiv.o
        30          0          0          0          0         68   llshl.o
        36          0          0          0          0         68   llsshr.o
        32          0          0          0          0         68   llushr.o
        26          0          0          0          0         80   memcmp.o
        64          0          0          0          0         76   memmovea.o
        36          0          0          0          0        108   memseta.o
      2304        102          0          0          0        696   printfa.o
         0          0          0          4          0          0   stdout.o
        44          0          0          0          0         80   uidiv.o
        98          0          0          0          0         92   uldiv.o
        48          0          0          0          0         68   cdcmple.o
        48          0          0          0          0         68   cdrcmple.o
        20          0          0          0          0         68   cfcmple.o
        20          0          0          0          0         68   cfrcmple.o
        56          0          0          0          0         88   d2f.o
       334          0          0          0          0        148   dadd.o
       222          0          0          0          0        100   ddiv.o
       186          0          0          0          0        176   depilogue.o
        62          0          0          0          0         80   dfixi.o
        48          0          0          0          0         68   dfixul.o
        34          0          0          0          0         76   dflti.o
        26          0          0          0          0         76   dfltui.o
       228          0          0          0          0         96   dmul.o
        46          0          0          0          0         80   dscalb.o
       162          0          0          0          0        100   dsqrt.o
        38          0          0          0          0         68   f2d.o
       176          0          0          0          0        140   fadd.o
       124          0          0          0          0         88   fdiv.o
       110          0          0          0          0        168   fepilogue.o
        50          0          0          0          0         68   ffixi.o
        66          0          0          0          0         76   ffixl.o
        40          0          0          0          0         68   ffixui.o
        18          0          0          0          0         68   fflti.o
        44          0          0          0          0         92   ffltl.o
        10          0          0          0          0         68   ffltui.o
       100          0          0          0          0         76   fmul.o
        60          0          0          0          0         76   frnd.o
        24          0          0          0          0         68   fscalb.o
        94          0          0          0          0         96   fsqrt.o

    ----------------------------------------------------------------------
     30006       1124        384         24       4056      71682   Library Totals
        12          0          0          0          0          0   (incl. Padding)

    ----------------------------------------------------------------------

      Code (inc. data)   RO Data    RW Data    ZI Data      Debug   Library Name

     19684        578          0         16       4056      65282   libmpllib.lib
      4946        422        384          0          0       2264   m_ws.l
      2870        124          0          8          0       1556   mc_w.l
      2494          0          0          0          0       2580   mf_w.l

    ----------------------------------------------------------------------
     30006       1124        384         24       4056      71682   Library Totals

    ----------------------------------------------------------------------

==============================================================================


      Code (inc. data)   RO Data    RW Data    ZI Data      Debug   

     54396       3792       7308        152       7880     695345   Grand Totals
     54396       3792       7308        152       7880     695345   ELF Image Totals
     54396       3792       7308        152          0          0   ROM Totals

==============================================================================

    Total RO  Size (Code + RO Data)                61704 (  60.26kB)
    Total RW  Size (RW Data + ZI Data)              8032 (   7.84kB)
    Total ROM Size (Code + RO Data + RW Data)      61856 (  60.41kB)

==============================================================================

