Component: ARM Compiler 5.06 update 1 (build 61) Tool: armlink [4d35a8]

==============================================================================

Section Cross References

    startup_stm32f103xb.o(RESET) refers to startup_stm32f103xb.o(STACK) for __initial_sp
    startup_stm32f103xb.o(RESET) refers to startup_stm32f103xb.o(.text) for Reset_Handler
    startup_stm32f103xb.o(RESET) refers to stm32f1xx_it.o(i.NMI_Handler) for NMI_Handler
    startup_stm32f103xb.o(RESET) refers to stm32f1xx_it.o(i.HardFault_Handler) for HardFault_Handler
    startup_stm32f103xb.o(RESET) refers to stm32f1xx_it.o(i.MemManage_Handler) for MemManage_Handler
    startup_stm32f103xb.o(RESET) refers to stm32f1xx_it.o(i.BusFault_Handler) for BusFault_Handler
    startup_stm32f103xb.o(RESET) refers to stm32f1xx_it.o(i.UsageFault_Handler) for UsageFault_Handler
    startup_stm32f103xb.o(RESET) refers to stm32f1xx_it.o(i.SVC_Handler) for SVC_Handler
    startup_stm32f103xb.o(RESET) refers to stm32f1xx_it.o(i.DebugMon_Handler) for DebugMon_Handler
    startup_stm32f103xb.o(RESET) refers to stm32f1xx_it.o(i.PendSV_Handler) for PendSV_Handler
    startup_stm32f103xb.o(RESET) refers to stm32f1xx_it.o(i.SysTick_Handler) for SysTick_Handler
    startup_stm32f103xb.o(RESET) refers to stm32f1xx_it.o(i.USB_LP_CAN1_RX0_IRQHandler) for USB_LP_CAN1_RX0_IRQHandler
    startup_stm32f103xb.o(.text) refers to system_stm32f1xx.o(i.SystemInit) for SystemInit
    startup_stm32f103xb.o(.text) refers to entry.o(.ARM.Collect$$$$00000000) for __main
    sgp30.o(i.sgp30_Get_CO2Value) refers to sgp30.o(i.sgp30_read) for sgp30_read
    sgp30.o(i.sgp30_Get_CO2Value) refers to stm32f1xx_hal.o(i.HAL_Delay) for HAL_Delay
    sgp30.o(i.sgp30_Get_CO2Value) refers to sgp30.o(.data) for .data
    sgp30.o(i.sgp30_init) refers to stm32f1xx_hal_i2c.o(i.HAL_I2C_Master_Transmit) for HAL_I2C_Master_Transmit
    sgp30.o(i.sgp30_init) refers to stm32f1xx_hal.o(i.HAL_Delay) for HAL_Delay
    sgp30.o(i.sgp30_init) refers to sgp30.o(i.sgp30_send_cmd) for sgp30_send_cmd
    sgp30.o(i.sgp30_init) refers to i2c.o(.bss) for hi2c2
    sgp30.o(i.sgp30_read) refers to sgp30.o(i.sgp30_send_cmd) for sgp30_send_cmd
    sgp30.o(i.sgp30_read) refers to stm32f1xx_hal.o(i.HAL_Delay) for HAL_Delay
    sgp30.o(i.sgp30_read) refers to stm32f1xx_hal_i2c.o(i.HAL_I2C_Master_Receive) for HAL_I2C_Master_Receive
    sgp30.o(i.sgp30_read) refers to sgp30.o(i.CheckCrc8) for CheckCrc8
    sgp30.o(i.sgp30_read) refers to i2c.o(.bss) for hi2c2
    sgp30.o(i.sgp30_read) refers to sgp30.o(.data) for .data
    sgp30.o(i.sgp30_send_cmd) refers to stm32f1xx_hal_i2c.o(i.HAL_I2C_Master_Transmit) for HAL_I2C_Master_Transmit
    sgp30.o(i.sgp30_send_cmd) refers to i2c.o(.bss) for hi2c2
    main.o(i.SGP30_Init) refers to usbd_cdc_if.o(i.usb_printf) for usb_printf
    main.o(i.SGP30_Init) refers to stm32f1xx_hal.o(i.HAL_Delay) for HAL_Delay
    main.o(i.SGP30_Init) refers to sgp30.o(i.sgp30_init) for sgp30_init
    main.o(i.SystemClock_Config) refers to memseta.o(.text) for __aeabi_memclr4
    main.o(i.SystemClock_Config) refers to stm32f1xx_hal_rcc.o(i.HAL_RCC_OscConfig) for HAL_RCC_OscConfig
    main.o(i.SystemClock_Config) refers to stm32f1xx_hal_rcc.o(i.HAL_RCC_ClockConfig) for HAL_RCC_ClockConfig
    main.o(i.SystemClock_Config) refers to stm32f1xx_hal_rcc_ex.o(i.HAL_RCCEx_PeriphCLKConfig) for HAL_RCCEx_PeriphCLKConfig
    main.o(i.main) refers to stm32f1xx_hal.o(i.HAL_Init) for HAL_Init
    main.o(i.main) refers to main.o(i.SystemClock_Config) for SystemClock_Config
    main.o(i.main) refers to gpio.o(i.MX_GPIO_Init) for MX_GPIO_Init
    main.o(i.main) refers to i2c.o(i.MX_I2C1_Init) for MX_I2C1_Init
    main.o(i.main) refers to usb_device.o(i.MX_USB_DEVICE_Init) for MX_USB_DEVICE_Init
    main.o(i.main) refers to i2c.o(i.MX_I2C2_Init) for MX_I2C2_Init
    main.o(i.main) refers to main.o(i.SGP30_Init) for SGP30_Init
    main.o(i.main) refers to stm32f1xx_hal.o(i.HAL_Delay) for HAL_Delay
    main.o(i.main) refers to sgp30.o(i.sgp30_Get_CO2Value) for sgp30_Get_CO2Value
    main.o(i.main) refers to usbd_cdc_if.o(i.usb_printf) for usb_printf
    main.o(i.main) refers to main.o(.data) for .data
    i2c.o(i.HAL_I2C_MspDeInit) refers to stm32f1xx_hal_gpio.o(i.HAL_GPIO_DeInit) for HAL_GPIO_DeInit
    i2c.o(i.HAL_I2C_MspInit) refers to stm32f1xx_hal_gpio.o(i.HAL_GPIO_Init) for HAL_GPIO_Init
    i2c.o(i.MX_I2C1_Init) refers to stm32f1xx_hal_i2c.o(i.HAL_I2C_Init) for HAL_I2C_Init
    i2c.o(i.MX_I2C1_Init) refers to main.o(i.Error_Handler) for Error_Handler
    i2c.o(i.MX_I2C1_Init) refers to i2c.o(.bss) for .bss
    i2c.o(i.MX_I2C2_Init) refers to stm32f1xx_hal_i2c.o(i.HAL_I2C_Init) for HAL_I2C_Init
    i2c.o(i.MX_I2C2_Init) refers to main.o(i.Error_Handler) for Error_Handler
    i2c.o(i.MX_I2C2_Init) refers to i2c.o(.bss) for .bss
    usb_device.o(i.MX_USB_DEVICE_Init) refers to usbd_core.o(i.USBD_Init) for USBD_Init
    usb_device.o(i.MX_USB_DEVICE_Init) refers to main.o(i.Error_Handler) for Error_Handler
[...]
    ../Drivers/STM32F1xx_HAL_Driver/Src/stm32f1xx_hal_exti.c 0x00000000   Number         0  stm32f1xx_hal_exti.o ABSOLUTE
    ../Drivers/STM32F1xx_HAL_Driver/Src/stm32f1xx_hal_flash.c 0x00000000   Number         0  stm32f1xx_hal_flash.o ABSOLUTE
    ../Drivers/STM32F1xx_HAL_Driver/Src/stm32f1xx_hal_flash_ex.c 0x00000000   Number         0  stm32f1xx_hal_flash_ex.o ABSOLUTE
    ../Drivers/STM32F1xx_HAL_Driver/Src/stm32f1xx_hal_gpio.c 0x00000000   Number         0  stm32f1xx_hal_gpio.o ABSOLUTE
    ../Drivers/STM32F1xx_HAL_Driver/Src/stm32f1xx_hal_gpio_ex.c 0x00000000   Number         0  stm32f1xx_hal_gpio_ex.o ABSOLUTE
    ../Drivers/STM32F1xx_HAL_Driver/Src/stm32f1xx_hal_i2c.c 0x00000000   Number         0  stm32f1xx_hal_i2c.o ABSOLUTE
    ../Drivers/STM32F1xx_HAL_Driver/Src/stm32f1xx_hal_pcd.c 0x00000000   Number         0  stm32f1xx_hal_pcd.o ABSOLUTE
    ../Drivers/STM32F1xx_HAL_Driver/Src/stm32f1xx_hal_pcd_ex.c 0x00000000   Number         0  stm32f1xx_hal_pcd_ex.o ABSOLUTE
    ../Drivers/STM32F1xx_HAL_Driver/Src/stm32f1xx_hal_pwr.c 0x00000000   Number         0  stm32f1xx_hal_pwr.o ABSOLUTE
    ../Drivers/STM32F1xx_HAL_Driver/Src/stm32f1xx_hal_rcc.c 0x00000000   Number         0  stm32f1xx_hal_rcc.o ABSOLUTE
    ../Drivers/STM32F1xx_HAL_Driver/Src/stm32f1xx_hal_rcc_ex.c 0x00000000   Number         0  stm32f1xx_hal_rcc_ex.o ABSOLUTE
    ../Drivers/STM32F1xx_HAL_Driver/Src/stm32f1xx_hal_tim.c 0x00000000   Number         0  stm32f1xx_hal_tim.o ABSOLUTE
    ../Drivers/STM32F1xx_HAL_Driver/Src/stm32f1xx_hal_tim_ex.c 0x00000000   Number         0  stm32f1xx_hal_tim_ex.o ABSOLUTE
    ../Drivers/STM32F1xx_HAL_Driver/Src/stm32f1xx_ll_usb.c 0x00000000   Number         0  stm32f1xx_ll_usb.o ABSOLUTE
    ../Middlewares/ST/STM32_USB_Device_Library/Class/CDC/Src/usbd_cdc.c 0x00000000   Number         0  usbd_cdc.o ABSOLUTE
    ../Middlewares/ST/STM32_USB_Device_Library/Core/Src/usbd_core.c 0x00000000   Number         0  usbd_core.o ABSOLUTE
    ../Middlewares/ST/STM32_USB_Device_Library/Core/Src/usbd_ctlreq.c 0x00000000   Number         0  usbd_ctlreq.o ABSOLUTE
    ../Middlewares/ST/STM32_USB_Device_Library/Core/Src/usbd_ioreq.c 0x00000000   Number         0  usbd_ioreq.o ABSOLUTE
    ../Src/gpio.c                            0x00000000   Number         0  gpio.o ABSOLUTE
    ../Src/i2c.c                             0x00000000   Number         0  i2c.o ABSOLUTE
    ../Src/main.c                            0x00000000   Number         0  main.o ABSOLUTE
    ../Src/stm32f1xx_hal_msp.c               0x00000000   Number         0  stm32f1xx_hal_msp.o ABSOLUTE
    ../Src/stm32f1xx_it.c                    0x00000000   Number         0  stm32f1xx_it.o ABSOLUTE
    ../Src/system_stm32f1xx.c                0x00000000   Number         0  system_stm32f1xx.o ABSOLUTE
    ../Src/usb_device.c                      0x00000000   Number         0  usb_device.o ABSOLUTE
    ../Src/usbd_cdc_if.c                     0x00000000   Number         0  usbd_cdc_if.o ABSOLUTE
    ../Src/usbd_conf.c                       0x00000000   Number         0  usbd_conf.o ABSOLUTE
    ../Src/usbd_desc.c                       0x00000000   Number         0  usbd_desc.o ABSOLUTE
    ../clib/../cmprslib/zerorunl2.c          0x00000000   Number         0  __dczerorl2.o ABSOLUTE
    ../clib/microlib/division.c              0x00000000   Number         0  uidiv.o ABSOLUTE
    ../clib/microlib/division.c              0x00000000   Number         0  uldiv.o ABSOLUTE
    ../clib/microlib/init/entry.s            0x00000000   Number         0  entry8b.o ABSOLUTE
    ../clib/microlib/init/entry.s            0x00000000   Number         0  entry7b.o ABSOLUTE
    ../clib/microlib/init/entry.s            0x00000000   Number         0  entry7a.o ABSOLUTE
    ../clib/microlib/init/entry.s            0x00000000   Number         0  entry8a.o ABSOLUTE
    ../clib/microlib/init/entry.s            0x00000000   Number         0  entry.o ABSOLUTE
    ../clib/microlib/init/entry.s            0x00000000   Number         0  entry5.o ABSOLUTE
    ../clib/microlib/init/entry.s            0x00000000   Number         0  entry2.o ABSOLUTE
    ../clib/microlib/init/entry.s            0x00000000   Number         0  entry11b.o ABSOLUTE
    ../clib/microlib/init/entry.s            0x00000000   Number         0  entry11a.o ABSOLUTE
    ../clib/microlib/init/entry.s            0x00000000   Number         0  entry10b.o ABSOLUTE
    ../clib/microlib/init/entry.s            0x00000000   Number         0  entry10a.o ABSOLUTE
    ../clib/microlib/init/entry.s            0x00000000   Number         0  entry9b.o ABSOLUTE
    ../clib/microlib/init/entry.s            0x00000000   Number         0  entry9a.o ABSOLUTE
    ../clib/microlib/longlong.c              0x00000000   Number         0  llsshr.o ABSOLUTE
    ../clib/microlib/longlong.c              0x00000000   Number         0  llshl.o ABSOLUTE
    ../clib/microlib/longlong.c              0x00000000   Number         0  llushr.o ABSOLUTE
    ../clib/microlib/printf/printf.c         0x00000000   Number         0  printfa.o ABSOLUTE
    ../clib/microlib/stdio/fputc.c           0x00000000   Number         0  fputc.o ABSOLUTE
    ../clib/microlib/stdio/semi.s            0x00000000   Number         0  semi.o ABSOLUTE
    ../clib/microlib/stdio/streams.c         0x00000000   Number         0  stdout.o ABSOLUTE
    ../clib/microlib/string/memcpy.c         0x00000000   Number         0  memcpya.o ABSOLUTE
    ../clib/microlib/string/memcpy.c         0x00000000   Number         0  memcpyb.o ABSOLUTE
    ../clib/microlib/string/memset.c         0x00000000   Number         0  memseta.o ABSOLUTE
    ../clib/microlib/stubs.s                 0x00000000   Number         0  iusefp.o ABSOLUTE
    ../clib/microlib/stubs.s                 0x00000000   Number         0  iusesemip.o ABSOLUTE
    ../fplib/microlib/fpadd.c                0x00000000   Number         0  dadd.o ABSOLUTE
    ../fplib/microlib/fpdiv.c                0x00000000   Number         0  ddiv.o ABSOLUTE
    ../fplib/microlib/fpepilogue.c           0x00000000   Number         0  depilogue.o ABSOLUTE
    ../fplib/microlib/fpfix.c                0x00000000   Number         0  dfixul.o ABSOLUTE
    ../fplib/microlib/fpmul.c                0x00000000   Number         0  dmul.o ABSOLUTE
    ..\Drivers\STM32F1xx_HAL_Driver\Src\stm32f1xx_hal.c 0x00000000   Number         0  stm32f1xx_hal.o ABSOLUTE
    ..\Drivers\STM32F1xx_HAL_Driver\Src\stm32f1xx_hal_cortex.c 0x00000000   Number         0  stm32f1xx_hal_cortex.o ABSOLUTE
    ..\Drivers\STM32F1xx_HAL_Driver\Src\stm32f1xx_hal_dma.c 0x00000000   Number         0  stm32f1xx_hal_dma.o ABSOLUTE
    ..\Drivers\STM32F1xx_HAL_Driver\Src\stm32f1xx_hal_exti.c 0x00000000   Number         0  stm32f1xx_hal_exti.o ABSOLUTE
    ..\Drivers\STM32F1xx_HAL_Driver\Src\stm32f1xx_hal_flash.c 0x00000000   Number         0  stm32f1xx_hal_flash.o ABSOLUTE
    ..\Drivers\STM32F1xx_HAL_Driver\Src\stm32f1xx_hal_flash_ex.c 0x00000000   Number         0  stm32f1xx_hal_flash_ex.o ABSOLUTE
    ..\Drivers\STM32F1xx_HAL_Driver\Src\stm32f1xx_hal_gpio.c 0x00000000   Number         0  stm32f1xx_hal_gpio.o ABSOLUTE
    ..\Drivers\STM32F1xx_HAL_Driver\Src\stm32f1xx_hal_gpio_ex.c 0x00000000   Number         0  stm32f1xx_hal_gpio_ex.o ABSOLUTE
    ..\Drivers\STM32F1xx_HAL_Driver\Src\stm32f1xx_hal_i2c.c 0x00000000   Number         0  stm32f1xx_hal_i2c.o ABSOLUTE
    ..\Drivers\STM32F1xx_HAL_Driver\Src\stm32f1xx_hal_pcd.c 0x00000000   Number         0  stm32f1xx_hal_pcd.o ABSOLUTE
    ..\Drivers\STM32F1xx_HAL_Driver\Src\stm32f1xx_hal_pcd_ex.c 0x00000000   Number         0  stm32f1xx_hal_pcd_ex.o ABSOLUTE
    ..\Drivers\STM32F1xx_HAL_Driver\Src\stm32f1xx_hal_pwr.c 0x00000000   Number         0  stm32f1xx_hal_pwr.o ABSOLUTE
    ..\Drivers\STM32F1xx_HAL_Driver\Src\stm32f1xx_hal_rcc.c 0x00000000   Number         0  stm32f1xx_hal_rcc.o ABSOLUTE
    ..\Drivers\STM32F1xx_HAL_Driver\Src\stm32f1xx_hal_rcc_ex.c 0x00000000   Number         0  stm32f1xx_hal_rcc_ex.o ABSOLUTE
    ..\Drivers\STM32F1xx_HAL_Driver\Src\stm32f1xx_hal_tim.c 0x00000000   Number         0  stm32f1xx_hal_tim.o ABSOLUTE
    ..\Drivers\STM32F1xx_HAL_Driver\Src\stm32f1xx_hal_tim_ex.c 0x00000000   Number         0  stm32f1xx_hal_tim_ex.o ABSOLUTE
    ..\Drivers\STM32F1xx_HAL_Driver\Src\stm32f1xx_ll_usb.c 0x00000000   Number         0  stm32f1xx_ll_usb.o ABSOLUTE
    ..\Middlewares\ST\STM32_USB_Device_Library\Class\CDC\Src\usbd_cdc.c 0x00000000   Number         0  usbd_cdc.o ABSOLUTE
    ..\Middlewares\ST\STM32_USB_Device_Library\Core\Src\usbd_core.c 0x00000000   Number         0  usbd_core.o ABSOLUTE
    ..\Middlewares\ST\STM32_USB_Device_Library\Core\Src\usbd_ctlreq.c 0x00000000   Number         0  usbd_ctlreq.o ABSOLUTE
    ..\Middlewares\ST\STM32_USB_Device_Library\Core\Src\usbd_ioreq.c 0x00000000   Number         0  usbd_ioreq.o ABSOLUTE
    ..\Src\gpio.c                            0x00000000   Number         0  gpio.o ABSOLUTE
    ..\Src\i2c.c                             0x00000000   Number         0  i2c.o ABSOLUTE
    ..\Src\main.c                            0x00000000   Number         0  main.o ABSOLUTE
    ..\Src\sgp30.c                           0x00000000   Number         0  sgp30.o ABSOLUTE
    ..\Src\stm32f1xx_hal_msp.c               0x00000000   Number         0  stm32f1xx_hal_msp.o ABSOLUTE
    ..\Src\stm32f1xx_it.c                    0x00000000   Number         0  stm32f1xx_it.o ABSOLUTE
    ..\Src\system_stm32f1xx.c                0x00000000   Number         0  system_stm32f1xx.o ABSOLUTE
    ..\Src\usb_device.c                      0x00000000   Number         0  usb_device.o ABSOLUTE
    ..\Src\usbd_cdc_if.c                     0x00000000   Number         0  usbd_cdc_if.o ABSOLUTE
    ..\Src\usbd_conf.c                       0x00000000   Number         0  usbd_conf.o ABSOLUTE
    ..\Src\usbd_desc.c                       0x00000000   Number         0  usbd_desc.o ABSOLUTE
    ..\\Src\\sgp30.c                         0x00000000   Number         0  sgp30.o ABSOLUTE
    cdrcmple.s                               0x00000000   Number         0  cdrcmple.o ABSOLUTE
    dc.s                                     0x00000000   Number         0  dc.o ABSOLUTE
    handlers.s                               0x00000000   Number         0  handlers.o ABSOLUTE
    init.s                                   0x00000000   Number         0  init.o ABSOLUTE
    startup_stm32f103xb.s                    0x00000000   Number         0  startup_stm32f103xb.o ABSOLUTE
    RESET                                    0x08000000   Section      236  startup_stm32f103xb.o(RESET)
    .ARM.Collect$$$$00000000                 0x080000ec   Section        0  entry.o(.ARM.Collect$$$$00000000)
    .ARM.Collect$$$$00000001                 0x080000ec   Section        4  entry2.o(.ARM.Collect$$$$00000001)
    .ARM.Collect$$$$00000004                 0x080000f0   Section        4  entry5.o(.ARM.Collect$$$$00000004)
    .ARM.Collect$$$$00000008                 0x080000f4   Section        0  entry7b.o(.ARM.Collect$$$$00000008)
    .ARM.Collect$$$$0000000A                 0x080000f4   Section        0  entry8b.o(.ARM.Collect$$$$0000000A)
    .ARM.Collect$$$$0000000B                 0x080000f4   Section        8  entry9a.o(.ARM.Collect$$$$0000000B)
    .ARM.Collect$$$$0000000D                 0x080000fc   Section        0  entry10a.o(.ARM.Collect$$$$0000000D)
    .ARM.Collect$$$$0000000F                 0x080000fc   Section        0  entry11a.o(.ARM.Collect$$$$0000000F)
    .ARM.Collect$$$$00002712                 0x080000fc   Section        4  entry2.o(.ARM.Collect$$$$00002712)
    __lit__00000000                          0x080000fc   Data           4  entry2.o(.ARM.Collect$$$$00002712)
    .text                                    0x08000100   Section       36  startup_stm32f103xb.o(.text)
    .text                                    0x08000124   Section        0  llushr.o(.text)
    .text                                    0x08000144   Section        0  memcpya.o(.text)
    .text                                    0x08000168   Section        0  memseta.o(.text)
    .text                                    0x0800018c   Section        0  uidiv.o(.text)
    .text                                    0x080001b8   Section        0  uldiv.o(.text)
    .text                                    0x0800021a   Section        0  dadd.o(.text)
    .text                                    0x0800021a   Section        0  iusefp.o(.text)
    .text                                    0x08000368   Section        0  dmul.o(.text)
    .text                                    0x0800044c   Section        0  ddiv.o(.text)
    .text                                    0x0800052a   Section        0  dfixul.o(.text)
    .text                                    0x0800055c   Section       48  cdrcmple.o(.text)
    .text                                    0x0800058c   Section       36  init.o(.text)
    .text                                    0x080005b0   Section        0  llshl.o(.text)
    .text                                    0x080005ce   Section        0  llsshr.o(.text)
    .text                                    0x080005f2   Section        0  depilogue.o(.text)
    .text                                    0x080006ac   Section        0  __dczerorl2.o(.text)
    i.BusFault_Handler                       0x08000702   Section        0  stm32f1xx_it.o(i.BusFault_Handler)
    i.CDC_Control_FS                         0x08000704   Section        0  usbd_cdc_if.o(i.CDC_Control_FS)
    CDC_Control_FS                           0x08000705   Thumb Code     4  usbd_cdc_if.o(i.CDC_Control_FS)
    i.CDC_DeInit_FS                          0x08000708   Section        0  usbd_cdc_if.o(i.CDC_DeInit_FS)
    CDC_DeInit_FS                            0x08000709   Thumb Code     4  usbd_cdc_if.o(i.CDC_DeInit_FS)
    i.CDC_Init_FS                            0x0800070c   Section        0  usbd_cdc_if.o(i.CDC_Init_FS)
    CDC_Init_FS                              0x0800070d   Thumb Code    24  usbd_cdc_if.o(i.CDC_Init_FS)
    i.CDC_Receive_FS                         0x08000730   Section        0  usbd_cdc_if.o(i.CDC_Receive_FS)
    CDC_Receive_FS                           0x08000731   Thumb Code    20  usbd_cdc_if.o(i.CDC_Receive_FS)
    i.CDC_Transmit_FS                        0x08000748   Section        0  usbd_cdc_if.o(i.CDC_Transmit_FS)
    i.CheckCrc8                              0x08000774   Section        0  sgp30.o(i.CheckCrc8)
    CheckCrc8                                0x08000775   Thumb Code    48  sgp30.o(i.CheckCrc8)
    i.DebugMon_Handler                       0x080007a4   Section        0  stm32f1xx_it.o(i.DebugMon_Handler)
    i.Error_Handler                          0x080007a6   Section        0  main.o(i.Error_Handler)
    i.HAL_Delay                              0x080007a8   Section        0  stm32f1xx_hal.o(i.HAL_Delay)
    i.HAL_GPIO_Init                          0x080007cc   Section        0  stm32f1xx_hal_gpio.o(i.HAL_GPIO_Init)
    i.HAL_GetTick                            0x080009ac   Section        0  stm32f1xx_hal.o(i.HAL_GetTick)
    i.HAL_I2C_Init                           0x080009b8   Section        0  stm32f1xx_hal_i2c.o(i.HAL_I2C_Init)
    i.HAL_I2C_Master_Receive                 0x08000b40   Section        0  stm32f1xx_hal_i2c.o(i.HAL_I2C_Master_Receive)
    i.HAL_I2C_Master_Transmit                0x08000d84   Section        0  stm32f1xx_hal_i2c.o(i.HAL_I2C_Master_Transmit)
    i.HAL_I2C_MspInit                        0x08000eb0   Section        0  i2c.o(i.HAL_I2C_MspInit)
    i.HAL_IncTick                            0x08000f68   Section        0  stm32f1xx_hal.o(i.HAL_IncTick)
    i.HAL_Init                               0x08000f78   Section        0  stm32f1xx_hal.o(i.HAL_Init)
    i.HAL_InitTick                           0x08000f9c   Section        0  stm32f1xx_hal.o(i.HAL_InitTick)
    i.HAL_MspInit                            0x08000fdc   Section        0  stm32f1xx_hal_msp.o(i.HAL_MspInit)
    i.HAL_NVIC_EnableIRQ                     0x08001018   Section        0  stm32f1xx_hal_cortex.o(i.HAL_NVIC_EnableIRQ)
    i.HAL_NVIC_SetPriority                   0x08001034   Section        0  stm32f1xx_hal_cortex.o(i.HAL_NVIC_SetPriority)
    i.HAL_NVIC_SetPriorityGrouping           0x08001074   Section        0  stm32f1xx_hal_cortex.o(i.HAL_NVIC_SetPriorityGrouping)
    i.HAL_PCDEx_PMAConfig                    0x08001098   Section        0  stm32f1xx_hal_pcd_ex.o(i.HAL_PCDEx_PMAConfig)
    i.HAL_PCDEx_SetConnectionState           0x080010d4   Section        0  usbd_conf.o(i.HAL_PCDEx_SetConnectionState)
    i.HAL_PCD_DataInStageCallback            0x080010d6   Section        0  usbd_conf.o(i.HAL_PCD_DataInStageCallback)
    i.HAL_PCD_DataOutStageCallback           0x080010e8   Section        0  usbd_conf.o(i.HAL_PCD_DataOutStageCallback)
    i.HAL_PCD_EP_Close                       0x080010fc   Section        0  stm32f1xx_hal_pcd.o(i.HAL_PCD_EP_Close)
    i.HAL_PCD_EP_ClrStall                    0x08001148   Section        0  stm32f1xx_hal_pcd.o(i.HAL_PCD_EP_ClrStall)
    i.HAL_PCD_EP_DB_Receive                  0x080011a4   Section        0  stm32f1xx_hal_pcd.o(i.HAL_PCD_EP_DB_Receive)
    HAL_PCD_EP_DB_Receive                    0x080011a5   Thumb Code   230  stm32f1xx_hal_pcd.o(i.HAL_PCD_EP_DB_Receive)
    i.HAL_PCD_EP_DB_Transmit                 0x0800128a   Section        0  stm32f1xx_hal_pcd.o(i.HAL_PCD_EP_DB_Transmit)
    HAL_PCD_EP_DB_Transmit                   0x0800128b   Thumb Code   816  stm32f1xx_hal_pcd.o(i.HAL_PCD_EP_DB_Transmit)
    i.HAL_PCD_EP_GetRxCount                  0x080015ba   Section        0  stm32f1xx_hal_pcd.o(i.HAL_PCD_EP_GetRxCount)
    i.HAL_PCD_EP_Open                        0x080015cc   Section        0  stm32f1xx_hal_pcd.o(i.HAL_PCD_EP_Open)
    i.HAL_PCD_EP_Receive                     0x0800162c   Section        0  stm32f1xx_hal_pcd.o(i.HAL_PCD_EP_Receive)
    i.HAL_PCD_EP_SetStall                    0x0800165e   Section        0  stm32f1xx_hal_pcd.o(i.HAL_PCD_EP_SetStall)
    i.HAL_PCD_EP_Transmit                    0x080016d0   Section        0  stm32f1xx_hal_pcd.o(i.HAL_PCD_EP_Transmit)
    i.HAL_PCD_IRQHandler                     0x08001704   Section        0  stm32f1xx_hal_pcd.o(i.HAL_PCD_IRQHandler)
    i.HAL_PCD_Init                           0x08001858   Section        0  stm32f1xx_hal_pcd.o(i.HAL_PCD_Init)
    i.HAL_PCD_MspInit                        0x08001934   Section        0  usbd_conf.o(i.HAL_PCD_MspInit)
    i.HAL_PCD_ResetCallback                  0x08001970   Section        0  usbd_conf.o(i.HAL_PCD_ResetCallback)
    i.HAL_PCD_ResumeCallback                 0x08001996   Section        0  usbd_conf.o(i.HAL_PCD_ResumeCallback)
    i.HAL_PCD_SOFCallback                    0x0800199e   Section        0  usbd_conf.o(i.HAL_PCD_SOFCallback)
    i.HAL_PCD_SetAddress                     0x080019a6   Section        0  stm32f1xx_hal_pcd.o(i.HAL_PCD_SetAddress)
    i.HAL_PCD_SetupStageCallback             0x080019ce   Section        0  usbd_conf.o(i.HAL_PCD_SetupStageCallback)
    i.HAL_PCD_Start                          0x080019dc   Section        0  stm32f1xx_hal_pcd.o(i.HAL_PCD_Start)
    i.HAL_PCD_SuspendCallback                0x08001a10   Section        0  usbd_conf.o(i.HAL_PCD_SuspendCallback)
    i.HAL_RCCEx_PeriphCLKConfig              0x08001a34   Section        0  stm32f1xx_hal_rcc_ex.o(i.HAL_RCCEx_PeriphCLKConfig)
    i.HAL_RCC_ClockConfig                    0x08001b20   Section        0  stm32f1xx_hal_rcc.o(i.HAL_RCC_ClockConfig)
    i.HAL_RCC_GetPCLK1Freq                   0x08001c4c   Section        0  stm32f1xx_hal_rcc.o(i.HAL_RCC_GetPCLK1Freq)
    i.HAL_RCC_GetSysClockFreq                0x08001c6c   Section        0  stm32f1xx_hal_rcc.o(i.HAL_RCC_GetSysClockFreq)
    i.HAL_RCC_OscConfig                      0x08001cd8   Section        0  stm32f1xx_hal_rcc.o(i.HAL_RCC_OscConfig)
    i.HAL_SYSTICK_Config                     0x08001ff8   Section        0  stm32f1xx_hal_cortex.o(i.HAL_SYSTICK_Config)
    i.HardFault_Handler                      0x08002020   Section        0  stm32f1xx_it.o(i.HardFault_Handler)
    i.I2C_IsAcknowledgeFailed                0x08002022   Section        0  stm32f1xx_hal_i2c.o(i.I2C_IsAcknowledgeFailed)
    I2C_IsAcknowledgeFailed                  0x08002023   Thumb Code    46  stm32f1xx_hal_i2c.o(i.I2C_IsAcknowledgeFailed)
    i.I2C_MasterRequestRead                  0x08002050   Section        0  stm32f1xx_hal_i2c.o(i.I2C_MasterRequestRead)
    I2C_MasterRequestRead                    0x08002051   Thumb Code   230  stm32f1xx_hal_i2c.o(i.I2C_MasterRequestRead)
    i.I2C_MasterRequestWrite                 0x0800213c   Section        0  stm32f1xx_hal_i2c.o(i.I2C_MasterRequestWrite)
    I2C_MasterRequestWrite                   0x0800213d   Thumb Code   150  stm32f1xx_hal_i2c.o(i.I2C_MasterRequestWrite)
    i.I2C_WaitOnBTFFlagUntilTimeout          0x080021d8   Section        0  stm32f1xx_hal_i2c.o(i.I2C_WaitOnBTFFlagUntilTimeout)
    I2C_WaitOnBTFFlagUntilTimeout            0x080021d9   Thumb Code    76  stm32f1xx_hal_i2c.o(i.I2C_WaitOnBTFFlagUntilTimeout)
    i.I2C_WaitOnFlagUntilTimeout             0x08002224   Section        0  stm32f1xx_hal_i2c.o(i.I2C_WaitOnFlagUntilTimeout)
    I2C_WaitOnFlagUntilTimeout               0x08002225   Thumb Code   104  stm32f1xx_hal_i2c.o(i.I2C_WaitOnFlagUntilTimeout)
    i.I2C_WaitOnMasterAddressFlagUntilTimeout 0x0800228c   Section        0  stm32f1xx_hal_i2c.o(i.I2C_WaitOnMasterAddressFlagUntilTimeout)
    I2C_WaitOnMasterAddressFlagUntilTimeout  0x0800228d   Thumb Code   150  stm32f1xx_hal_i2c.o(i.I2C_WaitOnMasterAddressFlagUntilTimeout)
    i.I2C_WaitOnRXNEFlagUntilTimeout         0x08002322   Section        0  stm32f1xx_hal_i2c.o(i.I2C_WaitOnRXNEFlagUntilTimeout)
    I2C_WaitOnRXNEFlagUntilTimeout           0x08002323   Thumb Code   102  stm32f1xx_hal_i2c.o(i.I2C_WaitOnRXNEFlagUntilTimeout)
    i.I2C_WaitOnTXEFlagUntilTimeout          0x08002388   Section        0  stm32f1xx_hal_i2c.o(i.I2C_WaitOnTXEFlagUntilTimeout)
    I2C_WaitOnTXEFlagUntilTimeout            0x08002389   Thumb Code    76  stm32f1xx_hal_i2c.o(i.I2C_WaitOnTXEFlagUntilTimeout)
    i.IntToUnicode                           0x080023d4   Section        0  usbd_desc.o(i.IntToUnicode)
    IntToUnicode                             0x080023d5   Thumb Code    56  usbd_desc.o(i.IntToUnicode)
    i.MX_GPIO_Init                           0x0800240c   Section        0  gpio.o(i.MX_GPIO_Init)
    i.MX_I2C1_Init                           0x08002458   Section        0  i2c.o(i.MX_I2C1_Init)
    i.MX_I2C2_Init                           0x08002498   Section        0  i2c.o(i.MX_I2C2_Init)
    i.MX_USB_DEVICE_Init                     0x080024d8   Section        0  usb_device.o(i.MX_USB_DEVICE_Init)
    i.MemManage_Handler                      0x0800252c   Section        0  stm32f1xx_it.o(i.MemManage_Handler)
    i.NMI_Handler                            0x0800252e   Section        0  stm32f1xx_it.o(i.NMI_Handler)
    i.PCD_EP_ISR_Handler                     0x08002530   Section        0  stm32f1xx_hal_pcd.o(i.PCD_EP_ISR_Handler)
    PCD_EP_ISR_Handler                       0x08002531   Thumb Code   788  stm32f1xx_hal_pcd.o(i.PCD_EP_ISR_Handler)
    i.PendSV_Handler                         0x08002844   Section        0  stm32f1xx_it.o(i.PendSV_Handler)
    i.SGP30_Init                             0x08002848   Section        0  main.o(i.SGP30_Init)
    i.SVC_Handler                            0x0800289c   Section        0  stm32f1xx_it.o(i.SVC_Handler)
    i.SysTick_Handler                        0x0800289e   Section        0  stm32f1xx_it.o(i.SysTick_Handler)
    i.SystemClock_Config                     0x080028a2   Section        0  main.o(i.SystemClock_Config)
    i.SystemInit                             0x08002902   Section        0  system_stm32f1xx.o(i.SystemInit)
    i.USBD_CDC_DataIn                        0x08002904   Section        0  usbd_cdc.o(i.USBD_CDC_DataIn)
    USBD_CDC_DataIn                          0x08002905   Thumb Code    70  usbd_cdc.o(i.USBD_CDC_DataIn)
    i.USBD_CDC_DataOut                       0x0800294a   Section        0  usbd_cdc.o(i.USBD_CDC_DataOut)
    USBD_CDC_DataOut                         0x0800294b   Thumb Code    46  usbd_cdc.o(i.USBD_CDC_DataOut)
    i.USBD_CDC_DeInit                        0x08002978   Section        0  usbd_cdc.o(i.USBD_CDC_DeInit)
    USBD_CDC_DeInit                          0x08002979   Thumb Code    68  usbd_cdc.o(i.USBD_CDC_DeInit)
    i.USBD_CDC_EP0_RxReady                   0x080029bc   Section        0  usbd_cdc.o(i.USBD_CDC_EP0_RxReady)
    USBD_CDC_EP0_RxReady                     0x080029bd   Thumb Code    36  usbd_cdc.o(i.USBD_CDC_EP0_RxReady)
    i.USBD_CDC_GetDeviceQualifierDescriptor  0x080029e0   Section        0  usbd_cdc.o(i.USBD_CDC_GetDeviceQualifierDescriptor)
    i.USBD_CDC_GetFSCfgDesc                  0x080029ec   Section        0  usbd_cdc.o(i.USBD_CDC_GetFSCfgDesc)
    USBD_CDC_GetFSCfgDesc                    0x080029ed   Thumb Code     8  usbd_cdc.o(i.USBD_CDC_GetFSCfgDesc)
    i.USBD_CDC_GetHSCfgDesc                  0x080029f8   Section        0  usbd_cdc.o(i.USBD_CDC_GetHSCfgDesc)
    USBD_CDC_GetHSCfgDesc                    0x080029f9   Thumb Code     8  usbd_cdc.o(i.USBD_CDC_GetHSCfgDesc)
    i.USBD_CDC_GetOtherSpeedCfgDesc          0x08002a04   Section        0  usbd_cdc.o(i.USBD_CDC_GetOtherSpeedCfgDesc)
    USBD_CDC_GetOtherSpeedCfgDesc            0x08002a05   Thumb Code     8  usbd_cdc.o(i.USBD_CDC_GetOtherSpeedCfgDesc)
    i.USBD_CDC_Init                          0x08002a10   Section        0  usbd_cdc.o(i.USBD_CDC_Init)
    USBD_CDC_Init                            0x08002a11   Thumb Code   148  usbd_cdc.o(i.USBD_CDC_Init)
    i.USBD_CDC_ReceivePacket                 0x08002aa4   Section        0  usbd_cdc.o(i.USBD_CDC_ReceivePacket)
    i.USBD_CDC_RegisterInterface             0x08002acc   Section        0  usbd_cdc.o(i.USBD_CDC_RegisterInterface)
    i.USBD_CDC_SetRxBuffer                   0x08002adc   Section        0  usbd_cdc.o(i.USBD_CDC_SetRxBuffer)
    i.USBD_CDC_SetTxBuffer                   0x08002ae8   Section        0  usbd_cdc.o(i.USBD_CDC_SetTxBuffer)
    i.USBD_CDC_Setup                         0x08002af8   Section        0  usbd_cdc.o(i.USBD_CDC_Setup)
    USBD_CDC_Setup                           0x08002af9   Thumb Code   172  usbd_cdc.o(i.USBD_CDC_Setup)
    i.USBD_CDC_TransmitPacket                0x08002ba4   Section        0  usbd_cdc.o(i.USBD_CDC_TransmitPacket)
    i.USBD_ClrClassConfig                    0x08002bda   Section        0  usbd_core.o(i.USBD_ClrClassConfig)
    i.USBD_CtlContinueRx                     0x08002be8   Section        0  usbd_ioreq.o(i.USBD_CtlContinueRx)
    i.USBD_CtlContinueSendData               0x08002bf8   Section        0  usbd_ioreq.o(i.USBD_CtlContinueSendData)
    i.USBD_CtlError                          0x08002c08   Section        0  usbd_ctlreq.o(i.USBD_CtlError)
    i.USBD_CtlPrepareRx                      0x08002c1e   Section        0  usbd_ioreq.o(i.USBD_CtlPrepareRx)
    i.USBD_CtlReceiveStatus                  0x08002c3c   Section        0  usbd_ioreq.o(i.USBD_CtlReceiveStatus)
    i.USBD_CtlSendData                       0x08002c52   Section        0  usbd_ioreq.o(i.USBD_CtlSendData)
    i.USBD_CtlSendStatus                     0x08002c6c   Section        0  usbd_ioreq.o(i.USBD_CtlSendStatus)
    i.USBD_FS_ConfigStrDescriptor            0x08002c84   Section        0  usbd_desc.o(i.USBD_FS_ConfigStrDescriptor)
    i.USBD_FS_DeviceDescriptor               0x08002ca4   Section        0  usbd_desc.o(i.USBD_FS_DeviceDescriptor)
    i.USBD_FS_InterfaceStrDescriptor         0x08002cb0   Section        0  usbd_desc.o(i.USBD_FS_InterfaceStrDescriptor)
    i.USBD_FS_LangIDStrDescriptor            0x08002cd4   Section        0  usbd_desc.o(i.USBD_FS_LangIDStrDescriptor)
    i.USBD_FS_ManufacturerStrDescriptor      0x08002ce0   Section        0  usbd_desc.o(i.USBD_FS_ManufacturerStrDescriptor)
    i.USBD_FS_ProductStrDescriptor           0x08002d08   Section        0  usbd_desc.o(i.USBD_FS_ProductStrDescriptor)
    i.USBD_FS_SerialStrDescriptor            0x08002d34   Section        0  usbd_desc.o(i.USBD_FS_SerialStrDescriptor)
    i.USBD_GetDescriptor                     0x08002d6c   Section        0  usbd_ctlreq.o(i.USBD_GetDescriptor)
    USBD_GetDescriptor                       0x08002d6d   Thumb Code   232  usbd_ctlreq.o(i.USBD_GetDescriptor)
    i.USBD_GetString                         0x08002e54   Section        0  usbd_ctlreq.o(i.USBD_GetString)
    i.USBD_Get_USB_Status                    0x08002e9c   Section        0  usbd_conf.o(i.USBD_Get_USB_Status)
    USBD_Get_USB_Status                      0x08002e9d   Thumb Code    24  usbd_conf.o(i.USBD_Get_USB_Status)
    i.USBD_Init                              0x08002eb4   Section        0  usbd_core.o(i.USBD_Init)
    i.USBD_LL_ClearStallEP                   0x08002ede   Section        0  usbd_conf.o(i.USBD_LL_ClearStallEP)
    i.USBD_LL_CloseEP                        0x08002ef0   Section        0  usbd_conf.o(i.USBD_LL_CloseEP)
    i.USBD_LL_DataInStage                    0x08002f02   Section        0  usbd_core.o(i.USBD_LL_DataInStage)
    i.USBD_LL_DataOutStage                   0x08002fc8   Section        0  usbd_core.o(i.USBD_LL_DataOutStage)
    i.USBD_LL_GetRxDataSize                  0x0800304a   Section        0  usbd_conf.o(i.USBD_LL_GetRxDataSize)
    i.USBD_LL_Init                           0x08003054   Section        0  usbd_conf.o(i.USBD_LL_Init)
    i.USBD_LL_IsStallEP                      0x080030d4   Section        0  usbd_conf.o(i.USBD_LL_IsStallEP)
    i.USBD_LL_OpenEP                         0x080030f4   Section        0  usbd_conf.o(i.USBD_LL_OpenEP)
    i.USBD_LL_PrepareReceive                 0x0800310c   Section        0  usbd_conf.o(i.USBD_LL_PrepareReceive)
    i.USBD_LL_Reset                          0x0800311e   Section        0  usbd_core.o(i.USBD_LL_Reset)
    i.USBD_LL_Resume                         0x0800316e   Section        0  usbd_core.o(i.USBD_LL_Resume)
    i.USBD_LL_SOF                            0x08003182   Section        0  usbd_core.o(i.USBD_LL_SOF)
    i.USBD_LL_SetSpeed                       0x0800319a   Section        0  usbd_core.o(i.USBD_LL_SetSpeed)
    i.USBD_LL_SetUSBAddress                  0x080031a0   Section        0  usbd_conf.o(i.USBD_LL_SetUSBAddress)
    i.USBD_LL_SetupStage                     0x080031b2   Section        0  usbd_core.o(i.USBD_LL_SetupStage)
    i.USBD_LL_StallEP                        0x0800320c   Section        0  usbd_conf.o(i.USBD_LL_StallEP)
    i.USBD_LL_Start                          0x0800321e   Section        0  usbd_conf.o(i.USBD_LL_Start)
    i.USBD_LL_Suspend                        0x08003230   Section        0  usbd_core.o(i.USBD_LL_Suspend)
    i.USBD_LL_Transmit                       0x08003242   Section        0  usbd_conf.o(i.USBD_LL_Transmit)
    i.USBD_ParseSetupRequest                 0x08003254   Section        0  usbd_ctlreq.o(i.USBD_ParseSetupRequest)
    i.USBD_RegisterClass                     0x0800327c   Section        0  usbd_core.o(i.USBD_RegisterClass)
    i.USBD_SetClassConfig                    0x0800328c   Section        0  usbd_core.o(i.USBD_SetClassConfig)
    i.USBD_SetConfig                         0x080032a4   Section        0  usbd_ctlreq.o(i.USBD_SetConfig)
    USBD_SetConfig                           0x080032a5   Thumb Code   128  usbd_ctlreq.o(i.USBD_SetConfig)
    i.USBD_Start                             0x08003328   Section        0  usbd_core.o(i.USBD_Start)
    i.USBD_StdDevReq                         0x08003332   Section        0  usbd_ctlreq.o(i.USBD_StdDevReq)
    i.USBD_StdEPReq                          0x08003444   Section        0  usbd_ctlreq.o(i.USBD_StdEPReq)
    i.USBD_StdItfReq                         0x08003594   Section        0  usbd_ctlreq.o(i.USBD_StdItfReq)
    i.USBD_static_free                       0x080035e2   Section        0  usbd_conf.o(i.USBD_static_free)
    i.USBD_static_malloc                     0x080035e4   Section        0  usbd_conf.o(i.USBD_static_malloc)
    i.USB_ActivateEndpoint                   0x080035ec   Section        0  stm32f1xx_ll_usb.o(i.USB_ActivateEndpoint)
    i.USB_CoreInit                           0x08003844   Section        0  stm32f1xx_ll_usb.o(i.USB_CoreInit)
    i.USB_DeactivateEndpoint                 0x08003848   Section        0  stm32f1xx_ll_usb.o(i.USB_DeactivateEndpoint)
    i.USB_DevConnect                         0x08003956   Section        0  stm32f1xx_ll_usb.o(i.USB_DevConnect)
    i.USB_DevDisconnect                      0x0800395a   Section        0  stm32f1xx_ll_usb.o(i.USB_DevDisconnect)
    i.USB_DevInit                            0x0800395e   Section        0  stm32f1xx_ll_usb.o(i.USB_DevInit)
    i.USB_DisableGlobalInt                   0x08003970   Section        0  stm32f1xx_ll_usb.o(i.USB_DisableGlobalInt)
    i.USB_EP0_OutStart                       0x0800397e   Section        0  stm32f1xx_ll_usb.o(i.USB_EP0_OutStart)
    i.USB_EPClearStall                       0x08003982   Section        0  stm32f1xx_ll_usb.o(i.USB_EPClearStall)
    i.USB_EPSetStall                         0x080039fa   Section        0  stm32f1xx_ll_usb.o(i.USB_EPSetStall)
    i.USB_EPStartXfer                        0x08003a2c   Section        0  stm32f1xx_ll_usb.o(i.USB_EPStartXfer)
    i.USB_EnableGlobalInt                    0x08004038   Section        0  stm32f1xx_ll_usb.o(i.USB_EnableGlobalInt)
    i.USB_LP_CAN1_RX0_IRQHandler             0x0800404c   Section        0  stm32f1xx_it.o(i.USB_LP_CAN1_RX0_IRQHandler)
    i.USB_ReadInterrupts                     0x08004058   Section        0  stm32f1xx_ll_usb.o(i.USB_ReadInterrupts)
    i.USB_ReadPMA                            0x08004060   Section        0  stm32f1xx_ll_usb.o(i.USB_ReadPMA)
    i.USB_SetCurrentMode                     0x0800408c   Section        0  stm32f1xx_ll_usb.o(i.USB_SetCurrentMode)
    i.USB_SetDevAddress                      0x08004090   Section        0  stm32f1xx_ll_usb.o(i.USB_SetDevAddress)
    i.USB_WritePMA                           0x0800409c   Section        0  stm32f1xx_ll_usb.o(i.USB_WritePMA)
    i.UsageFault_Handler                     0x080040c2   Section        0  stm32f1xx_it.o(i.UsageFault_Handler)
    i.__0vsnprintf                           0x080040c4   Section        0  printfa.o(i.__0vsnprintf)
    i.__NVIC_SetPriority                     0x080040e8   Section        0  stm32f1xx_hal_cortex.o(i.__NVIC_SetPriority)
    __NVIC_SetPriority                       0x080040e9   Thumb Code    32  stm32f1xx_hal_cortex.o(i.__NVIC_SetPriority)
    i.__scatterload_copy                     0x08004108   Section       14  handlers.o(i.__scatterload_copy)
    i.__scatterload_null                     0x08004116   Section        2  handlers.o(i.__scatterload_null)
    i.__scatterload_zeroinit                 0x08004118   Section       14  handlers.o(i.__scatterload_zeroinit)
    i._fp_digits                             0x08004128   Section        0  printfa.o(i._fp_digits)
    _fp_digits                               0x08004129   Thumb Code   334  printfa.o(i._fp_digits)
    i._printf_core                           0x0800428c   Section        0  printfa.o(i._printf_core)
    _printf_core                             0x0800428d   Thumb Code  1744  printfa.o(i._printf_core)
    i._printf_post_padding                   0x08004968   Section        0  printfa.o(i._printf_post_padding)
    _printf_post_padding                     0x08004969   Thumb Code    36  printfa.o(i._printf_post_padding)
    i._printf_pre_padding                    0x0800498c   Section        0  printfa.o(i._printf_pre_padding)
    _printf_pre_padding                      0x0800498d   Thumb Code    46  printfa.o(i._printf_pre_padding)
    i._snputc                                0x080049ba   Section        0  printfa.o(i._snputc)
    _snputc                                  0x080049bb   Thumb Code    22  printfa.o(i._snputc)
    i.main                                   0x080049d0   Section        0  main.o(i.main)
    i.sgp30_Get_CO2Value                     0x08004a2c   Section        0  sgp30.o(i.sgp30_Get_CO2Value)
    i.sgp30_init                             0x08004a48   Section        0  sgp30.o(i.sgp30_init)
    i.sgp30_read                             0x08004a8c   Section        0  sgp30.o(i.sgp30_read)
    i.sgp30_send_cmd                         0x08004b00   Section        0  sgp30.o(i.sgp30_send_cmd)
    sgp30_send_cmd                           0x08004b01   Thumb Code    32  sgp30.o(i.sgp30_send_cmd)
    i.usb_printf                             0x08004b24   Section        0  usbd_cdc_if.o(i.usb_printf)
    .constdata                               0x08004b48   Section       16  system_stm32f1xx.o(.constdata)
    .constdata                               0x08004b58   Section        8  system_stm32f1xx.o(.constdata)
    .data                                    0x20000000   Section        4  sgp30.o(.data)
    .data                                    0x20000004   Section        2  main.o(.data)
    .data                                    0x20000008   Section       28  usbd_desc.o(.data)
    .data                                    0x20000024   Section       50  usbd_desc.o(.data)
    .data                                    0x20000058   Section       16  usbd_cdc_if.o(.data)
    .data                                    0x20000068   Section       12  stm32f1xx_hal.o(.data)
    .data                                    0x20000074   Section        4  system_stm32f1xx.o(.data)
    .data                                    0x20000078   Section        1  usbd_ctlreq.o(.data)
    cfgidx                                   0x20000078   Data           1  usbd_ctlreq.o(.data)
    .data                                    0x2000007c   Section      215  usbd_cdc.o(.data)
    USBD_CDC_DeviceQualifierDesc             0x2000007c   Data          10  usbd_cdc.o(.data)
    .data                                    0x20000154   Section       56  usbd_cdc.o(.data)
    .bss                                     0x2000018c   Section      168  i2c.o(.bss)
    .bss                                     0x20000234   Section      708  usb_device.o(.bss)
    .bss                                     0x200004f8   Section     1292  usbd_conf.o(.bss)
    mem                                      0x200004f8   Data         544  usbd_conf.o(.bss)
    .bss                                     0x20000a04   Section      512  usbd_desc.o(.bss)
    .bss                                     0x20000c04   Section     2000  usbd_cdc_if.o(.bss)
    STACK                                    0x200013d8   Section     1024  startup_stm32f103xb.o(STACK)

    Global Symbols

    Symbol Name                              Value     Ov Type        Size  Object(Section)

    BuildAttributes$$THM_ISAv4$P$D$K$B$S$PE$A:L22UL41UL21$X:L11$S22US41US21$IEEE1$IW$USESV6$~STKCKD$USESV7$~SHL$OSPACE$ROPI$EBA8$MICROLIB$REQ8$PRES8$EABIv2 0x00000000   Number         0  anon$$obj.o ABSOLUTE
    __ARM_use_no_argv                        0x00000000   Number         0  main.o ABSOLUTE
    __cpp_initialize__aeabi_                  - Undefined Weak Reference
    __cxa_finalize                            - Undefined Weak Reference
    _clock_init                               - Undefined Weak Reference
    _microlib_exit                            - Undefined Weak Reference
    __Vectors_Size                           0x000000ec   Number         0  startup_stm32f103xb.o ABSOLUTE
    __Vectors                                0x08000000   Data           4  startup_stm32f103xb.o(RESET)
    __Vectors_End                            0x080000ec   Data           0  startup_stm32f103xb.o(RESET)
    __main                                   0x080000ed   Thumb Code     0  entry.o(.ARM.Collect$$$$00000000)
    _main_stk                                0x080000ed   Thumb Code     0  entry2.o(.ARM.Collect$$$$00000001)
    _main_scatterload                        0x080000f1   Thumb Code     0  entry5.o(.ARM.Collect$$$$00000004)
    __main_after_scatterload                 0x080000f5   Thumb Code     0  entry5.o(.ARM.Collect$$$$00000004)
    _main_clock                              0x080000f5   Thumb Code     0  entry7b.o(.ARM.Collect$$$$00000008)
    _main_cpp_init                           0x080000f5   Thumb Code     0  entry8b.o(.ARM.Collect$$$$0000000A)
    _main_init                               0x080000f5   Thumb Code     0  entry9a.o(.ARM.Collect$$$$0000000B)
    __rt_final_cpp                           0x080000fd   Thumb Code     0  entry10a.o(.ARM.Collect$$$$0000000D)
    __rt_final_exit                          0x080000fd   Thumb Code     0  entry11a.o(.ARM.Collect$$$$0000000F)
    Reset_Handler                            0x08000101   Thumb Code     8  startup_stm32f103xb.o(.text)
    ADC1_2_IRQHandler                        0x0800011b   Thumb Code     0  startup_stm32f103xb.o(.text)
    CAN1_RX1_IRQHandler                      0x0800011b   Thumb Code     0  startup_stm32f103xb.o(.text)
    CAN1_SCE_IRQHandler                      0x0800011b   Thumb Code     0  startup_stm32f103xb.o(.text)
    DMA1_Channel1_IRQHandler                 0x0800011b   Thumb Code     0  startup_stm32f103xb.o(.text)
    DMA1_Channel2_IRQHandler                 0x0800011b   Thumb Code     0  startup_stm32f103xb.o(.text)
    DMA1_Channel3_IRQHandler                 0x0800011b   Thumb Code     0  startup_stm32f103xb.o(.text)
    DMA1_Channel4_IRQHandler                 0x0800011b   Thumb Code     0  startup_stm32f103xb.o(.text)
    DMA1_Channel5_IRQHandler                 0x0800011b   Thumb Code     0  startup_stm32f103xb.o(.text)
    DMA1_Channel6_IRQHandler                 0x0800011b   Thumb Code     0  startup_stm32f103xb.o(.text)
    DMA1_Channel7_IRQHandler                 0x0800011b   Thumb Code     0  startup_stm32f103xb.o(.text)
    EXTI0_IRQHandler                         0x0800011b   Thumb Code     0  startup_stm32f103xb.o(.text)
    EXTI15_10_IRQHandler                     0x0800011b   Thumb Code     0  startup_stm32f103xb.o(.text)
    EXTI1_IRQHandler                         0x0800011b   Thumb Code     0  startup_stm32f103xb.o(.text)
    EXTI2_IRQHandler                         0x0800011b   Thumb Code     0  startup_stm32f103xb.o(.text)
    EXTI3_IRQHandler                         0x0800011b   Thumb Code     0  startup_stm32f103xb.o(.text)
    EXTI4_IRQHandler                         0x0800011b   Thumb Code     0  startup_stm32f103xb.o(.text)
    EXTI9_5_IRQHandler                       0x0800011b   Thumb Code     0  startup_stm32f103xb.o(.text)
    FLASH_IRQHandler                         0x0800011b   Thumb Code     0  startup_stm32f103xb.o(.text)
    I2C1_ER_IRQHandler                       0x0800011b   Thumb Code     0  startup_stm32f103xb.o(.text)
    I2C1_EV_IRQHandler                       0x0800011b   Thumb Code     0  startup_stm32f103xb.o(.text)
    I2C2_ER_IRQHandler                       0x0800011b   Thumb Code     0  startup_stm32f103xb.o(.text)
    I2C2_EV_IRQHandler                       0x0800011b   Thumb Code     0  startup_stm32f103xb.o(.text)
    PVD_IRQHandler                           0x0800011b   Thumb Code     0  startup_stm32f103xb.o(.text)
    RCC_IRQHandler                           0x0800011b   Thumb Code     0  startup_stm32f103xb.o(.text)
    RTC_Alarm_IRQHandler                     0x0800011b   Thumb Code     0  startup_stm32f103xb.o(.text)
    RTC_IRQHandler                           0x0800011b   Thumb Code     0  startup_stm32f103xb.o(.text)
    SPI1_IRQHandler                          0x0800011b   Thumb Code     0  startup_stm32f103xb.o(.text)
    SPI2_IRQHandler                          0x0800011b   Thumb Code     0  startup_stm32f103xb.o(.text)
    TAMPER_IRQHandler                        0x0800011b   Thumb Code     0  startup_stm32f103xb.o(.text)
    TIM1_BRK_IRQHandler                      0x0800011b   Thumb Code     0  startup_stm32f103xb.o(.text)
    TIM1_CC_IRQHandler                       0x0800011b   Thumb Code     0  startup_stm32f103xb.o(.text)
    TIM1_TRG_COM_IRQHandler                  0x0800011b   Thumb Code     0  startup_stm32f103xb.o(.text)
    TIM1_UP_IRQHandler                       0x0800011b   Thumb Code     0  startup_stm32f103xb.o(.text)
    TIM2_IRQHandler                          0x0800011b   Thumb Code     0  startup_stm32f103xb.o(.text)
    TIM3_IRQHandler                          0x0800011b   Thumb Code     0  startup_stm32f103xb.o(.text)
    TIM4_IRQHandler                          0x0800011b   Thumb Code     0  startup_stm32f103xb.o(.text)
    USART1_IRQHandler                        0x0800011b   Thumb Code     0  startup_stm32f103xb.o(.text)
    USART2_IRQHandler                        0x0800011b   Thumb Code     0  startup_stm32f103xb.o(.text)
    USART3_IRQHandler                        0x0800011b   Thumb Code     0  startup_stm32f103xb.o(.text)
    USBWakeUp_IRQHandler                     0x0800011b   Thumb Code     0  startup_stm32f103xb.o(.text)
    USB_HP_CAN1_TX_IRQHandler                0x0800011b   Thumb Code     0  startup_stm32f103xb.o(.text)
    WWDG_IRQHandler                          0x0800011b   Thumb Code     0  startup_stm32f103xb.o(.text)
    __aeabi_llsr                             0x08000125   Thumb Code    32  llushr.o(.text)
    _ll_ushift_r                             0x08000125   Thumb Code     0  llushr.o(.text)
    __aeabi_memcpy                           0x08000145   Thumb Code    36  memcpya.o(.text)
    __aeabi_memcpy4                          0x08000145   Thumb Code     0  memcpya.o(.text)
    __aeabi_memcpy8                          0x08000145   Thumb Code     0  memcpya.o(.text)
    __aeabi_memset                           0x08000169   Thumb Code    14  memseta.o(.text)
    __aeabi_memset4                          0x08000169   Thumb Code     0  memseta.o(.text)
    __aeabi_memset8                          0x08000169   Thumb Code     0  memseta.o(.text)
    __aeabi_memclr                           0x08000177   Thumb Code     4  memseta.o(.text)
    __aeabi_memclr4                          0x08000177   Thumb Code     0  memseta.o(.text)
    __aeabi_memclr8                          0x08000177   Thumb Code     0  memseta.o(.text)
    _memset$wrapper                          0x0800017b   Thumb Code    18  memseta.o(.text)
    __aeabi_uidiv                            0x0800018d   Thumb Code     0  uidiv.o(.text)
    __aeabi_uidivmod                         0x0800018d   Thumb Code    44  uidiv.o(.text)
    __aeabi_uldivmod                         0x080001b9   Thumb Code    98  uldiv.o(.text)
    __I$use$fp                               0x0800021b   Thumb Code     0  iusefp.o(.text)
    __aeabi_dadd                             0x0800021b   Thumb Code   322  dadd.o(.text)
    __aeabi_dsub                             0x0800035d   Thumb Code     6  dadd.o(.text)
    __aeabi_drsub                            0x08000363   Thumb Code     6  dadd.o(.text)
    __aeabi_dmul                             0x08000369   Thumb Code   228  dmul.o(.text)
    __aeabi_ddiv                             0x0800044d   Thumb Code   222  ddiv.o(.text)
    __aeabi_d2ulz                            0x0800052b   Thumb Code    48  dfixul.o(.text)
    __aeabi_cdrcmple                         0x0800055d   Thumb Code    48  cdrcmple.o(.text)
    __scatterload                            0x0800058d   Thumb Code    28  init.o(.text)
    __scatterload_rt2                        0x0800058d   Thumb Code     0  init.o(.text)
    __aeabi_llsl                             0x080005b1   Thumb Code    30  llshl.o(.text)
    _ll_shift_l                              0x080005b1   Thumb Code     0  llshl.o(.text)
    __aeabi_lasr                             0x080005cf   Thumb Code    36  llsshr.o(.text)
    _ll_sshift_r                             0x080005cf   Thumb Code     0  llsshr.o(.text)
    _double_round                            0x080005f3   Thumb Code    30  depilogue.o(.text)
    _double_epilogue                         0x08000611   Thumb Code   156  depilogue.o(.text)
    __decompress                             0x080006ad   Thumb Code     0  __dczerorl2.o(.text)
    __decompress1                            0x080006ad   Thumb Code    86  __dczerorl2.o(.text)
    BusFault_Handler                         0x08000703   Thumb Code     2  stm32f1xx_it.o(i.BusFault_Handler)
    CDC_Transmit_FS                          0x08000749   Thumb Code    38  usbd_cdc_if.o(i.CDC_Transmit_FS)
    DebugMon_Handler                         0x080007a5   Thumb Code     2  stm32f1xx_it.o(i.DebugMon_Handler)
    Error_Handler                            0x080007a7   Thumb Code     2  main.o(i.Error_Handler)
    HAL_Delay                                0x080007a9   Thumb Code    32  stm32f1xx_hal.o(i.HAL_Delay)
    HAL_GPIO_Init                            0x080007cd   Thumb Code   446  stm32f1xx_hal_gpio.o(i.HAL_GPIO_Init)
    HAL_GetTick                              0x080009ad   Thumb Code     6  stm32f1xx_hal.o(i.HAL_GetTick)
    HAL_I2C_Init                             0x080009b9   Thumb Code   376  stm32f1xx_hal_i2c.o(i.HAL_I2C_Init)
    HAL_I2C_Master_Receive                   0x08000b41   Thumb Code   564  stm32f1xx_hal_i2c.o(i.HAL_I2C_Master_Receive)
    HAL_I2C_Master_Transmit                  0x08000d85   Thumb Code   290  stm32f1xx_hal_i2c.o(i.HAL_I2C_Master_Transmit)
    HAL_I2C_MspInit                          0x08000eb1   Thumb Code   166  i2c.o(i.HAL_I2C_MspInit)
    HAL_IncTick                              0x08000f69   Thumb Code    12  stm32f1xx_hal.o(i.HAL_IncTick)
    HAL_Init                                 0x08000f79   Thumb Code    32  stm32f1xx_hal.o(i.HAL_Init)
    HAL_InitTick                             0x08000f9d   Thumb Code    54  stm32f1xx_hal.o(i.HAL_InitTick)
    HAL_MspInit                              0x08000fdd   Thumb Code    52  stm32f1xx_hal_msp.o(i.HAL_MspInit)
    HAL_NVIC_EnableIRQ                       0x08001019   Thumb Code    26  stm32f1xx_hal_cortex.o(i.HAL_NVIC_EnableIRQ)
    HAL_NVIC_SetPriority                     0x08001035   Thumb Code    60  stm32f1xx_hal_cortex.o(i.HAL_NVIC_SetPriority)
    HAL_NVIC_SetPriorityGrouping             0x08001075   Thumb Code    26  stm32f1xx_hal_cortex.o(i.HAL_NVIC_SetPriorityGrouping)
    HAL_PCDEx_PMAConfig                      0x08001099   Thumb Code    60  stm32f1xx_hal_pcd_ex.o(i.HAL_PCDEx_PMAConfig)
    HAL_PCDEx_SetConnectionState             0x080010d5   Thumb Code     2  usbd_conf.o(i.HAL_PCDEx_SetConnectionState)
    HAL_PCD_DataInStageCallback              0x080010d7   Thumb Code    18  usbd_conf.o(i.HAL_PCD_DataInStageCallback)
    HAL_PCD_DataOutStageCallback             0x080010e9   Thumb Code    20  usbd_conf.o(i.HAL_PCD_DataOutStageCallback)
    HAL_PCD_EP_Close                         0x080010fd   Thumb Code    76  stm32f1xx_hal_pcd.o(i.HAL_PCD_EP_Close)
    HAL_PCD_EP_ClrStall                      0x08001149   Thumb Code    92  stm32f1xx_hal_pcd.o(i.HAL_PCD_EP_ClrStall)
    HAL_PCD_EP_GetRxCount                    0x080015bb   Thumb Code    18  stm32f1xx_hal_pcd.o(i.HAL_PCD_EP_GetRxCount)
    HAL_PCD_EP_Open                          0x080015cd   Thumb Code    96  stm32f1xx_hal_pcd.o(i.HAL_PCD_EP_Open)
    HAL_PCD_EP_Receive                       0x0800162d   Thumb Code    50  stm32f1xx_hal_pcd.o(i.HAL_PCD_EP_Receive)
    HAL_PCD_EP_SetStall                      0x0800165f   Thumb Code   114  stm32f1xx_hal_pcd.o(i.HAL_PCD_EP_SetStall)
    HAL_PCD_EP_Transmit                      0x080016d1   Thumb Code    52  stm32f1xx_hal_pcd.o(i.HAL_PCD_EP_Transmit)
    HAL_PCD_IRQHandler                       0x08001705   Thumb Code   340  stm32f1xx_hal_pcd.o(i.HAL_PCD_IRQHandler)
    HAL_PCD_Init                             0x08001859   Thumb Code   218  stm32f1xx_hal_pcd.o(i.HAL_PCD_Init)
    HAL_PCD_MspInit                          0x08001935   Thumb Code    50  usbd_conf.o(i.HAL_PCD_MspInit)
    HAL_PCD_ResetCallback                    0x08001971   Thumb Code    38  usbd_conf.o(i.HAL_PCD_ResetCallback)
    HAL_PCD_ResumeCallback                   0x08001997   Thumb Code     8  usbd_conf.o(i.HAL_PCD_ResumeCallback)
    HAL_PCD_SOFCallback                      0x0800199f   Thumb Code     8  usbd_conf.o(i.HAL_PCD_SOFCallback)
    HAL_PCD_SetAddress                       0x080019a7   Thumb Code    40  stm32f1xx_hal_pcd.o(i.HAL_PCD_SetAddress)
    HAL_PCD_SetupStageCallback               0x080019cf   Thumb Code    14  usbd_conf.o(i.HAL_PCD_SetupStageCallback)
    HAL_PCD_Start                            0x080019dd   Thumb Code    50  stm32f1xx_hal_pcd.o(i.HAL_PCD_Start)
    HAL_PCD_SuspendCallback                  0x08001a11   Thumb Code    30  usbd_conf.o(i.HAL_PCD_SuspendCallback)
    HAL_RCCEx_PeriphCLKConfig                0x08001a35   Thumb Code   224  stm32f1xx_hal_rcc_ex.o(i.HAL_RCCEx_PeriphCLKConfig)
    HAL_RCC_ClockConfig                      0x08001b21   Thumb Code   280  stm32f1xx_hal_rcc.o(i.HAL_RCC_ClockConfig)
    HAL_RCC_GetPCLK1Freq                     0x08001c4d   Thumb Code    20  stm32f1xx_hal_rcc.o(i.HAL_RCC_GetPCLK1Freq)
    HAL_RCC_GetSysClockFreq                  0x08001c6d   Thumb Code    74  stm32f1xx_hal_rcc.o(i.HAL_RCC_GetSysClockFreq)
    HAL_RCC_OscConfig                        0x08001cd9   Thumb Code   778  stm32f1xx_hal_rcc.o(i.HAL_RCC_OscConfig)
    HAL_SYSTICK_Config                       0x08001ff9   Thumb Code    40  stm32f1xx_hal_cortex.o(i.HAL_SYSTICK_Config)
    HardFault_Handler                        0x08002021   Thumb Code     2  stm32f1xx_it.o(i.HardFault_Handler)
    MX_GPIO_Init                             0x0800240d   Thumb Code    70  gpio.o(i.MX_GPIO_Init)
    MX_I2C1_Init                             0x08002459   Thumb Code    50  i2c.o(i.MX_I2C1_Init)
    MX_I2C2_Init                             0x08002499   Thumb Code    50  i2c.o(i.MX_I2C2_Init)
    MX_USB_DEVICE_Init                       0x080024d9   Thumb Code    66  usb_device.o(i.MX_USB_DEVICE_Init)
    MemManage_Handler                        0x0800252d   Thumb Code     2  stm32f1xx_it.o(i.MemManage_Handler)
    NMI_Handler                              0x0800252f   Thumb Code     2  stm32f1xx_it.o(i.NMI_Handler)
    PendSV_Handler                           0x08002845   Thumb Code     2  stm32f1xx_it.o(i.PendSV_Handler)
    SGP30_Init                               0x08002849   Thumb Code    40  main.o(i.SGP30_Init)
    SVC_Handler                              0x0800289d   Thumb Code     2  stm32f1xx_it.o(i.SVC_Handler)
    SysTick_Handler                          0x0800289f   Thumb Code     4  stm32f1xx_it.o(i.SysTick_Handler)
    SystemClock_Config                       0x080028a3   Thumb Code    96  main.o(i.SystemClock_Config)
    SystemInit                               0x08002903   Thumb Code     2  system_stm32f1xx.o(i.SystemInit)
    USBD_CDC_GetDeviceQualifierDescriptor    0x080029e1   Thumb Code     8  usbd_cdc.o(i.USBD_CDC_GetDeviceQualifierDescriptor)
    USBD_CDC_ReceivePacket                   0x08002aa5   Thumb Code    40  usbd_cdc.o(i.USBD_CDC_ReceivePacket)
    USBD_CDC_RegisterInterface               0x08002acd   Thumb Code    16  usbd_cdc.o(i.USBD_CDC_RegisterInterface)
    USBD_CDC_SetRxBuffer                     0x08002add   Thumb Code    12  usbd_cdc.o(i.USBD_CDC_SetRxBuffer)
    USBD_CDC_SetTxBuffer                     0x08002ae9   Thumb Code    16  usbd_cdc.o(i.USBD_CDC_SetTxBuffer)
    USBD_CDC_TransmitPacket                  0x08002ba5   Thumb Code    54  usbd_cdc.o(i.USBD_CDC_TransmitPacket)
    USBD_ClrClassConfig                      0x08002bdb   Thumb Code    14  usbd_core.o(i.USBD_ClrClassConfig)
    USBD_CtlContinueRx                       0x08002be9   Thumb Code    16  usbd_ioreq.o(i.USBD_CtlContinueRx)
    USBD_CtlContinueSendData                 0x08002bf9   Thumb Code    16  usbd_ioreq.o(i.USBD_CtlContinueSendData)
    USBD_CtlError                            0x08002c09   Thumb Code    22  usbd_ctlreq.o(i.USBD_CtlError)
    USBD_CtlPrepareRx                        0x08002c1f   Thumb Code    30  usbd_ioreq.o(i.USBD_CtlPrepareRx)
    USBD_CtlReceiveStatus                    0x08002c3d   Thumb Code    22  usbd_ioreq.o(i.USBD_CtlReceiveStatus)
    USBD_CtlSendData                         0x08002c53   Thumb Code    26  usbd_ioreq.o(i.USBD_CtlSendData)
    USBD_CtlSendStatus                       0x08002c6d   Thumb Code    22  usbd_ioreq.o(i.USBD_CtlSendStatus)
    USBD_FS_ConfigStrDescriptor              0x08002c85   Thumb Code    16  usbd_desc.o(i.USBD_FS_ConfigStrDescriptor)
    USBD_FS_DeviceDescriptor                 0x08002ca5   Thumb Code     8  usbd_desc.o(i.USBD_FS_DeviceDescriptor)
    USBD_FS_InterfaceStrDescriptor           0x08002cb1   Thumb Code    16  usbd_desc.o(i.USBD_FS_InterfaceStrDescriptor)
    USBD_FS_LangIDStrDescriptor              0x08002cd5   Thumb Code     8  usbd_desc.o(i.USBD_FS_LangIDStrDescriptor)
    USBD_FS_ManufacturerStrDescriptor        0x08002ce1   Thumb Code    16  usbd_desc.o(i.USBD_FS_ManufacturerStrDescriptor)
    USBD_FS_ProductStrDescriptor             0x08002d09   Thumb Code    16  usbd_desc.o(i.USBD_FS_ProductStrDescriptor)
    USBD_FS_SerialStrDescriptor              0x08002d35   Thumb Code    48  usbd_desc.o(i.USBD_FS_SerialStrDescriptor)
    USBD_GetString                           0x08002e55   Thumb Code    72  usbd_ctlreq.o(i.USBD_GetString)
    USBD_Init                                0x08002eb5   Thumb Code    42  usbd_core.o(i.USBD_Init)
    USBD_LL_ClearStallEP                     0x08002edf   Thumb Code    18  usbd_conf.o(i.USBD_LL_ClearStallEP)
    USBD_LL_CloseEP                          0x08002ef1   Thumb Code    18  usbd_conf.o(i.USBD_LL_CloseEP)
    USBD_LL_DataInStage                      0x08002f03   Thumb Code   198  usbd_core.o(i.USBD_LL_DataInStage)
    USBD_LL_DataOutStage                     0x08002fc9   Thumb Code   130  usbd_core.o(i.USBD_LL_DataOutStage)
    USBD_LL_GetRxDataSize                    0x0800304b   Thumb Code     8  usbd_conf.o(i.USBD_LL_GetRxDataSize)
    USBD_LL_Init                             0x08003055   Thumb Code   118  usbd_conf.o(i.USBD_LL_Init)
    USBD_LL_IsStallEP                        0x080030d5   Thumb Code    32  usbd_conf.o(i.USBD_LL_IsStallEP)
    USBD_LL_OpenEP                           0x080030f5   Thumb Code    24  usbd_conf.o(i.USBD_LL_OpenEP)
    USBD_LL_PrepareReceive                   0x0800310d   Thumb Code    18  usbd_conf.o(i.USBD_LL_PrepareReceive)
    USBD_LL_Reset                            0x0800311f   Thumb Code    80  usbd_core.o(i.USBD_LL_Reset)
    USBD_LL_Resume                           0x0800316f   Thumb Code    20  usbd_core.o(i.USBD_LL_Resume)
    USBD_LL_SOF                              0x08003183   Thumb Code    24  usbd_core.o(i.USBD_LL_SOF)
    USBD_LL_SetSpeed                         0x0800319b   Thumb Code     6  usbd_core.o(i.USBD_LL_SetSpeed)
    USBD_LL_SetUSBAddress                    0x080031a1   Thumb Code    18  usbd_conf.o(i.USBD_LL_SetUSBAddress)
    USBD_LL_SetupStage                       0x080031b3   Thumb Code    90  usbd_core.o(i.USBD_LL_SetupStage)
    USBD_LL_StallEP                          0x0800320d   Thumb Code    18  usbd_conf.o(i.USBD_LL_StallEP)
    USBD_LL_Start                            0x0800321f   Thumb Code    18  usbd_conf.o(i.USBD_LL_Start)
    USBD_LL_Suspend                          0x08003231   Thumb Code    18  usbd_core.o(i.USBD_LL_Suspend)
    USBD_LL_Transmit                         0x08003243   Thumb Code    18  usbd_conf.o(i.USBD_LL_Transmit)
    USBD_ParseSetupRequest                   0x08003255   Thumb Code    40  usbd_ctlreq.o(i.USBD_ParseSetupRequest)
    USBD_RegisterClass                       0x0800327d   Thumb Code    16  usbd_core.o(i.USBD_RegisterClass)
    USBD_SetClassConfig                      0x0800328d   Thumb Code    22  usbd_core.o(i.USBD_SetClassConfig)
    USBD_Start                               0x08003329   Thumb Code    10  usbd_core.o(i.USBD_Start)
    USBD_StdDevReq                           0x08003333   Thumb Code   274  usbd_ctlreq.o(i.USBD_StdDevReq)
    USBD_StdEPReq                            0x08003445   Thumb Code   336  usbd_ctlreq.o(i.USBD_StdEPReq)
    USBD_StdItfReq                           0x08003595   Thumb Code    78  usbd_ctlreq.o(i.USBD_StdItfReq)
    USBD_static_free                         0x080035e3   Thumb Code     2  usbd_conf.o(i.USBD_static_free)
    USBD_static_malloc                       0x080035e5   Thumb Code     4  usbd_conf.o(i.USBD_static_malloc)
    USB_ActivateEndpoint                     0x080035ed   Thumb Code   600  stm32f1xx_ll_usb.o(i.USB_ActivateEndpoint)
    USB_CoreInit                             0x08003845   Thumb Code     4  stm32f1xx_ll_usb.o(i.USB_CoreInit)
    USB_DeactivateEndpoint                   0x08003849   Thumb Code   270  stm32f1xx_ll_usb.o(i.USB_DeactivateEndpoint)
    USB_DevConnect                           0x08003957   Thumb Code     4  stm32f1xx_ll_usb.o(i.USB_DevConnect)
    USB_DevDisconnect                        0x0800395b   Thumb Code     4  stm32f1xx_ll_usb.o(i.USB_DevDisconnect)
    USB_DevInit                              0x0800395f   Thumb Code    18  stm32f1xx_ll_usb.o(i.USB_DevInit)
    USB_DisableGlobalInt                     0x08003971   Thumb Code    14  stm32f1xx_ll_usb.o(i.USB_DisableGlobalInt)
    USB_EP0_OutStart                         0x0800397f   Thumb Code     4  stm32f1xx_ll_usb.o(i.USB_EP0_OutStart)
    USB_EPClearStall                         0x08003983   Thumb Code   120  stm32f1xx_ll_usb.o(i.USB_EPClearStall)
    USB_EPSetStall                           0x080039fb   Thumb Code    50  stm32f1xx_ll_usb.o(i.USB_EPSetStall)
    USB_EPStartXfer                          0x08003a2d   Thumb Code  1548  stm32f1xx_ll_usb.o(i.USB_EPStartXfer)
    USB_EnableGlobalInt                      0x08004039   Thumb Code    18  stm32f1xx_ll_usb.o(i.USB_EnableGlobalInt)
    USB_LP_CAN1_RX0_IRQHandler               0x0800404d   Thumb Code     6  stm32f1xx_it.o(i.USB_LP_CAN1_RX0_IRQHandler)
    USB_ReadInterrupts                       0x08004059   Thumb Code     6  stm32f1xx_ll_usb.o(i.USB_ReadInterrupts)
    USB_ReadPMA                              0x08004061   Thumb Code    44  stm32f1xx_ll_usb.o(i.USB_ReadPMA)
    USB_SetCurrentMode                       0x0800408d   Thumb Code     4  stm32f1xx_ll_usb.o(i.USB_SetCurrentMode)
    USB_SetDevAddress                        0x08004091   Thumb Code    12  stm32f1xx_ll_usb.o(i.USB_SetDevAddress)
    USB_WritePMA                             0x0800409d   Thumb Code    38  stm32f1xx_ll_usb.o(i.USB_WritePMA)
    UsageFault_Handler                       0x080040c3   Thumb Code     2  stm32f1xx_it.o(i.UsageFault_Handler)
    __0vsnprintf                             0x080040c5   Thumb Code    32  printfa.o(i.__0vsnprintf)
    __1vsnprintf                             0x080040c5   Thumb Code     0  printfa.o(i.__0vsnprintf)
    __2vsnprintf                             0x080040c5   Thumb Code     0  printfa.o(i.__0vsnprintf)
    __c89vsnprintf                           0x080040c5   Thumb Code     0  printfa.o(i.__0vsnprintf)
    vsnprintf                                0x080040c5   Thumb Code     0  printfa.o(i.__0vsnprintf)
    __scatterload_copy                       0x08004109   Thumb Code    14  handlers.o(i.__scatterload_copy)
    __scatterload_null                       0x08004117   Thumb Code     2  handlers.o(i.__scatterload_null)
    __scatterload_zeroinit                   0x08004119   Thumb Code    14  handlers.o(i.__scatterload_zeroinit)
    main                                     0x080049d1   Thumb Code    58  main.o(i.main)
    sgp30_Get_CO2Value                       0x08004a2d   Thumb Code    22  sgp30.o(i.sgp30_Get_CO2Value)
    sgp30_init                               0x08004a49   Thumb Code    64  sgp30.o(i.sgp30_init)
    sgp30_read                               0x08004a8d   Thumb Code   106  sgp30.o(i.sgp30_read)
    usb_printf                               0x08004b25   Thumb Code    32  usbd_cdc_if.o(i.usb_printf)
    AHBPrescTable                            0x08004b48   Data          16  system_stm32f1xx.o(.constdata)
    APBPrescTable                            0x08004b58   Data           8  system_stm32f1xx.o(.constdata)
    Region$$Table$$Base                      0x08004b60   Number         0  anon$$obj.o(Region$$Table)
    Region$$Table$$Limit                     0x08004b80   Number         0  anon$$obj.o(Region$$Table)
    sgp30_data                               0x20000000   Data           4  sgp30.o(.data)
    CO2Value                                 0x20000004   Data           2  main.o(.data)
    FS_Desc                                  0x20000008   Data          28  usbd_desc.o(.data)
    USBD_LangIDDesc                          0x20000024   Data           4  usbd_desc.o(.data)
    USBD_FS_DeviceDesc                       0x20000028   Data          18  usbd_desc.o(.data)
    USBD_StringSerial                        0x2000003c   Data          26  usbd_desc.o(.data)
    USBD_Interface_fops_FS                   0x20000058   Data          16  usbd_cdc_if.o(.data)
    uwTickFreq                               0x20000068   Data           1  stm32f1xx_hal.o(.data)
    uwTickPrio                               0x2000006c   Data           4  stm32f1xx_hal.o(.data)
    uwTick                                   0x20000070   Data           4  stm32f1xx_hal.o(.data)
    SystemCoreClock                          0x20000074   Data           4  system_stm32f1xx.o(.data)
    USBD_CDC_CfgHSDesc                       0x20000088   Data          67  usbd_cdc.o(.data)
    USBD_CDC_CfgFSDesc                       0x200000cc   Data          67  usbd_cdc.o(.data)
    USBD_CDC_OtherSpeedCfgDesc               0x20000110   Data          67  usbd_cdc.o(.data)
    USBD_CDC                                 0x20000154   Data          56  usbd_cdc.o(.data)
    hi2c1                                    0x2000018c   Data          84  i2c.o(.bss)
    hi2c2                                    0x200001e0   Data          84  i2c.o(.bss)
    hUsbDeviceFS                             0x20000234   Data         708  usb_device.o(.bss)
    hpcd_USB_FS                              0x20000718   Data         748  usbd_conf.o(.bss)
    USBD_StrDesc                             0x20000a04   Data         512  usbd_desc.o(.bss)
    UserRxBufferFS                           0x20000c04   Data        1000  usbd_cdc_if.o(.bss)
    UserTxBufferFS                           0x20000fec   Data        1000  usbd_cdc_if.o(.bss)
    __initial_sp                             0x200017d8   Data           0  startup_stm32f103xb.o(STACK)



==============================================================================

Memory Map of the image

  Image Entry point : 0x080000ed

  Load Region LR_IROM1 (Base: 0x08000000, Size: 0x00004d0c, Max: 0x00010000, ABSOLUTE, COMPRESSED[0x00004c40])

    Execution Region ER_IROM1 (Base: 0x08000000, Size: 0x00004b80, Max: 0x00010000, ABSOLUTE)

    Base Addr    Size         Type   Attr      Idx    E Section Name        Object

    0x08000000   0x000000ec   Data   RO            3    RESET               startup_stm32f103xb.o
    0x080000ec   0x00000000   Code   RO         3156  * .ARM.Collect$$$$00000000  mc_w.l(entry.o)
    0x080000ec   0x00000004   Code   RO         3195    .ARM.Collect$$$$00000001  mc_w.l(entry2.o)
    0x080000f0   0x00000004   Code   RO         3198    .ARM.Collect$$$$00000004  mc_w.l(entry5.o)
    0x080000f4   0x00000000   Code   RO         3200    .ARM.Collect$$$$00000008  mc_w.l(entry7b.o)
    0x080000f4   0x00000000   Code   RO         3202    .ARM.Collect$$$$0000000A  mc_w.l(entry8b.o)
    0x080000f4   0x00000008   Code   RO         3203    .ARM.Collect$$$$0000000B  mc_w.l(entry9a.o)
    0x080000fc   0x00000000   Code   RO         3205    .ARM.Collect$$$$0000000D  mc_w.l(entry10a.o)
    0x080000fc   0x00000000   Code   RO         3207    .ARM.Collect$$$$0000000F  mc_w.l(entry11a.o)
    0x080000fc   0x00000004   Code   RO         3196    .ARM.Collect$$$$00002712  mc_w.l(entry2.o)
    0x08000100   0x00000024   Code   RO            4    .text               startup_stm32f103xb.o
    0x08000124   0x00000020   Code   RO         3159    .text               mc_w.l(llushr.o)
    0x08000144   0x00000024   Code   RO         3161    .text               mc_w.l(memcpya.o)
    0x08000168   0x00000024   Code   RO         3163    .text               mc_w.l(memseta.o)
    0x0800018c   0x0000002c   Code   RO         3212    .text               mc_w.l(uidiv.o)
    0x080001b8   0x00000062   Code   RO         3214    .text               mc_w.l(uldiv.o)
    0x0800021a   0x00000000   Code   RO         3216    .text               mc_w.l(iusefp.o)
    0x0800021a   0x0000014e   Code   RO         3217    .text               mf_w.l(dadd.o)
    0x08000368   0x000000e4   Code   RO         3219    .text               mf_w.l(dmul.o)
    0x0800044c   0x000000de   Code   RO         3221    .text               mf_w.l(ddiv.o)
    0x0800052a   0x00000030   Code   RO         3223    .text               mf_w.l(dfixul.o)
    0x0800055a   0x00000002   PAD
    0x0800055c   0x00000030   Code   RO         3225    .text               mf_w.l(cdrcmple.o)
    0x0800058c   0x00000024   Code   RO         3227    .text               mc_w.l(init.o)
    0x080005b0   0x0000001e   Code   RO         3230    .text               mc_w.l(llshl.o)
    0x080005ce   0x00000024   Code   RO         3232    .text               mc_w.l(llsshr.o)
    0x080005f2   0x000000ba   Code   RO         3235    .text               mf_w.l(depilogue.o)
    0x080006ac   0x00000056   Code   RO         3245    .text               mc_w.l(__dczerorl2.o)
    0x08000702   0x00000002   Code   RO          714    i.BusFault_Handler  stm32f1xx_it.o
    0x08000704   0x00000004   Code   RO          650    i.CDC_Control_FS    usbd_cdc_if.o
    0x08000708   0x00000004   Code   RO          651    i.CDC_DeInit_FS     usbd_cdc_if.o
    0x0800070c   0x00000024   Code   RO          652    i.CDC_Init_FS       usbd_cdc_if.o
    0x08000730   0x00000018   Code   RO          653    i.CDC_Receive_FS    usbd_cdc_if.o
    0x08000748   0x0000002c   Code   RO          654    i.CDC_Transmit_FS   usbd_cdc_if.o
    0x08000774   0x00000030   Code   RO           13    i.CheckCrc8         sgp30.o
    0x080007a4   0x00000002   Code   RO          715    i.DebugMon_Handler  stm32f1xx_it.o
    0x080007a6   0x00000002   Code   RO          190    i.Error_Handler     main.o
    0x080007a8   0x00000024   Code   RO         1784    i.HAL_Delay         stm32f1xx_hal.o
    0x080007cc   0x000001e0   Code   RO         2092    i.HAL_GPIO_Init     stm32f1xx_hal_gpio.o
    0x080009ac   0x0000000c   Code   RO         1788    i.HAL_GetTick       stm32f1xx_hal.o
    0x080009b8   0x00000188   Code   RO         1320    i.HAL_I2C_Init      stm32f1xx_hal_i2c.o
    0x08000b40   0x00000244   Code   RO         1326    i.HAL_I2C_Master_Receive  stm32f1xx_hal_i2c.o
    0x08000d84   0x0000012c   Code   RO         1333    i.HAL_I2C_Master_Transmit  stm32f1xx_hal_i2c.o
    0x08000eb0   0x000000b8   Code   RO          274    i.HAL_I2C_MspInit   i2c.o
    0x08000f68   0x00000010   Code   RO         1794    i.HAL_IncTick       stm32f1xx_hal.o
    0x08000f78   0x00000024   Code   RO         1795    i.HAL_Init          stm32f1xx_hal.o
    0x08000f9c   0x00000040   Code   RO         1796    i.HAL_InitTick      stm32f1xx_hal.o
    0x08000fdc   0x0000003c   Code   RO          796    i.HAL_MspInit       stm32f1xx_hal_msp.o
    0x08001018   0x0000001a   Code   RO         2252    i.HAL_NVIC_EnableIRQ  stm32f1xx_hal_cortex.o
    0x08001032   0x00000002   PAD
    0x08001034   0x00000040   Code   RO         2258    i.HAL_NVIC_SetPriority  stm32f1xx_hal_cortex.o
    0x08001074   0x00000024   Code   RO         2259    i.HAL_NVIC_SetPriorityGrouping  stm32f1xx_hal_cortex.o
    0x08001098   0x0000003c   Code   RO         1089    i.HAL_PCDEx_PMAConfig  stm32f1xx_hal_pcd_ex.o
    0x080010d4   0x00000002   Code   RO          352    i.HAL_PCDEx_SetConnectionState  usbd_conf.o
    0x080010d6   0x00000012   Code   RO          354    i.HAL_PCD_DataInStageCallback  usbd_conf.o
    0x080010e8   0x00000014   Code   RO          355    i.HAL_PCD_DataOutStageCallback  usbd_conf.o
    0x080010fc   0x0000004c   Code   RO          865    i.HAL_PCD_EP_Close  stm32f1xx_hal_pcd.o
    0x08001148   0x0000005c   Code   RO          866    i.HAL_PCD_EP_ClrStall  stm32f1xx_hal_pcd.o
    0x080011a4   0x000000e6   Code   RO          867    i.HAL_PCD_EP_DB_Receive  stm32f1xx_hal_pcd.o
    0x0800128a   0x00000330   Code   RO          868    i.HAL_PCD_EP_DB_Transmit  stm32f1xx_hal_pcd.o
    0x080015ba   0x00000012   Code   RO          870    i.HAL_PCD_EP_GetRxCount  stm32f1xx_hal_pcd.o
    0x080015cc   0x00000060   Code   RO          871    i.HAL_PCD_EP_Open   stm32f1xx_hal_pcd.o
    0x0800162c   0x00000032   Code   RO          872    i.HAL_PCD_EP_Receive  stm32f1xx_hal_pcd.o
    0x0800165e   0x00000072   Code   RO          873    i.HAL_PCD_EP_SetStall  stm32f1xx_hal_pcd.o
    0x080016d0   0x00000034   Code   RO          874    i.HAL_PCD_EP_Transmit  stm32f1xx_hal_pcd.o
    0x08001704   0x00000154   Code   RO          876    i.HAL_PCD_IRQHandler  stm32f1xx_hal_pcd.o
    0x08001858   0x000000da   Code   RO          879    i.HAL_PCD_Init      stm32f1xx_hal_pcd.o
    0x08001932   0x00000002   PAD
    0x08001934   0x0000003c   Code   RO          360    i.HAL_PCD_MspInit   usbd_conf.o
    0x08001970   0x00000026   Code   RO          361    i.HAL_PCD_ResetCallback  usbd_conf.o
    0x08001996   0x00000008   Code   RO          362    i.HAL_PCD_ResumeCallback  usbd_conf.o
    0x0800199e   0x00000008   Code   RO          363    i.HAL_PCD_SOFCallback  usbd_conf.o
    0x080019a6   0x00000028   Code   RO          885    i.HAL_PCD_SetAddress  stm32f1xx_hal_pcd.o
    0x080019ce   0x0000000e   Code   RO          364    i.HAL_PCD_SetupStageCallback  usbd_conf.o
    0x080019dc   0x00000032   Code   RO          887    i.HAL_PCD_Start     stm32f1xx_hal_pcd.o
    0x08001a0e   0x00000002   PAD
    0x08001a10   0x00000024   Code   RO          365    i.HAL_PCD_SuspendCallback  usbd_conf.o
    0x08001a34   0x000000ec   Code   RO         2055    i.HAL_RCCEx_PeriphCLKConfig  stm32f1xx_hal_rcc_ex.o
    0x08001b20   0x0000012c   Code   RO         1952    i.HAL_RCC_ClockConfig  stm32f1xx_hal_rcc.o
    0x08001c4c   0x00000020   Code   RO         1959    i.HAL_RCC_GetPCLK1Freq  stm32f1xx_hal_rcc.o
    0x08001c6c   0x0000006c   Code   RO         1961    i.HAL_RCC_GetSysClockFreq  stm32f1xx_hal_rcc.o
    0x08001cd8   0x00000320   Code   RO         1964    i.HAL_RCC_OscConfig  stm32f1xx_hal_rcc.o
    0x08001ff8   0x00000028   Code   RO         2263    i.HAL_SYSTICK_Config  stm32f1xx_hal_cortex.o
    0x08002020   0x00000002   Code   RO          716    i.HardFault_Handler  stm32f1xx_it.o
    0x08002022   0x0000002e   Code   RO         1362    i.I2C_IsAcknowledgeFailed  stm32f1xx_hal_i2c.o
    0x08002050   0x000000ec   Code   RO         1365    i.I2C_MasterRequestRead  stm32f1xx_hal_i2c.o
    0x0800213c   0x0000009c   Code   RO         1366    i.I2C_MasterRequestWrite  stm32f1xx_hal_i2c.o
    0x080021d8   0x0000004c   Code   RO         1377    i.I2C_WaitOnBTFFlagUntilTimeout  stm32f1xx_hal_i2c.o
    0x08002224   0x00000068   Code   RO         1378    i.I2C_WaitOnFlagUntilTimeout  stm32f1xx_hal_i2c.o
    0x0800228c   0x00000096   Code   RO         1379    i.I2C_WaitOnMasterAddressFlagUntilTimeout  stm32f1xx_hal_i2c.o
    0x08002322   0x00000066   Code   RO         1380    i.I2C_WaitOnRXNEFlagUntilTimeout  stm32f1xx_hal_i2c.o
    0x08002388   0x0000004c   Code   RO         1381    i.I2C_WaitOnTXEFlagUntilTimeout  stm32f1xx_hal_i2c.o
    0x080023d4   0x00000038   Code   RO          564    i.IntToUnicode      usbd_desc.o
    0x0800240c   0x0000004c   Code   RO          249    i.MX_GPIO_Init      gpio.o
    0x08002458   0x00000040   Code   RO          275    i.MX_I2C1_Init      i2c.o
    0x08002498   0x00000040   Code   RO          276    i.MX_I2C2_Init      i2c.o
    0x080024d8   0x00000054   Code   RO          321    i.MX_USB_DEVICE_Init  usb_device.o
    0x0800252c   0x00000002   Code   RO          717    i.MemManage_Handler  stm32f1xx_it.o
    0x0800252e   0x00000002   Code   RO          718    i.NMI_Handler       stm32f1xx_it.o
    0x08002530   0x00000314   Code   RO          891    i.PCD_EP_ISR_Handler  stm32f1xx_hal_pcd.o
    0x08002844   0x00000002   Code   RO          719    i.PendSV_Handler    stm32f1xx_it.o
    0x08002846   0x00000002   PAD
    0x08002848   0x00000054   Code   RO          191    i.SGP30_Init        main.o
    0x0800289c   0x00000002   Code   RO          720    i.SVC_Handler       stm32f1xx_it.o
    0x0800289e   0x00000004   Code   RO          721    i.SysTick_Handler   stm32f1xx_it.o
    0x080028a2   0x00000060   Code   RO          192    i.SystemClock_Config  main.o
    0x08002902   0x00000002   Code   RO         2753    i.SystemInit        system_stm32f1xx.o
    0x08002904   0x00000046   Code   RO         3053    i.USBD_CDC_DataIn   usbd_cdc.o
    0x0800294a   0x0000002e   Code   RO         3054    i.USBD_CDC_DataOut  usbd_cdc.o
    0x08002978   0x00000044   Code   RO         3055    i.USBD_CDC_DeInit   usbd_cdc.o
    0x080029bc   0x00000024   Code   RO         3056    i.USBD_CDC_EP0_RxReady  usbd_cdc.o
    0x080029e0   0x0000000c   Code   RO         3057    i.USBD_CDC_GetDeviceQualifierDescriptor  usbd_cdc.o
    0x080029ec   0x0000000c   Code   RO         3058    i.USBD_CDC_GetFSCfgDesc  usbd_cdc.o
    0x080029f8   0x0000000c   Code   RO         3059    i.USBD_CDC_GetHSCfgDesc  usbd_cdc.o
    0x08002a04   0x0000000c   Code   RO         3060    i.USBD_CDC_GetOtherSpeedCfgDesc  usbd_cdc.o
    0x08002a10   0x00000094   Code   RO         3061    i.USBD_CDC_Init     usbd_cdc.o
    0x08002aa4   0x00000028   Code   RO         3062    i.USBD_CDC_ReceivePacket  usbd_cdc.o
    0x08002acc   0x00000010   Code   RO         3063    i.USBD_CDC_RegisterInterface  usbd_cdc.o
    0x08002adc   0x0000000c   Code   RO         3064    i.USBD_CDC_SetRxBuffer  usbd_cdc.o
    0x08002ae8   0x00000010   Code   RO         3065    i.USBD_CDC_SetTxBuffer  usbd_cdc.o
    0x08002af8   0x000000ac   Code   RO         3066    i.USBD_CDC_Setup    usbd_cdc.o
    0x08002ba4   0x00000036   Code   RO         3067    i.USBD_CDC_TransmitPacket  usbd_cdc.o
    0x08002bda   0x0000000e   Code   RO         2790    i.USBD_ClrClassConfig  usbd_core.o
    0x08002be8   0x00000010   Code   RO         2993    i.USBD_CtlContinueRx  usbd_ioreq.o
    0x08002bf8   0x00000010   Code   RO         2994    i.USBD_CtlContinueSendData  usbd_ioreq.o
    0x08002c08   0x00000016   Code   RO         2928    i.USBD_CtlError     usbd_ctlreq.o
    0x08002c1e   0x0000001e   Code   RO         2995    i.USBD_CtlPrepareRx  usbd_ioreq.o
    0x08002c3c   0x00000016   Code   RO         2996    i.USBD_CtlReceiveStatus  usbd_ioreq.o
    0x08002c52   0x0000001a   Code   RO         2997    i.USBD_CtlSendData  usbd_ioreq.o
    0x08002c6c   0x00000016   Code   RO         2998    i.USBD_CtlSendStatus  usbd_ioreq.o
    0x08002c82   0x00000002   PAD
    0x08002c84   0x00000020   Code   RO          565    i.USBD_FS_ConfigStrDescriptor  usbd_desc.o
    0x08002ca4   0x0000000c   Code   RO          566    i.USBD_FS_DeviceDescriptor  usbd_desc.o
    0x08002cb0   0x00000024   Code   RO          567    i.USBD_FS_InterfaceStrDescriptor  usbd_desc.o
    0x08002cd4   0x0000000c   Code   RO          568    i.USBD_FS_LangIDStrDescriptor  usbd_desc.o
    0x08002ce0   0x00000028   Code   RO          569    i.USBD_FS_ManufacturerStrDescriptor  usbd_desc.o
    0x08002d08   0x0000002c   Code   RO          570    i.USBD_FS_ProductStrDescriptor  usbd_desc.o
    0x08002d34   0x00000038   Code   RO          571    i.USBD_FS_SerialStrDescriptor  usbd_desc.o
    0x08002d6c   0x000000e8   Code   RO         2929    i.USBD_GetDescriptor  usbd_ctlreq.o
    0x08002e54   0x00000048   Code   RO         2930    i.USBD_GetString    usbd_ctlreq.o
    0x08002e9c   0x00000018   Code   RO          366    i.USBD_Get_USB_Status  usbd_conf.o
    0x08002eb4   0x0000002a   Code   RO         2792    i.USBD_Init         usbd_core.o
    0x08002ede   0x00000012   Code   RO          367    i.USBD_LL_ClearStallEP  usbd_conf.o
    0x08002ef0   0x00000012   Code   RO          368    i.USBD_LL_CloseEP   usbd_conf.o
    0x08002f02   0x000000c6   Code   RO         2793    i.USBD_LL_DataInStage  usbd_core.o
    0x08002fc8   0x00000082   Code   RO         2794    i.USBD_LL_DataOutStage  usbd_core.o
    0x0800304a   0x00000008   Code   RO          372    i.USBD_LL_GetRxDataSize  usbd_conf.o
    0x08003052   0x00000002   PAD
    0x08003054   0x00000080   Code   RO          373    i.USBD_LL_Init      usbd_conf.o
    0x080030d4   0x00000020   Code   RO          374    i.USBD_LL_IsStallEP  usbd_conf.o
    0x080030f4   0x00000018   Code   RO          375    i.USBD_LL_OpenEP    usbd_conf.o
    0x0800310c   0x00000012   Code   RO          376    i.USBD_LL_PrepareReceive  usbd_conf.o
    0x0800311e   0x00000050   Code   RO         2799    i.USBD_LL_Reset     usbd_core.o
    0x0800316e   0x00000014   Code   RO         2800    i.USBD_LL_Resume    usbd_core.o
    0x08003182   0x00000018   Code   RO         2801    i.USBD_LL_SOF       usbd_core.o
    0x0800319a   0x00000006   Code   RO         2802    i.USBD_LL_SetSpeed  usbd_core.o
    0x080031a0   0x00000012   Code   RO          377    i.USBD_LL_SetUSBAddress  usbd_conf.o
    0x080031b2   0x0000005a   Code   RO         2803    i.USBD_LL_SetupStage  usbd_core.o
    0x0800320c   0x00000012   Code   RO          378    i.USBD_LL_StallEP   usbd_conf.o
    0x0800321e   0x00000012   Code   RO          379    i.USBD_LL_Start     usbd_conf.o
    0x08003230   0x00000012   Code   RO         2804    i.USBD_LL_Suspend   usbd_core.o
    0x08003242   0x00000012   Code   RO          381    i.USBD_LL_Transmit  usbd_conf.o
    0x08003254   0x00000028   Code   RO         2931    i.USBD_ParseSetupRequest  usbd_ctlreq.o
    0x0800327c   0x00000010   Code   RO         2805    i.USBD_RegisterClass  usbd_core.o
    0x0800328c   0x00000016   Code   RO         2807    i.USBD_SetClassConfig  usbd_core.o
    0x080032a2   0x00000002   PAD
    0x080032a4   0x00000084   Code   RO         2932    i.USBD_SetConfig    usbd_ctlreq.o
    0x08003328   0x0000000a   Code   RO         2808    i.USBD_Start        usbd_core.o
    0x08003332   0x00000112   Code   RO         2933    i.USBD_StdDevReq    usbd_ctlreq.o
    0x08003444   0x00000150   Code   RO         2934    i.USBD_StdEPReq     usbd_ctlreq.o
    0x08003594   0x0000004e   Code   RO         2935    i.USBD_StdItfReq    usbd_ctlreq.o
    0x080035e2   0x00000002   Code   RO          382    i.USBD_static_free  usbd_conf.o
    0x080035e4   0x00000008   Code   RO          383    i.USBD_static_malloc  usbd_conf.o
    0x080035ec   0x00000258   Code   RO         1129    i.USB_ActivateEndpoint  stm32f1xx_ll_usb.o
    0x08003844   0x00000004   Code   RO         1132    i.USB_CoreInit      stm32f1xx_ll_usb.o
    0x08003848   0x0000010e   Code   RO         1134    i.USB_DeactivateEndpoint  stm32f1xx_ll_usb.o
    0x08003956   0x00000004   Code   RO         1135    i.USB_DevConnect    stm32f1xx_ll_usb.o
    0x0800395a   0x00000004   Code   RO         1136    i.USB_DevDisconnect  stm32f1xx_ll_usb.o
    0x0800395e   0x00000012   Code   RO         1137    i.USB_DevInit       stm32f1xx_ll_usb.o
    0x08003970   0x0000000e   Code   RO         1138    i.USB_DisableGlobalInt  stm32f1xx_ll_usb.o
    0x0800397e   0x00000004   Code   RO         1139    i.USB_EP0_OutStart  stm32f1xx_ll_usb.o
    0x08003982   0x00000078   Code   RO         1140    i.USB_EPClearStall  stm32f1xx_ll_usb.o
    0x080039fa   0x00000032   Code   RO         1141    i.USB_EPSetStall    stm32f1xx_ll_usb.o
    0x08003a2c   0x0000060c   Code   RO         1142    i.USB_EPStartXfer   stm32f1xx_ll_usb.o
    0x08004038   0x00000012   Code   RO         1143    i.USB_EnableGlobalInt  stm32f1xx_ll_usb.o
    0x0800404a   0x00000002   PAD
    0x0800404c   0x0000000c   Code   RO          722    i.USB_LP_CAN1_RX0_IRQHandler  stm32f1xx_it.o
    0x08004058   0x00000006   Code   RO         1150    i.USB_ReadInterrupts  stm32f1xx_ll_usb.o
    0x0800405e   0x00000002   PAD
    0x08004060   0x0000002c   Code   RO         1151    i.USB_ReadPMA       stm32f1xx_ll_usb.o
    0x0800408c   0x00000004   Code   RO         1152    i.USB_SetCurrentMode  stm32f1xx_ll_usb.o
    0x08004090   0x0000000c   Code   RO         1153    i.USB_SetDevAddress  stm32f1xx_ll_usb.o
    0x0800409c   0x00000026   Code   RO         1155    i.USB_WritePMA      stm32f1xx_ll_usb.o
    0x080040c2   0x00000002   Code   RO          723    i.UsageFault_Handler  stm32f1xx_it.o
    0x080040c4   0x00000024   Code   RO         3173    i.__0vsnprintf      mc_w.l(printfa.o)
    0x080040e8   0x00000020   Code   RO         2265    i.__NVIC_SetPriority  stm32f1xx_hal_cortex.o
    0x08004108   0x0000000e   Code   RO         3239    i.__scatterload_copy  mc_w.l(handlers.o)
    0x08004116   0x00000002   Code   RO         3240    i.__scatterload_null  mc_w.l(handlers.o)
    0x08004118   0x0000000e   Code   RO         3241    i.__scatterload_zeroinit  mc_w.l(handlers.o)
    0x08004126   0x00000002   PAD
    0x08004128   0x00000164   Code   RO         3175    i._fp_digits        mc_w.l(printfa.o)
    0x0800428c   0x000006dc   Code   RO         3176    i._printf_core      mc_w.l(printfa.o)
    0x08004968   0x00000024   Code   RO         3177    i._printf_post_padding  mc_w.l(printfa.o)
    0x0800498c   0x0000002e   Code   RO         3178    i._printf_pre_padding  mc_w.l(printfa.o)
    0x080049ba   0x00000016   Code   RO         3179    i._snputc           mc_w.l(printfa.o)
    0x080049d0   0x0000005c   Code   RO          193    i.main              main.o
    0x08004a2c   0x0000001c   Code   RO           14    i.sgp30_Get_CO2Value  sgp30.o
    0x08004a48   0x00000044   Code   RO           15    i.sgp30_init        sgp30.o
    0x08004a8c   0x00000074   Code   RO           16    i.sgp30_read        sgp30.o
    0x08004b00   0x00000024   Code   RO           17    i.sgp30_send_cmd    sgp30.o
    0x08004b24   0x00000024   Code   RO          655    i.usb_printf        usbd_cdc_if.o
    0x08004b48   0x00000010   Data   RO         2754    .constdata          system_stm32f1xx.o
    0x08004b58   0x00000008   Data   RO         2755    .constdata          system_stm32f1xx.o
    0x08004b60   0x00000020   Data   RO         3237    Region$$Table       anon$$obj.o


    Execution Region RW_IRAM1 (Base: 0x20000000, Size: 0x000017d8, Max: 0x00005000, ABSOLUTE, COMPRESSED[0x000000c0])

    Base Addr    Size         Type   Attr      Idx    E Section Name        Object

    0x20000000   0x00000004   Data   RW           18    .data               sgp30.o
    0x20000004   0x00000002   Data   RW          194    .data               main.o
    0x20000006   0x00000002   PAD
    0x20000008   0x0000001c   Data   RW          573    .data               usbd_desc.o
    0x20000024   0x00000032   Data   RW          574    .data               usbd_desc.o
    0x20000056   0x00000002   PAD
    0x20000058   0x00000010   Data   RW          657    .data               usbd_cdc_if.o
    0x20000068   0x0000000c   Data   RW         1802    .data               stm32f1xx_hal.o
    0x20000074   0x00000004   Data   RW         2756    .data               system_stm32f1xx.o
    0x20000078   0x00000001   Data   RW         2936    .data               usbd_ctlreq.o
    0x20000079   0x00000003   PAD
    0x2000007c   0x000000d7   Data   RW         3068    .data               usbd_cdc.o
    0x20000153   0x00000001   PAD
    0x20000154   0x00000038   Data   RW         3069    .data               usbd_cdc.o
    0x2000018c   0x000000a8   Zero   RW          277    .bss                i2c.o
    0x20000234   0x000002c4   Zero   RW          322    .bss                usb_device.o
    0x200004f8   0x0000050c   Zero   RW          384    .bss                usbd_conf.o
    0x20000a04   0x00000200   Zero   RW          572    .bss                usbd_desc.o
    0x20000c04   0x000007d0   Zero   RW          656    .bss                usbd_cdc_if.o
    0x200013d4   0x00000004   PAD
    0x200013d8   0x00000400   Zero   RW            1    STACK               startup_stm32f103xb.o


==============================================================================

Image component sizes


      Code (inc. data)   RO Data    RW Data    ZI Data      Debug   Object Name

        76          6          0          0          0        763   gpio.o
       312         46          0          0        168       2138   i2c.o
       274         78          0          2          0       2320   main.o
       296         24          0          4          0     415335   sgp30.o
        36          8        236          0       1024        772   startup_stm32f103xb.o
       164         28          0         12          0       5637   stm32f1xx_hal.o
       198         14          0          0          0      28743   stm32f1xx_hal_cortex.o
       480         34          0          0          0       2200   stm32f1xx_hal_gpio.o
      2218         54          0          0          0      11946   stm32f1xx_hal_i2c.o
        60          8          0          0          0        778   stm32f1xx_hal_msp.o
      2980          0          0          0          0      13401   stm32f1xx_hal_pcd.o
        60          0          0          0          0       1110   stm32f1xx_hal_pcd_ex.o
      1240         88          0          0          0       4469   stm32f1xx_hal_rcc.o
       236         12          0          0          0       1316   stm32f1xx_hal_rcc_ex.o
        32          6          0          0          0       3919   stm32f1xx_it.o
      2758          0          0          0          0      15979   stm32f1xx_ll_usb.o
         2          0         24          4          0        999   system_stm32f1xx.o
        84         18          0          0        708        696   usb_device.o
       726         16          0        271          0      12462   usbd_cdc.o
       148         26          0         16       2000       4091   usbd_cdc_if.o
       556         30          0          0       1292      12645   usbd_conf.o
       670          0          0          0          0       9015   usbd_core.o
      1186         28          0          1          0       7628   usbd_ctlreq.o
       288        104          0         78        512       5337   usbd_desc.o
       132          0          0          0          0       4100   usbd_ioreq.o

    ----------------------------------------------------------------------
     15230        628        292        396       5708     567799   Object Totals
         0          0         32          0          0          0   (incl. Generated)
        18          0          0          8          4          0   (incl. Padding)

    ----------------------------------------------------------------------

      Code (inc. data)   RO Data    RW Data    ZI Data      Debug   Library Member Name

        86          0          0          0          0          0   __dczerorl2.o
         0          0          0          0          0          0   entry.o
         0          0          0          0          0          0   entry10a.o
         0          0          0          0          0          0   entry11a.o
         8          4          0          0          0          0   entry2.o
         4          0          0          0          0          0   entry5.o
         0          0          0          0          0          0   entry7b.o
         0          0          0          0          0          0   entry8b.o
         8          4          0          0          0          0   entry9a.o
        30          0          0          0          0          0   handlers.o
        36          8          0          0          0         68   init.o
         0          0          0          0          0          0   iusefp.o
        30          0          0          0          0         68   llshl.o
        36          0          0          0          0         68   llsshr.o
        32          0          0          0          0         68   llushr.o
        36          0          0          0          0         68   memcpya.o
        36          0          0          0          0        108   memseta.o
      2252         84          0          0          0        508   printfa.o
        44          0          0          0          0         80   uidiv.o
        98          0          0          0          0         92   uldiv.o
        48          0          0          0          0         68   cdrcmple.o
       334          0          0          0          0        148   dadd.o
       222          0          0          0          0        100   ddiv.o
       186          0          0          0          0        176   depilogue.o
        48          0          0          0          0         68   dfixul.o
       228          0          0          0          0         96   dmul.o

    ----------------------------------------------------------------------
      3806        100          0          0          0       1784   Library Totals
         4          0          0          0          0          0   (incl. Padding)

    ----------------------------------------------------------------------

      Code (inc. data)   RO Data    RW Data    ZI Data      Debug   Library Name

      2736        100          0          0          0       1128   mc_w.l
      1066          0          0          0          0        656   mf_w.l

    ----------------------------------------------------------------------
      3806        100          0          0          0       1784   Library Totals

    ----------------------------------------------------------------------

==============================================================================


      Code (inc. data)   RO Data    RW Data    ZI Data      Debug   

     19036        728        292        396       5708     560611   Grand Totals
     19036        728        292        192       5708     560611   ELF Image Totals (compressed)
     19036        728        292        192          0          0   ROM Totals

==============================================================================

    Total RO  Size (Code + RO Data)                19328 (  18.88kB)
    Total RW  Size (RW Data + ZI Data)              6104 (   5.96kB)
    Total ROM Size (Code + RO Data + RW Data)      19520 (  19.06kB)

==============================================================================

